

================================================================
== Vitis HLS Report for 'matrix_mult'
================================================================
* Date:           Mon May 25 21:23:55 2026

* Version:        2024.1 (Build 5069499 on May 21 2024)
* Project:        tutor3
* Solution:       solution4 (Vivado IP Flow Target)
* Product family: kintex7
* Target device:  xc7k70t-fbv676-1


================================================================
== Performance Estimates
================================================================
+ Timing: 
    * Summary: 
    +--------+---------+----------+------------+
    |  Clock |  Target | Estimated| Uncertainty|
    +--------+---------+----------+------------+
    |ap_clk  |  5.00 ns|  3.396 ns|     1.35 ns|
    +--------+---------+----------+------------+

+ Latency: 
    * Summary: 
    +---------+---------+----------+----------+-----+-----+-----------------------------------------------+
    |  Latency (cycles) |  Latency (absolute) |  Interval |                    Pipeline                   |
    |   min   |   max   |    min   |    max   | min | max |                      Type                     |
    +---------+---------+----------+----------+-----+-----+-----------------------------------------------+
    |       34|       34|  0.170 us|  0.170 us|   25|   25|  loop auto-rewind stp(delay=1 clock cycles(s))|
    +---------+---------+----------+----------+-----+-----+-----------------------------------------------+

    + Detail: 
        * Instance: 
        N/A

        * Loop: 
        +-----------+---------+---------+----------+-----------+-----------+------+----------+
        |           |  Latency (cycles) | Iteration|  Initiation Interval  | Trip |          |
        | Loop Name |   min   |   max   |  Latency |  achieved |   target  | Count| Pipelined|
        +-----------+---------+---------+----------+-----------+-----------+------+----------+
        |- Row_Col  |       32|       32|         9|          1|          1|    25|       yes|
        +-----------+---------+---------+----------+-----------+-----------+------+----------+

============================================================
+ Verbose Summary: Synthesis Manager
============================================================
InlineROM: 1
ExposeGlobal: 0
============================================================
+ Verbose Summary: CDFG Model
============================================================
IsTopModel: 1
ResetActiveHigh: 1
IsCombinational: 0
IsDatapathOnly: 0
HasWiredReturn: 1
HasMFsm: 2
HasVarLatency: 1
IsPipeline: 0
IsRtlPipelined: 0
IsInstanceOverlapped: 0
IsDontTouch: 0
HasImplIP: 0
IsGatedGlobalClock: 0

+ Individual pipeline summary: 
  * Pipeline-0: initiation interval (II) = 1, depth = 9


============================================================
+ Verbose Summary: Schedule
============================================================
* Number of FSM states : 9
* Pipeline : 1
  Pipeline-0 : II = 1, D = 9, States = { 1 2 3 4 5 6 7 8 9 }
* Dataflow Pipeline: 0

* FSM state transitions: 
1 --> 2 
2 --> 3 
3 --> 4 
4 --> 5 
5 --> 6 
6 --> 7 
7 --> 8 
8 --> 9 
9 --> 

* FSM state operations: 

State 1 <SV = 0> <Delay = 3.39>
ST_1 : Operation 12 [1/1] (0.00ns)   --->   "%indvar_flatten1 = alloca i32 1"   --->   Operation 12 'alloca' 'indvar_flatten1' <Predicate = true> <Delay = 0.00>
ST_1 : Operation 13 [1/1] (0.00ns)   --->   "%i2 = alloca i32 1"   --->   Operation 13 'alloca' 'i2' <Predicate = true> <Delay = 0.00>
ST_1 : Operation 14 [1/1] (0.00ns)   --->   "%j3 = alloca i32 1"   --->   Operation 14 'alloca' 'j3' <Predicate = true> <Delay = 0.00>
ST_1 : Operation 15 [1/1] (0.00ns)   --->   "%spectopmodule_ln0 = spectopmodule void @_ssdm_op_SpecTopModule, void @empty_1"   --->   Operation 15 'spectopmodule' 'spectopmodule_ln0' <Predicate = true> <Delay = 0.00>
ST_1 : Operation 16 [1/1] (0.00ns)   --->   "%specinterface_ln0 = specinterface void @_ssdm_op_SpecInterface, i40 %a, void @empty, i32 0, i32 0, void @empty_0, i32 4294967295, i32 0, void @empty_0, void @empty_0, void @empty_0, i32 0, i32 0, i32 0, i32 0, void @empty_0, void @empty_0, i32 4294967295, i32 0, i32 0"   --->   Operation 16 'specinterface' 'specinterface_ln0' <Predicate = true> <Delay = 0.00>
ST_1 : Operation 17 [1/1] (0.00ns)   --->   "%specbitsmap_ln0 = specbitsmap void @_ssdm_op_SpecBitsMap, i40 %a"   --->   Operation 17 'specbitsmap' 'specbitsmap_ln0' <Predicate = true> <Delay = 0.00>
ST_1 : Operation 18 [1/1] (0.00ns)   --->   "%specinterface_ln0 = specinterface void @_ssdm_op_SpecInterface, i40 %b, void @empty, i32 0, i32 0, void @empty_0, i32 4294967295, i32 0, void @empty_0, void @empty_0, void @empty_0, i32 0, i32 0, i32 0, i32 0, void @empty_0, void @empty_0, i32 4294967295, i32 0, i32 0"   --->   Operation 18 'specinterface' 'specinterface_ln0' <Predicate = true> <Delay = 0.00>
ST_1 : Operation 19 [1/1] (0.00ns)   --->   "%specbitsmap_ln0 = specbitsmap void @_ssdm_op_SpecBitsMap, i40 %b"   --->   Operation 19 'specbitsmap' 'specbitsmap_ln0' <Predicate = true> <Delay = 0.00>
ST_1 : Operation 20 [1/1] (0.00ns)   --->   "%specinterface_ln0 = specinterface void @_ssdm_op_SpecInterface, i16 %prod, void @empty, i32 0, i32 0, void @empty_0, i32 4294967295, i32 0, void @empty_0, void @empty_0, void @empty_0, i32 0, i32 0, i32 0, i32 0, void @empty_0, void @empty_0, i32 4294967295, i32 0, i32 0"   --->   Operation 20 'specinterface' 'specinterface_ln0' <Predicate = true> <Delay = 0.00>
ST_1 : Operation 21 [1/1] (0.00ns)   --->   "%specbitsmap_ln0 = specbitsmap void @_ssdm_op_SpecBitsMap, i16 %prod"   --->   Operation 21 'specbitsmap' 'specbitsmap_ln0' <Predicate = true> <Delay = 0.00>
ST_1 : Operation 22 [1/1] (1.02ns)   --->   "%store_ln0 = store i3 0, i3 %j3"   --->   Operation 22 'store' 'store_ln0' <Predicate = true> <Delay = 1.02>
ST_1 : Operation 23 [1/1] (1.02ns)   --->   "%store_ln0 = store i3 0, i3 %i2"   --->   Operation 23 'store' 'store_ln0' <Predicate = true> <Delay = 1.02>
ST_1 : Operation 24 [1/1] (1.02ns)   --->   "%store_ln0 = store i5 0, i5 %indvar_flatten1"   --->   Operation 24 'store' 'store_ln0' <Predicate = true> <Delay = 1.02>
ST_1 : Operation 25 [1/1] (1.02ns)   --->   "%br_ln0 = br void %for.inc29"   --->   Operation 25 'br' 'br_ln0' <Predicate = true> <Delay = 1.02>
ST_1 : Operation 26 [1/1] (0.00ns)   --->   "%indvar_flatten1_load = load i5 %indvar_flatten1" [matrix_mult.cpp:10]   --->   Operation 26 'load' 'indvar_flatten1_load' <Predicate = true> <Delay = 0.00>
ST_1 : Operation 27 [1/1] (1.33ns)   --->   "%add_ln10_1 = add i5 %indvar_flatten1_load, i5 1" [matrix_mult.cpp:10]   --->   Operation 27 'add' 'add_ln10_1' <Predicate = true> <Delay = 1.33> <CoreInst = "Adder">   --->   Core 1 'Adder' <Latency = 0> <II = 1> <Delay = 1.33> <FuncUnit> <Opcode : 'add' 'sub'> <InPorts = 2> <OutPorts = 1>
ST_1 : Operation 28 [1/1] (1.33ns)   --->   "%icmp_ln10 = icmp_eq  i5 %indvar_flatten1_load, i5 24" [matrix_mult.cpp:10]   --->   Operation 28 'icmp' 'icmp_ln10' <Predicate = true> <Delay = 1.33> <CoreInst = "Cmp">   --->   Core 9 'Cmp' <Latency = 0> <II = 1> <Delay = 1.33> <FuncUnit> <Opcode : 'seteq' 'setne' 'setle' 'setge' 'setlt' 'setgt'> <InPorts = 2> <OutPorts = 1>
ST_1 : Operation 29 [1/1] (1.02ns)   --->   "%store_ln10 = store i5 %add_ln10_1, i5 %indvar_flatten1" [matrix_mult.cpp:10]   --->   Operation 29 'store' 'store_ln10' <Predicate = true> <Delay = 1.02>
ST_1 : Operation 30 [1/1] (0.00ns)   --->   "%br_ln10 = br i1 %icmp_ln10, void %for.inc29, void %for.end31" [matrix_mult.cpp:10]   --->   Operation 30 'br' 'br_ln10' <Predicate = true> <Delay = 0.00>

State 2 <SV = 1> <Delay = 3.24>
ST_2 : Operation 31 [1/1] (0.00ns)   --->   "%icmp_ln124 = phi i1 0, void %entry, i1 %icmp_ln12, void %for.inc29" [matrix_mult.cpp:12]   --->   Operation 31 'phi' 'icmp_ln124' <Predicate = true> <Delay = 0.00>
ST_2 : Operation 32 [1/1] (0.00ns)   --->   "%i2_load = load i3 %i2" [matrix_mult.cpp:10]   --->   Operation 32 'load' 'i2_load' <Predicate = true> <Delay = 0.00>
ST_2 : Operation 33 [1/1] (0.00ns)   --->   "%j3_load = load i3 %j3" [matrix_mult.cpp:10]   --->   Operation 33 'load' 'j3_load' <Predicate = true> <Delay = 0.00>
ST_2 : Operation 34 [1/1] (1.16ns)   --->   "%add_ln10 = add i3 %i2_load, i3 1" [matrix_mult.cpp:10]   --->   Operation 34 'add' 'add_ln10' <Predicate = true> <Delay = 1.16> <CoreInst = "Adder">   --->   Core 1 'Adder' <Latency = 0> <II = 1> <Delay = 1.16> <FuncUnit> <Opcode : 'add' 'sub'> <InPorts = 2> <OutPorts = 1>
ST_2 : Operation 35 [1/1] (0.65ns)   --->   "%select_ln10 = select i1 %icmp_ln124, i3 0, i3 %j3_load" [matrix_mult.cpp:10]   --->   Operation 35 'select' 'select_ln10' <Predicate = true> <Delay = 0.65> <CoreInst = "Sel">   --->   Core 73 'Sel' <Latency = 0> <II = 1> <Delay = 0.65> <FuncUnit> <Opcode : 'select'> <InPorts = 3> <OutPorts = 1>
ST_2 : Operation 36 [1/1] (0.65ns)   --->   "%i = select i1 %icmp_ln124, i3 %add_ln10, i3 %i2_load" [matrix_mult.cpp:10]   --->   Operation 36 'select' 'i' <Predicate = true> <Delay = 0.65> <CoreInst = "Sel">   --->   Core 73 'Sel' <Latency = 0> <II = 1> <Delay = 0.65> <FuncUnit> <Opcode : 'select'> <InPorts = 3> <OutPorts = 1>
ST_2 : Operation 37 [1/1] (0.00ns)   --->   "%zext_ln10 = zext i3 %i" [matrix_mult.cpp:10]   --->   Operation 37 'zext' 'zext_ln10' <Predicate = true> <Delay = 0.00>
ST_2 : Operation 38 [1/1] (0.00ns)   --->   "%a_addr = getelementptr i40 %a, i64 0, i64 %zext_ln10" [matrix_mult.cpp:10]   --->   Operation 38 'getelementptr' 'a_addr' <Predicate = true> <Delay = 0.00>
ST_2 : Operation 39 [2/2] (1.42ns)   --->   "%a_load = load i3 %a_addr" [matrix_mult.cpp:10]   --->   Operation 39 'load' 'a_load' <Predicate = true> <Delay = 1.42> <CoreInst = "RAM">   --->   Core 81 'RAM' <Latency = 1> <II = 1> <Delay = 1.42> <Storage> <Opcode : 'load' 'store'> <Ports = 2> <Width = 40> <Depth = 5> <RAM>
ST_2 : Operation 40 [1/1] (0.00ns)   --->   "%zext_ln12 = zext i3 %select_ln10" [matrix_mult.cpp:12]   --->   Operation 40 'zext' 'zext_ln12' <Predicate = true> <Delay = 0.00>
ST_2 : Operation 41 [1/1] (0.00ns)   --->   "%b_addr = getelementptr i40 %b, i64 0, i64 %zext_ln12" [matrix_mult.cpp:16]   --->   Operation 41 'getelementptr' 'b_addr' <Predicate = true> <Delay = 0.00>
ST_2 : Operation 42 [2/2] (1.42ns)   --->   "%b_load = load i3 %b_addr" [matrix_mult.cpp:16]   --->   Operation 42 'load' 'b_load' <Predicate = true> <Delay = 1.42> <CoreInst = "RAM">   --->   Core 81 'RAM' <Latency = 1> <II = 1> <Delay = 1.42> <Storage> <Opcode : 'load' 'store'> <Ports = 2> <Width = 40> <Depth = 5> <RAM>
ST_2 : Operation 43 [1/1] (1.16ns)   --->   "%j = add i3 %select_ln10, i3 1" [matrix_mult.cpp:12]   --->   Operation 43 'add' 'j' <Predicate = true> <Delay = 1.16> <CoreInst = "Adder">   --->   Core 1 'Adder' <Latency = 0> <II = 1> <Delay = 1.16> <FuncUnit> <Opcode : 'add' 'sub'> <InPorts = 2> <OutPorts = 1>
ST_2 : Operation 44 [1/1] (1.16ns)   --->   "%icmp_ln12 = icmp_eq  i3 %j, i3 5" [matrix_mult.cpp:12]   --->   Operation 44 'icmp' 'icmp_ln12' <Predicate = true> <Delay = 1.16> <CoreInst = "Cmp">   --->   Core 9 'Cmp' <Latency = 0> <II = 1> <Delay = 1.16> <FuncUnit> <Opcode : 'seteq' 'setne' 'setle' 'setge' 'setlt' 'setgt'> <InPorts = 2> <OutPorts = 1>
ST_2 : Operation 45 [1/1] (1.02ns)   --->   "%store_ln12 = store i3 %j, i3 %j3" [matrix_mult.cpp:12]   --->   Operation 45 'store' 'store_ln12' <Predicate = true> <Delay = 1.02>
ST_2 : Operation 46 [1/1] (1.02ns)   --->   "%store_ln10 = store i3 %i, i3 %i2" [matrix_mult.cpp:10]   --->   Operation 46 'store' 'store_ln10' <Predicate = true> <Delay = 1.02>

State 3 <SV = 2> <Delay = 2.51>
ST_3 : Operation 47 [1/1] (0.00ns)   --->   "%select_ln10_1_cast = zext i3 %i" [matrix_mult.cpp:10]   --->   Operation 47 'zext' 'select_ln10_1_cast' <Predicate = true> <Delay = 0.00>
ST_3 : Operation 48 [1/1] (0.00ns)   --->   "%tmp = bitconcatenate i5 @_ssdm_op_BitConcatenate.i5.i3.i2, i3 %i, i2 0" [matrix_mult.cpp:16]   --->   Operation 48 'bitconcatenate' 'tmp' <Predicate = true> <Delay = 0.00>
ST_3 : Operation 49 [1/1] (0.00ns) (grouped into TernaryAdder)   --->   "%mul_ln16_5 = add i5 %tmp, i5 %select_ln10_1_cast" [matrix_mult.cpp:16]   --->   Operation 49 'add' 'mul_ln16_5' <Predicate = true> <Delay = 0.00> <CoreInst = "TAddSub">   --->   Core 10 'TAddSub' <Latency = 0> <II = 1> <Delay = 1.10> <IPBlock> <Opcode : '' 'add' 'sub'> <InPorts = 3> <OutPorts = 1> <Sync> <CReg>
ST_3 : Operation 50 [1/2] (1.42ns)   --->   "%a_load = load i3 %a_addr" [matrix_mult.cpp:10]   --->   Operation 50 'load' 'a_load' <Predicate = true> <Delay = 1.42> <CoreInst = "RAM">   --->   Core 81 'RAM' <Latency = 1> <II = 1> <Delay = 1.42> <Storage> <Opcode : 'load' 'store'> <Ports = 2> <Width = 40> <Depth = 5> <RAM>
ST_3 : Operation 51 [1/1] (0.00ns)   --->   "%empty = trunc i40 %a_load" [matrix_mult.cpp:10]   --->   Operation 51 'trunc' 'empty' <Predicate = true> <Delay = 0.00>
ST_3 : Operation 52 [1/1] (0.00ns)   --->   "%conv = sext i8 %empty" [matrix_mult.cpp:10]   --->   Operation 52 'sext' 'conv' <Predicate = true> <Delay = 0.00>
ST_3 : Operation 53 [1/1] (0.00ns)   --->   "%tmp5 = partselect i8 @_ssdm_op_PartSelect.i8.i40.i32.i32, i40 %a_load, i32 8, i32 15" [matrix_mult.cpp:10]   --->   Operation 53 'partselect' 'tmp5' <Predicate = true> <Delay = 0.00>
ST_3 : Operation 54 [1/1] (0.00ns)   --->   "%tmp_s = partselect i8 @_ssdm_op_PartSelect.i8.i40.i32.i32, i40 %a_load, i32 16, i32 23" [matrix_mult.cpp:10]   --->   Operation 54 'partselect' 'tmp_s' <Predicate = true> <Delay = 0.00>
ST_3 : Operation 55 [1/1] (0.00ns)   --->   "%tmp_1 = partselect i8 @_ssdm_op_PartSelect.i8.i40.i32.i32, i40 %a_load, i32 24, i32 31" [matrix_mult.cpp:10]   --->   Operation 55 'partselect' 'tmp_1' <Predicate = true> <Delay = 0.00>
ST_3 : Operation 56 [1/1] (0.00ns)   --->   "%tmp_2 = partselect i8 @_ssdm_op_PartSelect.i8.i40.i32.i32, i40 %a_load, i32 32, i32 39" [matrix_mult.cpp:10]   --->   Operation 56 'partselect' 'tmp_2' <Predicate = true> <Delay = 0.00>
ST_3 : Operation 57 [1/1] (0.00ns)   --->   "%conv_4 = sext i8 %tmp_2" [matrix_mult.cpp:10]   --->   Operation 57 'sext' 'conv_4' <Predicate = true> <Delay = 0.00>
ST_3 : Operation 58 [1/1] (0.00ns)   --->   "%zext_ln16 = zext i3 %select_ln10" [matrix_mult.cpp:16]   --->   Operation 58 'zext' 'zext_ln16' <Predicate = true> <Delay = 0.00>
ST_3 : Operation 59 [1/1] (2.20ns) (root node of TernaryAdder)   --->   "%add_ln16_4 = add i5 %mul_ln16_5, i5 %zext_ln16" [matrix_mult.cpp:16]   --->   Operation 59 'add' 'add_ln16_4' <Predicate = true> <Delay = 2.20> <CoreInst = "TAddSub">   --->   Core 10 'TAddSub' <Latency = 0> <II = 1> <Delay = 1.10> <IPBlock> <Opcode : '' 'add' 'sub'> <InPorts = 3> <OutPorts = 1> <Sync> <CReg>
ST_3 : Operation 60 [1/2] (1.42ns)   --->   "%b_load = load i3 %b_addr" [matrix_mult.cpp:16]   --->   Operation 60 'load' 'b_load' <Predicate = true> <Delay = 1.42> <CoreInst = "RAM">   --->   Core 81 'RAM' <Latency = 1> <II = 1> <Delay = 1.42> <Storage> <Opcode : 'load' 'store'> <Ports = 2> <Width = 40> <Depth = 5> <RAM>
ST_3 : Operation 61 [1/1] (0.00ns)   --->   "%trunc_ln16 = trunc i40 %b_load" [matrix_mult.cpp:16]   --->   Operation 61 'trunc' 'trunc_ln16' <Predicate = true> <Delay = 0.00>
ST_3 : Operation 62 [1/1] (0.00ns)   --->   "%sext_ln16 = sext i8 %trunc_ln16" [matrix_mult.cpp:16]   --->   Operation 62 'sext' 'sext_ln16' <Predicate = true> <Delay = 0.00>
ST_3 : Operation 63 [1/1] (0.00ns)   --->   "%tmp_3 = partselect i8 @_ssdm_op_PartSelect.i8.i40.i32.i32, i40 %b_load, i32 8, i32 15" [matrix_mult.cpp:16]   --->   Operation 63 'partselect' 'tmp_3' <Predicate = true> <Delay = 0.00>
ST_3 : Operation 64 [1/1] (0.00ns)   --->   "%tmp_4 = partselect i8 @_ssdm_op_PartSelect.i8.i40.i32.i32, i40 %b_load, i32 16, i32 23" [matrix_mult.cpp:16]   --->   Operation 64 'partselect' 'tmp_4' <Predicate = true> <Delay = 0.00>
ST_3 : Operation 65 [1/1] (0.00ns)   --->   "%tmp_5 = partselect i8 @_ssdm_op_PartSelect.i8.i40.i32.i32, i40 %b_load, i32 24, i32 31" [matrix_mult.cpp:16]   --->   Operation 65 'partselect' 'tmp_5' <Predicate = true> <Delay = 0.00>
ST_3 : Operation 66 [1/1] (0.00ns)   --->   "%tmp_6 = partselect i8 @_ssdm_op_PartSelect.i8.i40.i32.i32, i40 %b_load, i32 32, i32 39" [matrix_mult.cpp:16]   --->   Operation 66 'partselect' 'tmp_6' <Predicate = true> <Delay = 0.00>
ST_3 : Operation 67 [1/1] (0.00ns)   --->   "%sext_ln16_4 = sext i8 %tmp_6" [matrix_mult.cpp:16]   --->   Operation 67 'sext' 'sext_ln16_4' <Predicate = true> <Delay = 0.00>
ST_3 : Operation 68 [3/3] (1.09ns) (grouped into DSP with root node add_ln16_1)   --->   "%mul_ln16_1 = mul i16 %sext_ln16_4, i16 %conv_4" [matrix_mult.cpp:16]   --->   Operation 68 'mul' 'mul_ln16_1' <Predicate = true> <Delay = 1.09> <CoreInst = "DSP48">   --->   Core 116 'DSP48' <Latency = 3> <II = 1> <Delay = 1.82> <IPBlock> <Opcode : '' 'add' 'sub' 'mul' 'select'> <InPorts = 0> <OutPorts = 1> <Sync> <CReg>
ST_3 : Operation 69 [3/3] (1.09ns) (grouped into DSP with root node add_ln16)   --->   "%mul_ln16_3 = mul i16 %sext_ln16, i16 %conv" [matrix_mult.cpp:16]   --->   Operation 69 'mul' 'mul_ln16_3' <Predicate = true> <Delay = 1.09> <CoreInst = "DSP48">   --->   Core 116 'DSP48' <Latency = 3> <II = 1> <Delay = 1.82> <IPBlock> <Opcode : '' 'add' 'sub' 'mul' 'select'> <InPorts = 0> <OutPorts = 1> <Sync> <CReg>

State 4 <SV = 3> <Delay = 3.29>
ST_4 : Operation 70 [1/1] (0.00ns)   --->   "%conv_1 = sext i8 %tmp5" [matrix_mult.cpp:10]   --->   Operation 70 'sext' 'conv_1' <Predicate = true> <Delay = 0.00>
ST_4 : Operation 71 [1/1] (0.00ns)   --->   "%conv_3 = sext i8 %tmp_1" [matrix_mult.cpp:10]   --->   Operation 71 'sext' 'conv_3' <Predicate = true> <Delay = 0.00>
ST_4 : Operation 72 [1/1] (0.00ns)   --->   "%sext_ln16_1 = sext i8 %tmp_3" [matrix_mult.cpp:16]   --->   Operation 72 'sext' 'sext_ln16_1' <Predicate = true> <Delay = 0.00>
ST_4 : Operation 73 [1/1] (0.00ns)   --->   "%sext_ln16_3 = sext i8 %tmp_5" [matrix_mult.cpp:16]   --->   Operation 73 'sext' 'sext_ln16_3' <Predicate = true> <Delay = 0.00>
ST_4 : Operation 74 [2/3] (1.09ns) (grouped into DSP with root node add_ln16_1)   --->   "%mul_ln16_1 = mul i16 %sext_ln16_4, i16 %conv_4" [matrix_mult.cpp:16]   --->   Operation 74 'mul' 'mul_ln16_1' <Predicate = true> <Delay = 1.09> <CoreInst = "DSP48">   --->   Core 116 'DSP48' <Latency = 3> <II = 1> <Delay = 1.82> <IPBlock> <Opcode : '' 'add' 'sub' 'mul' 'select'> <InPorts = 0> <OutPorts = 1> <Sync> <CReg>
ST_4 : Operation 75 [1/1] (3.29ns)   --->   "%mul_ln16_2 = mul i16 %sext_ln16_3, i16 %conv_3" [matrix_mult.cpp:16]   --->   Operation 75 'mul' 'mul_ln16_2' <Predicate = true> <Delay = 3.29> <CoreInst = "Multiplier">   --->   Core 3 'Multiplier' <Latency = 0> <II = 1> <Delay = 3.29> <FuncUnit> <Opcode : 'mul'> <InPorts = 2> <OutPorts = 1>
ST_4 : Operation 76 [2/3] (1.09ns) (grouped into DSP with root node add_ln16)   --->   "%mul_ln16_3 = mul i16 %sext_ln16, i16 %conv" [matrix_mult.cpp:16]   --->   Operation 76 'mul' 'mul_ln16_3' <Predicate = true> <Delay = 1.09> <CoreInst = "DSP48">   --->   Core 116 'DSP48' <Latency = 3> <II = 1> <Delay = 1.82> <IPBlock> <Opcode : '' 'add' 'sub' 'mul' 'select'> <InPorts = 0> <OutPorts = 1> <Sync> <CReg>
ST_4 : Operation 77 [1/1] (3.29ns)   --->   "%mul_ln16_4 = mul i16 %sext_ln16_1, i16 %conv_1" [matrix_mult.cpp:16]   --->   Operation 77 'mul' 'mul_ln16_4' <Predicate = true> <Delay = 3.29> <CoreInst = "Multiplier">   --->   Core 3 'Multiplier' <Latency = 0> <II = 1> <Delay = 3.29> <FuncUnit> <Opcode : 'mul'> <InPorts = 2> <OutPorts = 1>

State 5 <SV = 4> <Delay = 1.78>
ST_5 : Operation 78 [1/1] (0.00ns)   --->   "%conv_2 = sext i8 %tmp_s" [matrix_mult.cpp:10]   --->   Operation 78 'sext' 'conv_2' <Predicate = true> <Delay = 0.00>
ST_5 : Operation 79 [1/1] (0.00ns)   --->   "%sext_ln16_2 = sext i8 %tmp_4" [matrix_mult.cpp:16]   --->   Operation 79 'sext' 'sext_ln16_2' <Predicate = true> <Delay = 0.00>
ST_5 : Operation 80 [3/3] (1.09ns) (grouped into DSP with root node add_ln16_2)   --->   "%mul_ln16 = mul i16 %sext_ln16_2, i16 %conv_2" [matrix_mult.cpp:16]   --->   Operation 80 'mul' 'mul_ln16' <Predicate = true> <Delay = 1.09> <CoreInst = "DSP48">   --->   Core 116 'DSP48' <Latency = 3> <II = 1> <Delay = 1.82> <IPBlock> <Opcode : '' 'add' 'sub' 'mul' 'select'> <InPorts = 0> <OutPorts = 1> <Sync> <CReg>
ST_5 : Operation 81 [1/3] (0.00ns) (grouped into DSP with root node add_ln16_1)   --->   "%mul_ln16_1 = mul i16 %sext_ln16_4, i16 %conv_4" [matrix_mult.cpp:16]   --->   Operation 81 'mul' 'mul_ln16_1' <Predicate = true> <Delay = 0.00> <CoreInst = "DSP48">   --->   Core 116 'DSP48' <Latency = 3> <II = 1> <Delay = 1.82> <IPBlock> <Opcode : '' 'add' 'sub' 'mul' 'select'> <InPorts = 0> <OutPorts = 1> <Sync> <CReg>
ST_5 : Operation 82 [1/3] (0.00ns) (grouped into DSP with root node add_ln16)   --->   "%mul_ln16_3 = mul i16 %sext_ln16, i16 %conv" [matrix_mult.cpp:16]   --->   Operation 82 'mul' 'mul_ln16_3' <Predicate = true> <Delay = 0.00> <CoreInst = "DSP48">   --->   Core 116 'DSP48' <Latency = 3> <II = 1> <Delay = 1.82> <IPBlock> <Opcode : '' 'add' 'sub' 'mul' 'select'> <InPorts = 0> <OutPorts = 1> <Sync> <CReg>
ST_5 : Operation 83 [2/2] (1.78ns) (root node of the DSP)   --->   "%add_ln16 = add i16 %mul_ln16_4, i16 %mul_ln16_3" [matrix_mult.cpp:16]   --->   Operation 83 'add' 'add_ln16' <Predicate = true> <Delay = 1.78> <CoreInst = "DSP48">   --->   Core 116 'DSP48' <Latency = 3> <II = 1> <Delay = 1.82> <IPBlock> <Opcode : '' 'add' 'sub' 'mul' 'select'> <InPorts = 0> <OutPorts = 1> <Sync> <CReg>
ST_5 : Operation 84 [2/2] (1.78ns) (root node of the DSP)   --->   "%add_ln16_1 = add i16 %mul_ln16_2, i16 %mul_ln16_1" [matrix_mult.cpp:16]   --->   Operation 84 'add' 'add_ln16_1' <Predicate = true> <Delay = 1.78> <CoreInst = "DSP48">   --->   Core 116 'DSP48' <Latency = 3> <II = 1> <Delay = 1.82> <IPBlock> <Opcode : '' 'add' 'sub' 'mul' 'select'> <InPorts = 0> <OutPorts = 1> <Sync> <CReg>

State 6 <SV = 5> <Delay = 1.78>
ST_6 : Operation 85 [2/3] (1.09ns) (grouped into DSP with root node add_ln16_2)   --->   "%mul_ln16 = mul i16 %sext_ln16_2, i16 %conv_2" [matrix_mult.cpp:16]   --->   Operation 85 'mul' 'mul_ln16' <Predicate = true> <Delay = 1.09> <CoreInst = "DSP48">   --->   Core 116 'DSP48' <Latency = 3> <II = 1> <Delay = 1.82> <IPBlock> <Opcode : '' 'add' 'sub' 'mul' 'select'> <InPorts = 0> <OutPorts = 1> <Sync> <CReg>
ST_6 : Operation 86 [1/2] (1.78ns) (root node of the DSP)   --->   "%add_ln16 = add i16 %mul_ln16_4, i16 %mul_ln16_3" [matrix_mult.cpp:16]   --->   Operation 86 'add' 'add_ln16' <Predicate = true> <Delay = 1.78> <CoreInst = "DSP48">   --->   Core 116 'DSP48' <Latency = 3> <II = 1> <Delay = 1.82> <IPBlock> <Opcode : '' 'add' 'sub' 'mul' 'select'> <InPorts = 0> <OutPorts = 1> <Sync> <CReg>
ST_6 : Operation 87 [1/2] (1.78ns) (root node of the DSP)   --->   "%add_ln16_1 = add i16 %mul_ln16_2, i16 %mul_ln16_1" [matrix_mult.cpp:16]   --->   Operation 87 'add' 'add_ln16_1' <Predicate = true> <Delay = 1.78> <CoreInst = "DSP48">   --->   Core 116 'DSP48' <Latency = 3> <II = 1> <Delay = 1.82> <IPBlock> <Opcode : '' 'add' 'sub' 'mul' 'select'> <InPorts = 0> <OutPorts = 1> <Sync> <CReg>

State 7 <SV = 6> <Delay = 1.78>
ST_7 : Operation 88 [1/3] (0.00ns) (grouped into DSP with root node add_ln16_2)   --->   "%mul_ln16 = mul i16 %sext_ln16_2, i16 %conv_2" [matrix_mult.cpp:16]   --->   Operation 88 'mul' 'mul_ln16' <Predicate = true> <Delay = 0.00> <CoreInst = "DSP48">   --->   Core 116 'DSP48' <Latency = 3> <II = 1> <Delay = 1.82> <IPBlock> <Opcode : '' 'add' 'sub' 'mul' 'select'> <InPorts = 0> <OutPorts = 1> <Sync> <CReg>
ST_7 : Operation 89 [2/2] (1.78ns) (root node of the DSP)   --->   "%add_ln16_2 = add i16 %add_ln16_1, i16 %mul_ln16" [matrix_mult.cpp:16]   --->   Operation 89 'add' 'add_ln16_2' <Predicate = true> <Delay = 1.78> <CoreInst = "DSP48">   --->   Core 116 'DSP48' <Latency = 3> <II = 1> <Delay = 1.82> <IPBlock> <Opcode : '' 'add' 'sub' 'mul' 'select'> <InPorts = 0> <OutPorts = 1> <Sync> <CReg>

State 8 <SV = 7> <Delay = 3.26>
ST_8 : Operation 90 [1/2] (1.78ns) (root node of the DSP)   --->   "%add_ln16_2 = add i16 %add_ln16_1, i16 %mul_ln16" [matrix_mult.cpp:16]   --->   Operation 90 'add' 'add_ln16_2' <Predicate = true> <Delay = 1.78> <CoreInst = "DSP48">   --->   Core 116 'DSP48' <Latency = 3> <II = 1> <Delay = 1.82> <IPBlock> <Opcode : '' 'add' 'sub' 'mul' 'select'> <InPorts = 0> <OutPorts = 1> <Sync> <CReg>
ST_8 : Operation 91 [1/1] (1.48ns)   --->   "%add_ln16_3 = add i16 %add_ln16_2, i16 %add_ln16" [matrix_mult.cpp:16]   --->   Operation 91 'add' 'add_ln16_3' <Predicate = true> <Delay = 1.48> <CoreInst = "Adder">   --->   Core 1 'Adder' <Latency = 0> <II = 1> <Delay = 1.48> <FuncUnit> <Opcode : 'add' 'sub'> <InPorts = 2> <OutPorts = 1>

State 9 <SV = 8> <Delay = 1.42>
ST_9 : Operation 92 [1/1] (0.00ns)   --->   "%specloopname_ln0 = specloopname void @_ssdm_op_SpecLoopName, void @Row_Col_str"   --->   Operation 92 'specloopname' 'specloopname_ln0' <Predicate = true> <Delay = 0.00>
ST_9 : Operation 93 [1/1] (0.00ns)   --->   "%speclooptripcount_ln0 = speclooptripcount void @_ssdm_op_SpecLoopTripCount, i64 25, i64 25, i64 25"   --->   Operation 93 'speclooptripcount' 'speclooptripcount_ln0' <Predicate = true> <Delay = 0.00>
ST_9 : Operation 94 [1/1] (0.00ns)   --->   "%zext_ln16_1 = zext i5 %add_ln16_4" [matrix_mult.cpp:16]   --->   Operation 94 'zext' 'zext_ln16_1' <Predicate = true> <Delay = 0.00>
ST_9 : Operation 95 [1/1] (0.00ns)   --->   "%prod_addr = getelementptr i16 %prod, i64 0, i64 %zext_ln16_1" [matrix_mult.cpp:16]   --->   Operation 95 'getelementptr' 'prod_addr' <Predicate = true> <Delay = 0.00>
ST_9 : Operation 96 [1/1] (0.00ns)   --->   "%specpipeline_ln8 = specpipeline void @_ssdm_op_SpecPipeline, i32 4294967295, i32 0, i32 0, i32 0, void @empty_0" [C:/XinlinxHLS/tutor3/solution4/directives.tcl:8]   --->   Operation 96 'specpipeline' 'specpipeline_ln8' <Predicate = true> <Delay = 0.00>
ST_9 : Operation 97 [1/1] (1.42ns)   --->   "%store_ln16 = store i16 %add_ln16_3, i5 %prod_addr" [matrix_mult.cpp:16]   --->   Operation 97 'store' 'store_ln16' <Predicate = true> <Delay = 1.42> <CoreInst = "RAM">   --->   Core 81 'RAM' <Latency = 1> <II = 1> <Delay = 1.42> <Storage> <Opcode : 'load' 'store'> <Ports = 2> <Width = 16> <Depth = 25> <RAM>
ST_9 : Operation 98 [1/1] (1.02ns)   --->   "%ret_ln21 = ret" [matrix_mult.cpp:21]   --->   Operation 98 'ret' 'ret_ln21' <Predicate = (icmp_ln10)> <Delay = 1.02>


============================================================
+ Verbose Summary: Timing violations
============================================================
Target clock period: 5.000ns, clock uncertainty: 1.350ns.

 <State 1>: 3.396ns
The critical path consists of the following:
	'store' operation 0 bit ('store_ln0') of constant 0 on local variable 'indvar_flatten1' [16]  (1.029 ns)
	'load' operation 5 bit ('indvar_flatten1_load', matrix_mult.cpp:10) on local variable 'indvar_flatten1' [20]  (0.000 ns)
	'add' operation 5 bit ('add_ln10_1', matrix_mult.cpp:10) [73]  (1.338 ns)
	'store' operation 0 bit ('store_ln10', matrix_mult.cpp:10) of variable 'add_ln10_1', matrix_mult.cpp:10 on local variable 'indvar_flatten1' [78]  (1.029 ns)

 <State 2>: 3.242ns
The critical path consists of the following:
	'load' operation 3 bit ('i2_load', matrix_mult.cpp:10) on local variable 'i2' [21]  (0.000 ns)
	'add' operation 3 bit ('add_ln10', matrix_mult.cpp:10) [23]  (1.163 ns)
	'select' operation 3 bit ('i', matrix_mult.cpp:10) [27]  (0.654 ns)
	'getelementptr' operation 3 bit ('a_addr', matrix_mult.cpp:10) [32]  (0.000 ns)
	'load' operation 40 bit ('a_load', matrix_mult.cpp:10) on array 'a' [33]  (1.425 ns)

 <State 3>: 2.515ns
The critical path consists of the following:
	'load' operation 40 bit ('a_load', matrix_mult.cpp:10) on array 'a' [33]  (1.425 ns)
	'mul' operation 16 bit of DSP[68] ('mul_ln16_1', matrix_mult.cpp:16) [63]  (1.090 ns)

 <State 4>: 3.290ns
The critical path consists of the following:
	'mul' operation 16 bit ('mul_ln16_2', matrix_mult.cpp:16) [64]  (3.290 ns)

 <State 5>: 1.780ns
The critical path consists of the following:
	'mul' operation 16 bit of DSP[67] ('mul_ln16_3', matrix_mult.cpp:16) [65]  (0.000 ns)
	'add' operation 16 bit of DSP[67] ('add_ln16', matrix_mult.cpp:16) [67]  (1.780 ns)

 <State 6>: 1.780ns
The critical path consists of the following:
	'add' operation 16 bit of DSP[67] ('add_ln16', matrix_mult.cpp:16) [67]  (1.780 ns)

 <State 7>: 1.780ns
The critical path consists of the following:
	'mul' operation 16 bit of DSP[69] ('mul_ln16', matrix_mult.cpp:16) [62]  (0.000 ns)
	'add' operation 16 bit of DSP[69] ('add_ln16_2', matrix_mult.cpp:16) [69]  (1.780 ns)

 <State 8>: 3.268ns
The critical path consists of the following:
	'add' operation 16 bit of DSP[69] ('add_ln16_2', matrix_mult.cpp:16) [69]  (1.780 ns)
	'add' operation 16 bit ('add_ln16_3', matrix_mult.cpp:16) [70]  (1.488 ns)

 <State 9>: 1.425ns
The critical path consists of the following:
	'getelementptr' operation 5 bit ('prod_addr', matrix_mult.cpp:16) [48]  (0.000 ns)
	'store' operation 0 bit ('store_ln16', matrix_mult.cpp:16) of variable 'add_ln16_3', matrix_mult.cpp:16 on array 'prod' [71]  (1.425 ns)


============================================================
+ Verbose Summary: Binding
============================================================
N/A
* FSMD analyzer results:
  - Output states:
 - Input state : 
  - Chain level:
	State 1
	State 2
	State 3
	State 4
	State 5
	State 6
	State 7
	State 8
	State 9


============================================================
+ Verbose Summary: Datapath Resource usage 
============================================================
N/A
