

================================================================
== Vitis HLS Report for 'matrix_mult'
================================================================
* Date:           Mon May 25 21:23:55 2026

* Version:        2024.1 (Build 5069499 on May 21 2024)
* Project:        tutor3
* Solution:       solution4 (Vivado IP Flow Target)
* Product family: kintex7
* Target device:  xc7k70t-fbv676-1


================================================================
== Performance Estimates
================================================================
+ Timing: 
    * Summary: 
    +--------+---------+----------+------------+
    |  Clock |  Target | Estimated| Uncertainty|
    +--------+---------+----------+------------+
    |ap_clk  |  5.00 ns|  3.396 ns|     1.35 ns|
    +--------+---------+----------+------------+

+ Latency: 
    * Summary: 
    +---------+---------+----------+----------+-----+-----+-----------------------------------------------+
    |  Latency (cycles) |  Latency (absolute) |  Interval |                    Pipeline                   |
    |   min   |   max   |    min   |    max   | min | max |                      Type                     |
    +---------+---------+----------+----------+-----+-----+-----------------------------------------------+
    |       34|       34|  0.170 us|  0.170 us|   25|   25|  loop auto-rewind stp(delay=1 clock cycles(s))|
    +---------+---------+----------+----------+-----+-----+-----------------------------------------------+

    + Detail: 
        * Instance: 
        N/A

        * Loop: 
        +-----------+---------+---------+----------+-----------+-----------+------+----------+
        |           |  Latency (cycles) | Iteration|  Initiation Interval  | Trip |          |
        | Loop Name |   min   |   max   |  Latency |  achieved |   target  | Count| Pipelined|
        +-----------+---------+---------+----------+-----------+-----------+------+----------+
        |- Row_Col  |       32|       32|         9|          1|          1|    25|       yes|
        +-----------+---------+---------+----------+-----------+-----------+------+----------+



================================================================
== Utilization Estimates
================================================================
* Summary: 
+-----------------+---------+-----+-------+-------+-----+
|       Name      | BRAM_18K| DSP |   FF  |  LUT  | URAM|
+-----------------+---------+-----+-------+-------+-----+
|DSP              |        -|    3|      -|      -|    -|
|Expression       |        -|    -|      0|    114|    -|
|FIFO             |        -|    -|      -|      -|    -|
|Instance         |        -|    0|      0|     82|    -|
|Memory           |        -|    -|      -|      -|    -|
|Multiplexer      |        -|    -|      0|     63|    -|
|Register         |        -|    -|    332|     64|    -|
+-----------------+---------+-----+-------+-------+-----+
|Total            |        0|    3|    332|    323|    0|
+-----------------+---------+-----+-------+-------+-----+
|Available        |      270|  240|  82000|  41000|    0|
+-----------------+---------+-----+-------+-------+-----+
|Utilization (%)  |        0|    1|     ~0|     ~0|    0|
+-----------------+---------+-----+-------+-------+-----+

+ Detail: 
    * Instance: 
    +---------------------+------------------+---------+----+---+----+-----+
    |       Instance      |      Module      | BRAM_18K| DSP| FF| LUT| URAM|
    +---------------------+------------------+---------+----+---+----+-----+
    |mul_8s_8s_16_1_1_U1  |mul_8s_8s_16_1_1  |        0|   0|  0|  41|    0|
    |mul_8s_8s_16_1_1_U2  |mul_8s_8s_16_1_1  |        0|   0|  0|  41|    0|
    +---------------------+------------------+---------+----+---+----+-----+
    |Total                |                  |        0|   0|  0|  82|    0|
    +---------------------+------------------+---------+----+---+----+-----+

    * DSP: 
    +---------------------------------+------------------------------+--------------+
    |             Instance            |            Module            |  Expression  |
    +---------------------------------+------------------------------+--------------+
    |mac_muladd_8s_8s_16ns_16_4_1_U5  |mac_muladd_8s_8s_16ns_16_4_1  |  i0 + i1 * i2|
    |mac_muladd_8s_8s_16s_16_4_1_U3   |mac_muladd_8s_8s_16s_16_4_1   |  i0 + i1 * i2|
    |mac_muladd_8s_8s_16s_16_4_1_U4   |mac_muladd_8s_8s_16s_16_4_1   |  i0 + i1 * i2|
    +---------------------------------+------------------------------+--------------+

    * Memory: 
    N/A

    * FIFO: 
    N/A

    * Expression: 
    +-----------------------+----------+----+---+----+------------+------------+
    |     Variable Name     | Operation| DSP| FF| LUT| Bitwidth P0| Bitwidth P1|
    +-----------------------+----------+----+---+----+------------+------------+
    |add_ln10_1_fu_152_p2   |         +|   0|  0|  13|           5|           1|
    |add_ln10_fu_175_p2     |         +|   0|  0|  11|           3|           1|
    |add_ln16_3_fu_388_p2   |         +|   0|  0|  23|          16|          16|
    |add_ln16_4_fu_300_p2   |         +|   0|  0|   7|           5|           5|
    |j_fu_207_p2            |         +|   0|  0|  11|           3|           1|
    |mul_ln16_5_fu_239_p2   |         +|   0|  0|   7|           5|           5|
    |ap_condition_196       |       and|   0|  0|   6|           1|           1|
    |icmp_ln10_fu_158_p2    |      icmp|   0|  0|  13|           5|           5|
    |icmp_ln12_fu_213_p2    |      icmp|   0|  0|  11|           3|           3|
    |i_fu_189_p3            |    select|   0|  0|   3|           1|           3|
    |select_ln10_fu_181_p3  |    select|   0|  0|   3|           1|           1|
    |ap_enable_pp0          |       xor|   0|  0|   6|           1|           2|
    +-----------------------+----------+----+---+----+------------+------------+
    |Total                  |          |   0|  0| 114|          49|          44|
    +-----------------------+----------+----+---+----+------------+------------+

    * Multiplexer: 
    +---------------------------------------+----+-----------+-----+-----------+
    |                  Name                 | LUT| Input Size| Bits| Total Bits|
    +---------------------------------------+----+-----------+-----+-----------+
    |ap_done_int                            |   9|          2|    1|          2|
    |ap_loop_exit_ready_pp0_iter8_reg       |   9|          2|    1|          2|
    |ap_phi_mux_icmp_ln124_phi_fu_127_p4    |   9|          2|    1|          2|
    |ap_sig_allocacmp_indvar_flatten1_load  |   9|          2|    5|         10|
    |i2_fu_76                               |   9|          2|    3|          6|
    |indvar_flatten1_fu_72                  |   9|          2|    5|         10|
    |j3_fu_80                               |   9|          2|    3|          6|
    +---------------------------------------+----+-----------+-----+-----------+
    |Total                                  |  63|         14|   19|         38|
    +---------------------------------------+----+-----------+-----+-----------+

    * Register: 
    +--------------------------------------------------+----+----+-----+-----------+
    |                       Name                       | FF | LUT| Bits| Const Bits|
    +--------------------------------------------------+----+----+-----+-----------+
    |add_ln16_1_reg_549                                |  16|   0|   16|          0|
    |add_ln16_3_reg_554                                |  16|   0|   16|          0|
    |add_ln16_4_reg_494                                |   5|   0|    5|          0|
    |add_ln16_reg_544                                  |  16|   0|   16|          0|
    |add_ln16_reg_544_pp0_iter6_reg                    |  16|   0|   16|          0|
    |ap_CS_fsm                                         |   1|   0|    1|          0|
    |ap_condition_exit_pp0_iter0_stage0_pp0_iter1_reg  |   1|   0|    1|          0|
    |ap_done_reg                                       |   1|   0|    1|          0|
    |ap_enable_reg_pp0_iter1                           |   1|   0|    1|          0|
    |ap_enable_reg_pp0_iter2                           |   1|   0|    1|          0|
    |ap_enable_reg_pp0_iter3                           |   1|   0|    1|          0|
    |ap_enable_reg_pp0_iter4                           |   1|   0|    1|          0|
    |ap_enable_reg_pp0_iter5                           |   1|   0|    1|          0|
    |ap_enable_reg_pp0_iter6                           |   1|   0|    1|          0|
    |ap_enable_reg_pp0_iter7                           |   1|   0|    1|          0|
    |ap_enable_reg_pp0_iter8                           |   1|   0|    1|          0|
    |ap_loop_exit_ready_pp0_iter1_reg                  |   1|   0|    1|          0|
    |ap_loop_exit_ready_pp0_iter2_reg                  |   1|   0|    1|          0|
    |ap_loop_exit_ready_pp0_iter3_reg                  |   1|   0|    1|          0|
    |ap_loop_exit_ready_pp0_iter4_reg                  |   1|   0|    1|          0|
    |ap_loop_exit_ready_pp0_iter5_reg                  |   1|   0|    1|          0|
    |ap_loop_exit_ready_pp0_iter6_reg                  |   1|   0|    1|          0|
    |ap_loop_exit_ready_pp0_iter7_reg                  |   1|   0|    1|          0|
    |ap_loop_exit_ready_pp0_iter8_reg                  |   1|   0|    1|          0|
    |ap_loop_init_pp0_iter1_reg                        |   1|   0|    1|          0|
    |i2_fu_76                                          |   3|   0|    3|          0|
    |i_reg_448                                         |   3|   0|    3|          0|
    |icmp_ln10_reg_439                                 |   1|   0|    1|          0|
    |icmp_ln12_reg_464                                 |   1|   0|    1|          0|
    |indvar_flatten1_fu_72                             |   5|   0|    5|          0|
    |j3_fu_80                                          |   3|   0|    3|          0|
    |mul_ln16_2_reg_524                                |  16|   0|   16|          0|
    |mul_ln16_4_reg_529                                |  16|   0|   16|          0|
    |select_ln10_reg_443                               |   3|   0|    3|          0|
    |tmp5_reg_474                                      |   8|   0|    8|          0|
    |tmp_1_reg_484                                     |   8|   0|    8|          0|
    |tmp_3_reg_504                                     |   8|   0|    8|          0|
    |tmp_4_reg_509                                     |   8|   0|    8|          0|
    |tmp_4_reg_509_pp0_iter3_reg                       |   8|   0|    8|          0|
    |tmp_5_reg_514                                     |   8|   0|    8|          0|
    |tmp_s_reg_479                                     |   8|   0|    8|          0|
    |tmp_s_reg_479_pp0_iter3_reg                       |   8|   0|    8|          0|
    |add_ln16_4_reg_494                                |  64|  32|    5|          0|
    |icmp_ln10_reg_439                                 |  64|  32|    1|          0|
    +--------------------------------------------------+----+----+-----+-----------+
    |Total                                             | 332|  64|  210|          0|
    +--------------------------------------------------+----+----+-----+-----------+



================================================================
== Interface
================================================================
* Summary: 
+---------------+-----+-----+------------+--------------+--------------+
|   RTL Ports   | Dir | Bits|  Protocol  | Source Object|    C Type    |
+---------------+-----+-----+------------+--------------+--------------+
|ap_clk         |   in|    1|  ap_ctrl_hs|   matrix_mult|  return value|
|ap_rst         |   in|    1|  ap_ctrl_hs|   matrix_mult|  return value|
|ap_start       |   in|    1|  ap_ctrl_hs|   matrix_mult|  return value|
|ap_done        |  out|    1|  ap_ctrl_hs|   matrix_mult|  return value|
|ap_idle        |  out|    1|  ap_ctrl_hs|   matrix_mult|  return value|
|ap_ready       |  out|    1|  ap_ctrl_hs|   matrix_mult|  return value|
|a_address0     |  out|    3|   ap_memory|             a|         array|
|a_ce0          |  out|    1|   ap_memory|             a|         array|
|a_q0           |   in|   40|   ap_memory|             a|         array|
|b_address0     |  out|    3|   ap_memory|             b|         array|
|b_ce0          |  out|    1|   ap_memory|             b|         array|
|b_q0           |   in|   40|   ap_memory|             b|         array|
|prod_address0  |  out|    5|   ap_memory|          prod|         array|
|prod_ce0       |  out|    1|   ap_memory|          prod|         array|
|prod_we0       |  out|    1|   ap_memory|          prod|         array|
|prod_d0        |  out|   16|   ap_memory|          prod|         array|
+---------------+-----+-----+------------+--------------+--------------+

============================================================
+ Verbose Summary: Synthesis Manager
============================================================
InlineROM: 1
ExposeGlobal: 0
============================================================
+ Verbose Summary: CDFG Model
============================================================
IsTopModel: 1
ResetActiveHigh: 1
IsCombinational: 2
IsDatapathOnly: 2
HasWiredReturn: 1
HasMFsm: 2
HasVarLatency: 1
IsPipeline: 0
IsRtlPipelined: 0
IsInstanceOverlapped: 0
IsDontTouch: 0
HasImplIP: 0
IsGatedGlobalClock: 0

+ Individual pipeline summary: 
  * Pipeline-0: initiation interval (II) = 1, depth = 9


============================================================
+ Verbose Summary: Schedule
============================================================
* Number of FSM states : 9
* Pipeline : 1
  Pipeline-0 : II = 1, D = 9, States = { 1 2 3 4 5 6 7 8 9 }
* Dataflow Pipeline: 0

* FSM state transitions: 
1 --> 2 
2 --> 3 
3 --> 4 
4 --> 5 
5 --> 6 
6 --> 7 
7 --> 8 
8 --> 9 
9 --> 

* FSM state operations: 

State 1 <SV = 0> <Delay = 3.39>
ST_1 : Operation 12 [1/1] (0.00ns)   --->   "%indvar_flatten1 = alloca i32 1"   --->   Operation 12 'alloca' 'indvar_flatten1' <Predicate = true> <Delay = 0.00>
ST_1 : Operation 13 [1/1] (0.00ns)   --->   "%i2 = alloca i32 1"   --->   Operation 13 'alloca' 'i2' <Predicate = true> <Delay = 0.00>
ST_1 : Operation 14 [1/1] (0.00ns)   --->   "%j3 = alloca i32 1"   --->   Operation 14 'alloca' 'j3' <Predicate = true> <Delay = 0.00>
ST_1 : Operation 15 [1/1] (0.00ns)   --->   "%spectopmodule_ln0 = spectopmodule void @_ssdm_op_SpecTopModule, void @empty_1"   --->   Operation 15 'spectopmodule' 'spectopmodule_ln0' <Predicate = true> <Delay = 0.00>
ST_1 : Operation 16 [1/1] (0.00ns)   --->   "%specinterface_ln0 = specinterface void @_ssdm_op_SpecInterface, i40 %a, void @empty, i32 0, i32 0, void @empty_0, i32 4294967295, i32 0, void @empty_0, void @empty_0, void @empty_0, i32 0, i32 0, i32 0, i32 0, void @empty_0, void @empty_0, i32 4294967295, i32 0, i32 0"   --->   Operation 16 'specinterface' 'specinterface_ln0' <Predicate = true> <Delay = 0.00>
ST_1 : Operation 17 [1/1] (0.00ns)   --->   "%specbitsmap_ln0 = specbitsmap void @_ssdm_op_SpecBitsMap, i40 %a"   --->   Operation 17 'specbitsmap' 'specbitsmap_ln0' <Predicate = true> <Delay = 0.00>
ST_1 : Operation 18 [1/1] (0.00ns)   --->   "%specinterface_ln0 = specinterface void @_ssdm_op_SpecInterface, i40 %b, void @empty, i32 0, i32 0, void @empty_0, i32 4294967295, i32 0, void @empty_0, void @empty_0, void @empty_0, i32 0, i32 0, i32 0, i32 0, void @empty_0, void @empty_0, i32 4294967295, i32 0, i32 0"   --->   Operation 18 'specinterface' 'specinterface_ln0' <Predicate = true> <Delay = 0.00>
ST_1 : Operation 19 [1/1] (0.00ns)   --->   "%specbitsmap_ln0 = specbitsmap void @_ssdm_op_SpecBitsMap, i40 %b"   --->   Operation 19 'specbitsmap' 'specbitsmap_ln0' <Predicate = true> <Delay = 0.00>
ST_1 : Operation 20 [1/1] (0.00ns)   --->   "%specinterface_ln0 = specinterface void @_ssdm_op_SpecInterface, i16 %prod, void @empty, i32 0, i32 0, void @empty_0, i32 4294967295, i32 0, void @empty_0, void @empty_0, void @empty_0, i32 0, i32 0, i32 0, i32 0, void @empty_0, void @empty_0, i32 4294967295, i32 0, i32 0"   --->   Operation 20 'specinterface' 'specinterface_ln0' <Predicate = true> <Delay = 0.00>
ST_1 : Operation 21 [1/1] (0.00ns)   --->   "%specbitsmap_ln0 = specbitsmap void @_ssdm_op_SpecBitsMap, i16 %prod"   --->   Operation 21 'specbitsmap' 'specbitsmap_ln0' <Predicate = true> <Delay = 0.00>
ST_1 : Operation 22 [1/1] (1.02ns)   --->   "%store_ln0 = store i3 0, i3 %j3"   --->   Operation 22 'store' 'store_ln0' <Predicate = true> <Delay = 1.02>
ST_1 : Operation 23 [1/1] (1.02ns)   --->   "%store_ln0 = store i3 0, i3 %i2"   --->   Operation 23 'store' 'store_ln0' <Predicate = true> <Delay = 1.02>
ST_1 : Operation 24 [1/1] (1.02ns)   --->   "%store_ln0 = store i5 0, i5 %indvar_flatten1"   --->   Operation 24 'store' 'store_ln0' <Predicate = true> <Delay = 1.02>
ST_1 : Operation 25 [1/1] (1.02ns)   --->   "%br_ln0 = br void %for.inc29"   --->   Operation 25 'br' 'br_ln0' <Predicate = true> <Delay = 1.02>
ST_1 : Operation 26 [1/1] (0.00ns)   --->   "%indvar_flatten1_load = load i5 %indvar_flatten1" [matrix_mult.cpp:10]   --->   Operation 26 'load' 'indvar_flatten1_load' <Predicate = true> <Delay = 0.00>
ST_1 : Operation 27 [1/1] (1.33ns)   --->   "%add_ln10_1 = add i5 %indvar_flatten1_load, i5 1" [matrix_mult.cpp:10]   --->   Operation 27 'add' 'add_ln10_1' <Predicate = true> <Delay = 1.33> <CoreInst = "Adder">   --->   Core 1 'Adder' <Latency = 0> <II = 1> <Delay = 1.33> <FuncUnit> <Opcode : 'add' 'sub'> <InPorts = 2> <OutPorts = 1>
ST_1 : Operation 28 [1/1] (1.33ns)   --->   "%icmp_ln10 = icmp_eq  i5 %indvar_flatten1_load, i5 24" [matrix_mult.cpp:10]   --->   Operation 28 'icmp' 'icmp_ln10' <Predicate = true> <Delay = 1.33> <CoreInst = "Cmp">   --->   Core 9 'Cmp' <Latency = 0> <II = 1> <Delay = 1.33> <FuncUnit> <Opcode : 'seteq' 'setne' 'setle' 'setge' 'setlt' 'setgt'> <InPorts = 2> <OutPorts = 1>
ST_1 : Operation 29 [1/1] (1.02ns)   --->   "%store_ln10 = store i5 %add_ln10_1, i5 %indvar_flatten1" [matrix_mult.cpp:10]   --->   Operation 29 'store' 'store_ln10' <Predicate = true> <Delay = 1.02>
ST_1 : Operation 30 [1/1] (0.00ns)   --->   "%br_ln10 = br i1 %icmp_ln10, void %for.inc29, void %for.end31" [matrix_mult.cpp:10]   --->   Operation 30 'br' 'br_ln10' <Predicate = true> <Delay = 0.00>

State 2 <SV = 1> <Delay = 3.24>
ST_2 : Operation 31 [1/1] (0.00ns)   --->   "%icmp_ln124 = phi i1 0, void %entry, i1 %icmp_ln12, void %for.inc29" [matrix_mult.cpp:12]   --->   Operation 31 'phi' 'icmp_ln124' <Predicate = true> <Delay = 0.00>
ST_2 : Operation 32 [1/1] (0.00ns)   --->   "%i2_load = load i3 %i2" [matrix_mult.cpp:10]   --->   Operation 32 'load' 'i2_load' <Predicate = true> <Delay = 0.00>
ST_2 : Operation 33 [1/1] (0.00ns)   --->   "%j3_load = load i3 %j3" [matrix_mult.cpp:10]   --->   Operation 33 'load' 'j3_load' <Predicate = true> <Delay = 0.00>
ST_2 : Operation 34 [1/1] (1.16ns)   --->   "%add_ln10 = add i3 %i2_load, i3 1" [matrix_mult.cpp:10]   --->   Operation 34 'add' 'add_ln10' <Predicate = true> <Delay = 1.16> <CoreInst = "Adder">   --->   Core 1 'Adder' <Latency = 0> <II = 1> <Delay = 1.16> <FuncUnit> <Opcode : 'add' 'sub'> <InPorts = 2> <OutPorts = 1>
ST_2 : Operation 35 [1/1] (0.65ns)   --->   "%select_ln10 = select i1 %icmp_ln124, i3 0, i3 %j3_load" [matrix_mult.cpp:10]   --->   Operation 35 'select' 'select_ln10' <Predicate = true> <Delay = 0.65> <CoreInst = "Sel">   --->   Core 73 'Sel' <Latency = 0> <II = 1> <Delay = 0.65> <FuncUnit> <Opcode : 'select'> <InPorts = 3> <OutPorts = 1>
ST_2 : Operation 36 [1/1] (0.65ns)   --->   "%i = select i1 %icmp_ln124, i3 %add_ln10, i3 %i2_load" [matrix_mult.cpp:10]   --->   Operation 36 'select' 'i' <Predicate = true> <Delay = 0.65> <CoreInst = "Sel">   --->   Core 73 'Sel' <Latency = 0> <II = 1> <Delay = 0.65> <FuncUnit> <Opcode : 'select'> <InPorts = 3> <OutPorts = 1>
ST_2 : Operation 37 [1/1] (0.00ns)   --->   "%zext_ln10 = zext i3 %i" [matrix_mult.cpp:10]   --->   Operation 37 'zext' 'zext_ln10' <Predicate = true> <Delay = 0.00>
ST_2 : Operation 38 [1/1] (0.00ns)   --->   "%a_addr = getelementptr i40 %a, i64 0, i64 %zext_ln10" [matrix_mult.cpp:10]   --->   Operation 38 'getelementptr' 'a_addr' <Predicate = true> <Delay = 0.00>
ST_2 : Operation 39 [2/2] (1.42ns)   --->   "%a_load = load i3 %a_addr" [matrix_mult.cpp:10]   --->   Operation 39 'load' 'a_load' <Predicate = true> <Delay = 1.42> <CoreInst = "RAM">   --->   Core 81 'RAM' <Latency = 1> <II = 1> <Delay = 1.42> <Storage> <Opcode : 'load' 'store'> <Ports = 2> <Width = 40> <Depth = 5> <RAM>
ST_2 : Operation 40 [1/1] (0.00ns)   --->   "%zext_ln12 = zext i3 %select_ln10" [matrix_mult.cpp:12]   --->   Operation 40 'zext' 'zext_ln12' <Predicate = true> <Delay = 0.00>
ST_2 : Operation 41 [1/1] (0.00ns)   --->   "%b_addr = getelementptr i40 %b, i64 0, i64 %zext_ln12" [matrix_mult.cpp:16]   --->   Operation 41 'getelementptr' 'b_addr' <Predicate = true> <Delay = 0.00>
ST_2 : Operation 42 [2/2] (1.42ns)   --->   "%b_load = load i3 %b_addr" [matrix_mult.cpp:16]   --->   Operation 42 'load' 'b_load' <Predicate = true> <Delay = 1.42> <CoreInst = "RAM">   --->   Core 81 'RAM' <Latency = 1> <II = 1> <Delay = 1.42> <Storage> <Opcode : 'load' 'store'> <Ports = 2> <Width = 40> <Depth = 5> <RAM>
ST_2 : Operation 43 [1/1] (1.16ns)   --->   "%j = add i3 %select_ln10, i3 1" [matrix_mult.cpp:12]   --->   Operation 43 'add' 'j' <Predicate = true> <Delay = 1.16> <CoreInst = "Adder">   --->   Core 1 'Adder' <Latency = 0> <II = 1> <Delay = 1.16> <FuncUnit> <Opcode : 'add' 'sub'> <InPorts = 2> <OutPorts = 1>
ST_2 : Operation 44 [1/1] (1.16ns)   --->   "%icmp_ln12 = icmp_eq  i3 %j, i3 5" [matrix_mult.cpp:12]   --->   Operation 44 'icmp' 'icmp_ln12' <Predicate = true> <Delay = 1.16> <CoreInst = "Cmp">   --->   Core 9 'Cmp' <Latency = 0> <II = 1> <Delay = 1.16> <FuncUnit> <Opcode : 'seteq' 'setne' 'setle' 'setge' 'setlt' 'setgt'> <InPorts = 2> <OutPorts = 1>
ST_2 : Operation 45 [1/1] (1.02ns)   --->   "%store_ln12 = store i3 %j, i3 %j3" [matrix_mult.cpp:12]   --->   Operation 45 'store' 'store_ln12' <Predicate = true> <Delay = 1.02>
ST_2 : Operation 46 [1/1] (1.02ns)   --->   "%store_ln10 = store i3 %i, i3 %i2" [matrix_mult.cpp:10]   --->   Operation 46 'store' 'store_ln10' <Predicate = true> <Delay = 1.02>

State 3 <SV = 2> <Delay = 2.51>
ST_3 : Operation 47 [1/1] (0.00ns)   --->   "%select_ln10_1_cast = zext i3 %i" [matrix_mult.cpp:10]   --->   Operation 47 'zext' 'select_ln10_1_cast' <Predicate = true> <Delay = 0.00>
ST_3 : Operation 48 [1/1] (0.00ns)   --->   "%tmp = bitconcatenate i5 @_ssdm_op_BitConcatenate.i5.i3.i2, i3 %i, i2 0" [matrix_mult.cpp:16]   --->   Operation 48 'bitconcatenate' 'tmp' <Predicate = true> <Delay = 0.00>
ST_3 : Operation 49 [1/1] (0.00ns) (grouped into TernaryAdder)   --->   "%mul_ln16_5 = add i5 %tmp, i5 %select_ln10_1_cast" [matrix_mult.cpp:16]   --->   Operation 49 'add' 'mul_ln16_5' <Predicate = true> <Delay = 0.00> <CoreInst = "TAddSub">   --->   Core 10 'TAddSub' <Latency = 0> <II = 1> <Delay = 1.10> <IPBlock> <Opcode : '' 'add' 'sub'> <InPorts = 3> <OutPorts = 1> <Sync> <CReg>
ST_3 : Operation 50 [1/2] (1.42ns)   --->   "%a_load = load i3 %a_addr" [matrix_mult.cpp:10]   --->   Operation 50 'load' 'a_load' <Predicate = true> <Delay = 1.42> <CoreInst = "RAM">   --->   Core 81 'RAM' <Latency = 1> <II = 1> <Delay = 1.42> <Storage> <Opcode : 'load' 'store'> <Ports = 2> <Width = 40> <Depth = 5> <RAM>
ST_3 : Operation 51 [1/1] (0.00ns)   --->   "%empty = trunc i40 %a_load" [matrix_mult.cpp:10]   --->   Operation 51 'trunc' 'empty' <Predicate = true> <Delay = 0.00>
ST_3 : Operation 52 [1/1] (0.00ns)   --->   "%conv = sext i8 %empty" [matrix_mult.cpp:10]   --->   Operation 52 'sext' 'conv' <Predicate = true> <Delay = 0.00>
ST_3 : Operation 53 [1/1] (0.00ns)   --->   "%tmp5 = partselect i8 @_ssdm_op_PartSelect.i8.i40.i32.i32, i40 %a_load, i32 8, i32 15" [matrix_mult.cpp:10]   --->   Operation 53 'partselect' 'tmp5' <Predicate = true> <Delay = 0.00>
ST_3 : Operation 54 [1/1] (0.00ns)   --->   "%tmp_s = partselect i8 @_ssdm_op_PartSelect.i8.i40.i32.i32, i40 %a_load, i32 16, i32 23" [matrix_mult.cpp:10]   --->   Operation 54 'partselect' 'tmp_s' <Predicate = true> <Delay = 0.00>
ST_3 : Operation 55 [1/1] (0.00ns)   --->   "%tmp_1 = partselect i8 @_ssdm_op_PartSelect.i8.i40.i32.i32, i40 %a_load, i32 24, i32 31" [matrix_mult.cpp:10]   --->   Operation 55 'partselect' 'tmp_1' <Predicate = true> <Delay = 0.00>
ST_3 : Operation 56 [1/1] (0.00ns)   --->   "%tmp_2 = partselect i8 @_ssdm_op_PartSelect.i8.i40.i32.i32, i40 %a_load, i32 32, i32 39" [matrix_mult.cpp:10]   --->   Operation 56 'partselect' 'tmp_2' <Predicate = true> <Delay = 0.00>
ST_3 : Operation 57 [1/1] (0.00ns)   --->   "%conv_4 = sext i8 %tmp_2" [matrix_mult.cpp:10]   --->   Operation 57 'sext' 'conv_4' <Predicate = true> <Delay = 0.00>
ST_3 : Operation 58 [1/1] (0.00ns)   --->   "%zext_ln16 = zext i3 %select_ln10" [matrix_mult.cpp:16]   --->   Operation 58 'zext' 'zext_ln16' <Predicate = true> <Delay = 0.00>
ST_3 : Operation 59 [1/1] (2.20ns) (root node of TernaryAdder)   --->   "%add_ln16_4 = add i5 %mul_ln16_5, i5 %zext_ln16" [matrix_mult.cpp:16]   --->   Operation 59 'add' 'add_ln16_4' <Predicate = true> <Delay = 2.20> <CoreInst = "TAddSub">   --->   Core 10 'TAddSub' <Latency = 0> <II = 1> <Delay = 1.10> <IPBlock> <Opcode : '' 'add' 'sub'> <InPorts = 3> <OutPorts = 1> <Sync> <CReg>
ST_3 : Operation 60 [1/2] (1.42ns)   --->   "%b_load = load i3 %b_addr" [matrix_mult.cpp:16]   --->   Operation 60 'load' 'b_load' <Predicate = true> <Delay = 1.42> <CoreInst = "RAM">   --->   Core 81 'RAM' <Latency = 1> <II = 1> <Delay = 1.42> <Storage> <Opcode : 'load' 'store'> <Ports = 2> <Width = 40> <Depth = 5> <RAM>
ST_3 : Operation 61 [1/1] (0.00ns)   --->   "%trunc_ln16 = trunc i40 %b_load" [matrix_mult.cpp:16]   --->   Operation 61 'trunc' 'trunc_ln16' <Predicate = true> <Delay = 0.00>
ST_3 : Operation 62 [1/1] (0.00ns)   --->   "%sext_ln16 = sext i8 %trunc_ln16" [matrix_mult.cpp:16]   --->   Operation 62 'sext' 'sext_ln16' <Predicate = true> <Delay = 0.00>
ST_3 : Operation 63 [1/1] (0.00ns)   --->   "%tmp_3 = partselect i8 @_ssdm_op_PartSelect.i8.i40.i32.i32, i40 %b_load, i32 8, i32 15" [matrix_mult.cpp:16]   --->   Operation 63 'partselect' 'tmp_3' <Predicate = true> <Delay = 0.00>
ST_3 : Operation 64 [1/1] (0.00ns)   --->   "%tmp_4 = partselect i8 @_ssdm_op_PartSelect.i8.i40.i32.i32, i40 %b_load, i32 16, i32 23" [matrix_mult.cpp:16]   --->   Operation 64 'partselect' 'tmp_4' <Predicate = true> <Delay = 0.00>
ST_3 : Operation 65 [1/1] (0.00ns)   --->   "%tmp_5 = partselect i8 @_ssdm_op_PartSelect.i8.i40.i32.i32, i40 %b_load, i32 24, i32 31" [matrix_mult.cpp:16]   --->   Operation 65 'partselect' 'tmp_5' <Predicate = true> <Delay = 0.00>
ST_3 : Operation 66 [1/1] (0.00ns)   --->   "%tmp_6 = partselect i8 @_ssdm_op_PartSelect.i8.i40.i32.i32, i40 %b_load, i32 32, i32 39" [matrix_mult.cpp:16]   --->   Operation 66 'partselect' 'tmp_6' <Predicate = true> <Delay = 0.00>
ST_3 : Operation 67 [1/1] (0.00ns)   --->   "%sext_ln16_4 = sext i8 %tmp_6" [matrix_mult.cpp:16]   --->   Operation 67 'sext' 'sext_ln16_4' <Predicate = true> <Delay = 0.00>
ST_3 : Operation 68 [3/3] (1.09ns) (grouped into DSP with root node add_ln16_1)   --->   "%mul_ln16_1 = mul i16 %sext_ln16_4, i16 %conv_4" [matrix_mult.cpp:16]   --->   Operation 68 'mul' 'mul_ln16_1' <Predicate = true> <Delay = 1.09> <CoreInst = "DSP48">   --->   Core 116 'DSP48' <Latency = 3> <II = 1> <Delay = 1.82> <IPBlock> <Opcode : '' 'add' 'sub' 'mul' 'select'> <InPorts = 0> <OutPorts = 1> <Sync> <CReg>
ST_3 : Operation 69 [3/3] (1.09ns) (grouped into DSP with root node add_ln16)   --->   "%mul_ln16_3 = mul i16 %sext_ln16, i16 %conv" [matrix_mult.cpp:16]   --->   Operation 69 'mul' 'mul_ln16_3' <Predicate = true> <Delay = 1.09> <CoreInst = "DSP48">   --->   Core 116 'DSP48' <Latency = 3> <II = 1> <Delay = 1.82> <IPBlock> <Opcode : '' 'add' 'sub' 'mul' 'select'> <InPorts = 0> <OutPorts = 1> <Sync> <CReg>

State 4 <SV = 3> <Delay = 3.29>
ST_4 : Operation 70 [1/1] (0.00ns)   --->   "%conv_1 = sext i8 %tmp5" [matrix_mult.cpp:10]   --->   Operation 70 'sext' 'conv_1' <Predicate = true> <Delay = 0.00>
ST_4 : Operation 71 [1/1] (0.00ns)   --->   "%conv_3 = sext i8 %tmp_1" [matrix_mult.cpp:10]   --->   Operation 71 'sext' 'conv_3' <Predicate = true> <Delay = 0.00>
ST_4 : Operation 72 [1/1] (0.00ns)   --->   "%sext_ln16_1 = sext i8 %tmp_3" [matrix_mult.cpp:16]   --->   Operation 72 'sext' 'sext_ln16_1' <Predicate = true> <Delay = 0.00>
ST_4 : Operation 73 [1/1] (0.00ns)   --->   "%sext_ln16_3 = sext i8 %tmp_5" [matrix_mult.cpp:16]   --->   Operation 73 'sext' 'sext_ln16_3' <Predicate = true> <Delay = 0.00>
ST_4 : Operation 74 [2/3] (1.09ns) (grouped into DSP with root node add_ln16_1)   --->   "%mul_ln16_1 = mul i16 %sext_ln16_4, i16 %conv_4" [matrix_mult.cpp:16]   --->   Operation 74 'mul' 'mul_ln16_1' <Predicate = true> <Delay = 1.09> <CoreInst = "DSP48">   --->   Core 116 'DSP48' <Latency = 3> <II = 1> <Delay = 1.82> <IPBlock> <Opcode : '' 'add' 'sub' 'mul' 'select'> <InPorts = 0> <OutPorts = 1> <Sync> <CReg>
ST_4 : Operation 75 [1/1] (3.29ns)   --->   "%mul_ln16_2 = mul i16 %sext_ln16_3, i16 %conv_3" [matrix_mult.cpp:16]   --->   Operation 75 'mul' 'mul_ln16_2' <Predicate = true> <Delay = 3.29> <CoreInst = "Multiplier">   --->   Core 3 'Multiplier' <Latency = 0> <II = 1> <Delay = 3.29> <FuncUnit> <Opcode : 'mul'> <InPorts = 2> <OutPorts = 1>
ST_4 : Operation 76 [2/3] (1.09ns) (grouped into DSP with root node add_ln16)   --->   "%mul_ln16_3 = mul i16 %sext_ln16, i16 %conv" [matrix_mult.cpp:16]   --->   Operation 76 'mul' 'mul_ln16_3' <Predicate = true> <Delay = 1.09> <CoreInst = "DSP48">   --->   Core 116 'DSP48' <Latency = 3> <II = 1> <Delay = 1.82> <IPBlock> <Opcode : '' 'add' 'sub' 'mul' 'select'> <InPorts = 0> <OutPorts = 1> <Sync> <CReg>
ST_4 : Operation 77 [1/1] (3.29ns)   --->   "%mul_ln16_4 = mul i16 %sext_ln16_1, i16 %conv_1" [matrix_mult.cpp:16]   --->   Operation 77 'mul' 'mul_ln16_4' <Predicate = true> <Delay = 3.29> <CoreInst = "Multiplier">   --->   Core 3 'Multiplier' <Latency = 0> <II = 1> <Delay = 3.29> <FuncUnit> <Opcode : 'mul'> <InPorts = 2> <OutPorts = 1>

State 5 <SV = 4> <Delay = 1.78>
ST_5 : Operation 78 [1/1] (0.00ns)   --->   "%conv_2 = sext i8 %tmp_s" [matrix_mult.cpp:10]   --->   Operation 78 'sext' 'conv_2' <Predicate = true> <Delay = 0.00>
ST_5 : Operation 79 [1/1] (0.00ns)   --->   "%sext_ln16_2 = sext i8 %tmp_4" [matrix_mult.cpp:16]   --->   Operation 79 'sext' 'sext_ln16_2' <Predicate = true> <Delay = 0.00>
ST_5 : Operation 80 [3/3] (1.09ns) (grouped into DSP with root node add_ln16_2)   --->   "%mul_ln16 = mul i16 %sext_ln16_2, i16 %conv_2" [matrix_mult.cpp:16]   --->   Operation 80 'mul' 'mul_ln16' <Predicate = true> <Delay = 1.09> <CoreInst = "DSP48">   --->   Core 116 'DSP48' <Latency = 3> <II = 1> <Delay = 1.82> <IPBlock> <Opcode : '' 'add' 'sub' 'mul' 'select'> <InPorts = 0> <OutPorts = 1> <Sync> <CReg>
ST_5 : Operation 81 [1/3] (0.00ns) (grouped into DSP with root node add_ln16_1)   --->   "%mul_ln16_1 = mul i16 %sext_ln16_4, i16 %conv_4" [matrix_mult.cpp:16]   --->   Operation 81 'mul' 'mul_ln16_1' <Predicate = true> <Delay = 0.00> <CoreInst = "DSP48">   --->   Core 116 'DSP48' <Latency = 3> <II = 1> <Delay = 1.82> <IPBlock> <Opcode : '' 'add' 'sub' 'mul' 'select'> <InPorts = 0> <OutPorts = 1> <Sync> <CReg>
ST_5 : Operation 82 [1/3] (0.00ns) (grouped into DSP with root node add_ln16)   --->   "%mul_ln16_3 = mul i16 %sext_ln16, i16 %conv" [matrix_mult.cpp:16]   --->   Operation 82 'mul' 'mul_ln16_3' <Predicate = true> <Delay = 0.00> <CoreInst = "DSP48">   --->   Core 116 'DSP48' <Latency = 3> <II = 1> <Delay = 1.82> <IPBlock> <Opcode : '' 'add' 'sub' 'mul' 'select'> <InPorts = 0> <OutPorts = 1> <Sync> <CReg>
ST_5 : Operation 83 [2/2] (1.78ns) (root node of the DSP)   --->   "%add_ln16 = add i16 %mul_ln16_4, i16 %mul_ln16_3" [matrix_mult.cpp:16]   --->   Operation 83 'add' 'add_ln16' <Predicate = true> <Delay = 1.78> <CoreInst = "DSP48">   --->   Core 116 'DSP48' <Latency = 3> <II = 1> <Delay = 1.82> <IPBlock> <Opcode : '' 'add' 'sub' 'mul' 'select'> <InPorts = 0> <OutPorts = 1> <Sync> <CReg>
ST_5 : Operation 84 [2/2] (1.78ns) (root node of the DSP)   --->   "%add_ln16_1 = add i16 %mul_ln16_2, i16 %mul_ln16_1" [matrix_mult.cpp:16]   --->   Operation 84 'add' 'add_ln16_1' <Predicate = true> <Delay = 1.78> <CoreInst = "DSP48">   --->   Core 116 'DSP48' <Latency = 3> <II = 1> <Delay = 1.82> <IPBlock> <Opcode : '' 'add' 'sub' 'mul' 'select'> <InPorts = 0> <OutPorts = 1> <Sync> <CReg>

State 6 <SV = 5> <Delay = 1.78>
ST_6 : Operation 85 [2/3] (1.09ns) (grouped into DSP with root node add_ln16_2)   --->   "%mul_ln16 = mul i16 %sext_ln16_2, i16 %conv_2" [matrix_mult.cpp:16]   --->   Operation 85 'mul' 'mul_ln16' <Predicate = true> <Delay = 1.09> <CoreInst = "DSP48">   --->   Core 116 'DSP48' <Latency = 3> <II = 1> <Delay = 1.82> <IPBlock> <Opcode : '' 'add' 'sub' 'mul' 'select'> <InPorts = 0> <OutPorts = 1> <Sync> <CReg>
ST_6 : Operation 86 [1/2] (1.78ns) (root node of the DSP)   --->   "%add_ln16 = add i16 %mul_ln16_4, i16 %mul_ln16_3" [matrix_mult.cpp:16]   --->   Operation 86 'add' 'add_ln16' <Predicate = true> <Delay = 1.78> <CoreInst = "DSP48">   --->   Core 116 'DSP48' <Latency = 3> <II = 1> <Delay = 1.82> <IPBlock> <Opcode : '' 'add' 'sub' 'mul' 'select'> <InPorts = 0> <OutPorts = 1> <Sync> <CReg>
ST_6 : Operation 87 [1/2] (1.78ns) (root node of the DSP)   --->   "%add_ln16_1 = add i16 %mul_ln16_2, i16 %mul_ln16_1" [matrix_mult.cpp:16]   --->   Operation 87 'add' 'add_ln16_1' <Predicate = true> <Delay = 1.78> <CoreInst = "DSP48">   --->   Core 116 'DSP48' <Latency = 3> <II = 1> <Delay = 1.82> <IPBlock> <Opcode : '' 'add' 'sub' 'mul' 'select'> <InPorts = 0> <OutPorts = 1> <Sync> <CReg>

State 7 <SV = 6> <Delay = 1.78>
ST_7 : Operation 88 [1/3] (0.00ns) (grouped into DSP with root node add_ln16_2)   --->   "%mul_ln16 = mul i16 %sext_ln16_2, i16 %conv_2" [matrix_mult.cpp:16]   --->   Operation 88 'mul' 'mul_ln16' <Predicate = true> <Delay = 0.00> <CoreInst = "DSP48">   --->   Core 116 'DSP48' <Latency = 3> <II = 1> <Delay = 1.82> <IPBlock> <Opcode : '' 'add' 'sub' 'mul' 'select'> <InPorts = 0> <OutPorts = 1> <Sync> <CReg>
ST_7 : Operation 89 [2/2] (1.78ns) (root node of the DSP)   --->   "%add_ln16_2 = add i16 %add_ln16_1, i16 %mul_ln16" [matrix_mult.cpp:16]   --->   Operation 89 'add' 'add_ln16_2' <Predicate = true> <Delay = 1.78> <CoreInst = "DSP48">   --->   Core 116 'DSP48' <Latency = 3> <II = 1> <Delay = 1.82> <IPBlock> <Opcode : '' 'add' 'sub' 'mul' 'select'> <InPorts = 0> <OutPorts = 1> <Sync> <CReg>

State 8 <SV = 7> <Delay = 3.26>
ST_8 : Operation 90 [1/2] (1.78ns) (root node of the DSP)   --->   "%add_ln16_2 = add i16 %add_ln16_1, i16 %mul_ln16" [matrix_mult.cpp:16]   --->   Operation 90 'add' 'add_ln16_2' <Predicate = true> <Delay = 1.78> <CoreInst = "DSP48">   --->   Core 116 'DSP48' <Latency = 3> <II = 1> <Delay = 1.82> <IPBlock> <Opcode : '' 'add' 'sub' 'mul' 'select'> <InPorts = 0> <OutPorts = 1> <Sync> <CReg>
ST_8 : Operation 91 [1/1] (1.48ns)   --->   "%add_ln16_3 = add i16 %add_ln16_2, i16 %add_ln16" [matrix_mult.cpp:16]   --->   Operation 91 'add' 'add_ln16_3' <Predicate = true> <Delay = 1.48> <CoreInst = "Adder">   --->   Core 1 'Adder' <Latency = 0> <II = 1> <Delay = 1.48> <FuncUnit> <Opcode : 'add' 'sub'> <InPorts = 2> <OutPorts = 1>

State 9 <SV = 8> <Delay = 1.42>
ST_9 : Operation 92 [1/1] (0.00ns)   --->   "%specloopname_ln0 = specloopname void @_ssdm_op_SpecLoopName, void @Row_Col_str"   --->   Operation 92 'specloopname' 'specloopname_ln0' <Predicate = true> <Delay = 0.00>
ST_9 : Operation 93 [1/1] (0.00ns)   --->   "%speclooptripcount_ln0 = speclooptripcount void @_ssdm_op_SpecLoopTripCount, i64 25, i64 25, i64 25"   --->   Operation 93 'speclooptripcount' 'speclooptripcount_ln0' <Predicate = true> <Delay = 0.00>
ST_9 : Operation 94 [1/1] (0.00ns)   --->   "%zext_ln16_1 = zext i5 %add_ln16_4" [matrix_mult.cpp:16]   --->   Operation 94 'zext' 'zext_ln16_1' <Predicate = true> <Delay = 0.00>
ST_9 : Operation 95 [1/1] (0.00ns)   --->   "%prod_addr = getelementptr i16 %prod, i64 0, i64 %zext_ln16_1" [matrix_mult.cpp:16]   --->   Operation 95 'getelementptr' 'prod_addr' <Predicate = true> <Delay = 0.00>
ST_9 : Operation 96 [1/1] (0.00ns)   --->   "%specpipeline_ln8 = specpipeline void @_ssdm_op_SpecPipeline, i32 4294967295, i32 0, i32 0, i32 0, void @empty_0" [C:/XinlinxHLS/tutor3/solution4/directives.tcl:8]   --->   Operation 96 'specpipeline' 'specpipeline_ln8' <Predicate = true> <Delay = 0.00>
ST_9 : Operation 97 [1/1] (1.42ns)   --->   "%store_ln16 = store i16 %add_ln16_3, i5 %prod_addr" [matrix_mult.cpp:16]   --->   Operation 97 'store' 'store_ln16' <Predicate = true> <Delay = 1.42> <CoreInst = "RAM">   --->   Core 81 'RAM' <Latency = 1> <II = 1> <Delay = 1.42> <Storage> <Opcode : 'load' 'store'> <Ports = 2> <Width = 16> <Depth = 25> <RAM>
ST_9 : Operation 98 [1/1] (1.02ns)   --->   "%ret_ln21 = ret" [matrix_mult.cpp:21]   --->   Operation 98 'ret' 'ret_ln21' <Predicate = (icmp_ln10)> <Delay = 1.02>


============================================================
+ Verbose Summary: Binding
============================================================
STG Binding: 
---------------- STG Properties BEGIN ----------------
- Is combinational: 0
- Is one-state seq: 0
- Is datapath-only: 0
- Is pipelined: 0
- Is top level: 1
Port [ Return ] is wired: 1; IO mode=ap_ctrl_hs:ce=0
Port [ a]:  wired=1; compound=1; hidden=0; nouse=0; global=0; static=0; extern=0; dir=0; type=1; pingpong=0; private_global=0; MemPort=[13]; IO mode=ap_memory:ce=0
Port [ b]:  wired=1; compound=1; hidden=0; nouse=0; global=0; static=0; extern=0; dir=0; type=1; pingpong=0; private_global=0; MemPort=[13]; IO mode=ap_memory:ce=0
Port [ prod]:  wired=1; compound=1; hidden=0; nouse=0; global=0; static=0; extern=0; dir=1; type=1; pingpong=0; private_global=0; MemPort=[03]; IO mode=ap_memory:ce=0
---------------- STG Properties END ------------------

---------------- Datapath Model BEGIN ----------------

<LifeTime>
<method=bitvector/>
indvar_flatten1       (alloca           ) [ 0100000000]
i2                    (alloca           ) [ 0110000000]
j3                    (alloca           ) [ 0110000000]
spectopmodule_ln0     (spectopmodule    ) [ 0000000000]
specinterface_ln0     (specinterface    ) [ 0000000000]
specbitsmap_ln0       (specbitsmap      ) [ 0000000000]
specinterface_ln0     (specinterface    ) [ 0000000000]
specbitsmap_ln0       (specbitsmap      ) [ 0000000000]
specinterface_ln0     (specinterface    ) [ 0000000000]
specbitsmap_ln0       (specbitsmap      ) [ 0000000000]
store_ln0             (store            ) [ 0000000000]
store_ln0             (store            ) [ 0000000000]
store_ln0             (store            ) [ 0000000000]
br_ln0                (br               ) [ 0110000000]
indvar_flatten1_load  (load             ) [ 0000000000]
add_ln10_1            (add              ) [ 0000000000]
icmp_ln10             (icmp             ) [ 0111111111]
store_ln10            (store            ) [ 0000000000]
br_ln10               (br               ) [ 0110000000]
icmp_ln124            (phi              ) [ 0110000000]
i2_load               (load             ) [ 0000000000]
j3_load               (load             ) [ 0000000000]
add_ln10              (add              ) [ 0000000000]
select_ln10           (select           ) [ 0101000000]
i                     (select           ) [ 0101000000]
zext_ln10             (zext             ) [ 0000000000]
a_addr                (getelementptr    ) [ 0101000000]
zext_ln12             (zext             ) [ 0000000000]
b_addr                (getelementptr    ) [ 0101000000]
j                     (add              ) [ 0000000000]
icmp_ln12             (icmp             ) [ 0110000000]
store_ln12            (store            ) [ 0000000000]
store_ln10            (store            ) [ 0000000000]
select_ln10_1_cast    (zext             ) [ 0000000000]
tmp                   (bitconcatenate   ) [ 0000000000]
mul_ln16_5            (add              ) [ 0000000000]
a_load                (load             ) [ 0000000000]
empty                 (trunc            ) [ 0000000000]
conv                  (sext             ) [ 0100110000]
tmp5                  (partselect       ) [ 0100100000]
tmp_s                 (partselect       ) [ 0100110000]
tmp_1                 (partselect       ) [ 0100100000]
tmp_2                 (partselect       ) [ 0000000000]
conv_4                (sext             ) [ 0100110000]
zext_ln16             (zext             ) [ 0000000000]
add_ln16_4            (add              ) [ 0100111111]
b_load                (load             ) [ 0000000000]
trunc_ln16            (trunc            ) [ 0000000000]
sext_ln16             (sext             ) [ 0100110000]
tmp_3                 (partselect       ) [ 0100100000]
tmp_4                 (partselect       ) [ 0100110000]
tmp_5                 (partselect       ) [ 0100100000]
tmp_6                 (partselect       ) [ 0000000000]
sext_ln16_4           (sext             ) [ 0100110000]
conv_1                (sext             ) [ 0000000000]
conv_3                (sext             ) [ 0000000000]
sext_ln16_1           (sext             ) [ 0000000000]
sext_ln16_3           (sext             ) [ 0000000000]
mul_ln16_2            (mul              ) [ 0100011000]
mul_ln16_4            (mul              ) [ 0100011000]
conv_2                (sext             ) [ 0100001100]
sext_ln16_2           (sext             ) [ 0100001100]
mul_ln16_1            (mul              ) [ 0100001000]
mul_ln16_3            (mul              ) [ 0100001000]
add_ln16              (add              ) [ 0100000110]
add_ln16_1            (add              ) [ 0100000110]
mul_ln16              (mul              ) [ 0100000010]
add_ln16_2            (add              ) [ 0000000000]
add_ln16_3            (add              ) [ 0100000001]
specloopname_ln0      (specloopname     ) [ 0000000000]
speclooptripcount_ln0 (speclooptripcount) [ 0000000000]
zext_ln16_1           (zext             ) [ 0000000000]
prod_addr             (getelementptr    ) [ 0000000000]
specpipeline_ln8      (specpipeline     ) [ 0000000000]
store_ln16            (store            ) [ 0000000000]
ret_ln21              (ret              ) [ 0000000000]
</LifeTime>

<model>

<comp_list>
<comp id="0" class="1000" name="a">
<pin_list>
<pin id="1" dir="1" index="0" bw="1" slack="0"/>
</pin_list>
<bind>
<StgValue><ssdm name="a"/><MemPortTyVec>1 3 </MemPortTyVec>
</StgValue>
</bind>
</comp>

<comp id="2" class="1000" name="b">
<pin_list>
<pin id="3" dir="1" index="0" bw="1" slack="0"/>
</pin_list>
<bind>
<StgValue><ssdm name="b"/><MemPortTyVec>1 3 </MemPortTyVec>
</StgValue>
</bind>
</comp>

<comp id="4" class="1000" name="prod">
<pin_list>
<pin id="5" dir="1" index="0" bw="1" slack="0"/>
</pin_list>
<bind>
<StgValue><ssdm name="prod"/><MemPortTyVec>0 3 </MemPortTyVec>
</StgValue>
</bind>
</comp>

<comp id="6" class="1001" name="const_6">
<pin_list>
<pin id="7" dir="1" index="0" bw="1" slack="0"/>
</pin_list>
<bind>
<StgValue><ssdm name=""/></StgValue>
</bind>
</comp>

<comp id="8" class="1001" name="const_8">
<pin_list>
<pin id="9" dir="1" index="0" bw="1" slack="2147483647"/>
</pin_list>
<bind>
<StgValue><ssdm name="_ssdm_op_SpecTopModule"/></StgValue>
</bind>
</comp>

<comp id="10" class="1001" name="const_10">
<pin_list>
<pin id="11" dir="1" index="0" bw="1" slack="2147483647"/>
</pin_list>
<bind>
<StgValue><ssdm name="empty_1"/></StgValue>
</bind>
</comp>

<comp id="12" class="1001" name="const_12">
<pin_list>
<pin id="13" dir="1" index="0" bw="1" slack="2147483647"/>
</pin_list>
<bind>
<StgValue><ssdm name="_ssdm_op_SpecInterface"/></StgValue>
</bind>
</comp>

<comp id="14" class="1001" name="const_14">
<pin_list>
<pin id="15" dir="1" index="0" bw="1" slack="2147483647"/>
</pin_list>
<bind>
<StgValue><ssdm name="empty"/></StgValue>
</bind>
</comp>

<comp id="16" class="1001" name="const_16">
<pin_list>
<pin id="17" dir="1" index="0" bw="1" slack="2147483647"/>
</pin_list>
<bind>
<StgValue><ssdm name=""/></StgValue>
</bind>
</comp>

<comp id="18" class="1001" name="const_18">
<pin_list>
<pin id="19" dir="1" index="0" bw="1" slack="2147483647"/>
</pin_list>
<bind>
<StgValue><ssdm name="empty_0"/></StgValue>
</bind>
</comp>

<comp id="20" class="1001" name="const_20">
<pin_list>
<pin id="21" dir="1" index="0" bw="1" slack="2147483647"/>
</pin_list>
<bind>
<StgValue><ssdm name=""/></StgValue>
</bind>
</comp>

<comp id="22" class="1001" name="const_22">
<pin_list>
<pin id="23" dir="1" index="0" bw="1" slack="2147483647"/>
</pin_list>
<bind>
<StgValue><ssdm name="_ssdm_op_SpecBitsMap"/></StgValue>
</bind>
</comp>

<comp id="24" class="1001" name="const_24">
<pin_list>
<pin id="25" dir="1" index="0" bw="1" slack="0"/>
</pin_list>
<bind>
<StgValue><ssdm name=""/></StgValue>
</bind>
</comp>

<comp id="26" class="1001" name="const_26">
<pin_list>
<pin id="27" dir="1" index="0" bw="1" slack="0"/>
</pin_list>
<bind>
<StgValue><ssdm name=""/></StgValue>
</bind>
</comp>

<comp id="28" class="1001" name="const_28">
<pin_list>
<pin id="29" dir="1" index="0" bw="1" slack="0"/>
</pin_list>
<bind>
<StgValue><ssdm name=""/></StgValue>
</bind>
</comp>

<comp id="30" class="1001" name="const_30">
<pin_list>
<pin id="31" dir="1" index="0" bw="1" slack="0"/>
</pin_list>
<bind>
<StgValue><ssdm name=""/></StgValue>
</bind>
</comp>

<comp id="32" class="1001" name="const_32">
<pin_list>
<pin id="33" dir="1" index="0" bw="1" slack="1"/>
</pin_list>
<bind>
<StgValue><ssdm name=""/></StgValue>
</bind>
</comp>

<comp id="34" class="1001" name="const_34">
<pin_list>
<pin id="35" dir="1" index="0" bw="1" slack="0"/>
</pin_list>
<bind>
<StgValue><ssdm name=""/></StgValue>
</bind>
</comp>

<comp id="36" class="1001" name="const_36">
<pin_list>
<pin id="37" dir="1" index="0" bw="1" slack="0"/>
</pin_list>
<bind>
<StgValue><ssdm name=""/></StgValue>
</bind>
</comp>

<comp id="38" class="1001" name="const_38">
<pin_list>
<pin id="39" dir="1" index="0" bw="1" slack="0"/>
</pin_list>
<bind>
<StgValue><ssdm name=""/></StgValue>
</bind>
</comp>

<comp id="40" class="1001" name="const_40">
<pin_list>
<pin id="41" dir="1" index="0" bw="1" slack="0"/>
</pin_list>
<bind>
<StgValue><ssdm name="_ssdm_op_BitConcatenate.i5.i3.i2"/></StgValue>
</bind>
</comp>

<comp id="42" class="1001" name="const_42">
<pin_list>
<pin id="43" dir="1" index="0" bw="1" slack="0"/>
</pin_list>
<bind>
<StgValue><ssdm name=""/></StgValue>
</bind>
</comp>

<comp id="44" class="1001" name="const_44">
<pin_list>
<pin id="45" dir="1" index="0" bw="1" slack="0"/>
</pin_list>
<bind>
<StgValue><ssdm name="_ssdm_op_PartSelect.i8.i40.i32.i32"/></StgValue>
</bind>
</comp>

<comp id="46" class="1001" name="const_46">
<pin_list>
<pin id="47" dir="1" index="0" bw="1" slack="0"/>
</pin_list>
<bind>
<StgValue><ssdm name=""/></StgValue>
</bind>
</comp>

<comp id="48" class="1001" name="const_48">
<pin_list>
<pin id="49" dir="1" index="0" bw="1" slack="0"/>
</pin_list>
<bind>
<StgValue><ssdm name=""/></StgValue>
</bind>
</comp>

<comp id="50" class="1001" name="const_50">
<pin_list>
<pin id="51" dir="1" index="0" bw="1" slack="0"/>
</pin_list>
<bind>
<StgValue><ssdm name=""/></StgValue>
</bind>
</comp>

<comp id="52" class="1001" name="const_52">
<pin_list>
<pin id="53" dir="1" index="0" bw="1" slack="0"/>
</pin_list>
<bind>
<StgValue><ssdm name=""/></StgValue>
</bind>
</comp>

<comp id="54" class="1001" name="const_54">
<pin_list>
<pin id="55" dir="1" index="0" bw="1" slack="0"/>
</pin_list>
<bind>
<StgValue><ssdm name=""/></StgValue>
</bind>
</comp>

<comp id="56" class="1001" name="const_56">
<pin_list>
<pin id="57" dir="1" index="0" bw="1" slack="0"/>
</pin_list>
<bind>
<StgValue><ssdm name=""/></StgValue>
</bind>
</comp>

<comp id="58" class="1001" name="const_58">
<pin_list>
<pin id="59" dir="1" index="0" bw="1" slack="0"/>
</pin_list>
<bind>
<StgValue><ssdm name=""/></StgValue>
</bind>
</comp>

<comp id="60" class="1001" name="const_60">
<pin_list>
<pin id="61" dir="1" index="0" bw="1" slack="0"/>
</pin_list>
<bind>
<StgValue><ssdm name=""/></StgValue>
</bind>
</comp>

<comp id="62" class="1001" name="const_62">
<pin_list>
<pin id="63" dir="1" index="0" bw="1" slack="2147483647"/>
</pin_list>
<bind>
<StgValue><ssdm name="_ssdm_op_SpecLoopName"/></StgValue>
</bind>
</comp>

<comp id="64" class="1001" name="const_64">
<pin_list>
<pin id="65" dir="1" index="0" bw="1" slack="2147483647"/>
</pin_list>
<bind>
<StgValue><ssdm name="Row_Col_str"/></StgValue>
</bind>
</comp>

<comp id="66" class="1001" name="const_66">
<pin_list>
<pin id="67" dir="1" index="0" bw="1" slack="2147483647"/>
</pin_list>
<bind>
<StgValue><ssdm name="_ssdm_op_SpecLoopTripCount"/></StgValue>
</bind>
</comp>

<comp id="68" class="1001" name="const_68">
<pin_list>
<pin id="69" dir="1" index="0" bw="1" slack="2147483647"/>
</pin_list>
<bind>
<StgValue><ssdm name=""/></StgValue>
</bind>
</comp>

<comp id="70" class="1001" name="const_70">
<pin_list>
<pin id="71" dir="1" index="0" bw="1" slack="2147483647"/>
</pin_list>
<bind>
<StgValue><ssdm name="_ssdm_op_SpecPipeline"/></StgValue>
</bind>
</comp>

<comp id="72" class="1004" name="indvar_flatten1_fu_72">
<pin_list>
<pin id="73" dir="0" index="0" bw="1" slack="0"/>
<pin id="74" dir="1" index="1" bw="5" slack="0"/>
</pin_list>
<bind>
<opcode="alloca(26) " fcode="alloca"/>
<opset="indvar_flatten1/1 "/>
</bind>
</comp>

<comp id="76" class="1004" name="i2_fu_76">
<pin_list>
<pin id="77" dir="0" index="0" bw="1" slack="0"/>
<pin id="78" dir="1" index="1" bw="3" slack="0"/>
</pin_list>
<bind>
<opcode="alloca(26) " fcode="alloca"/>
<opset="i2/1 "/>
</bind>
</comp>

<comp id="80" class="1004" name="j3_fu_80">
<pin_list>
<pin id="81" dir="0" index="0" bw="1" slack="0"/>
<pin id="82" dir="1" index="1" bw="3" slack="0"/>
</pin_list>
<bind>
<opcode="alloca(26) " fcode="alloca"/>
<opset="j3/1 "/>
</bind>
</comp>

<comp id="84" class="1004" name="a_addr_gep_fu_84">
<pin_list>
<pin id="85" dir="0" index="0" bw="40" slack="0"/>
<pin id="86" dir="0" index="1" bw="1" slack="0"/>
<pin id="87" dir="0" index="2" bw="3" slack="0"/>
<pin id="88" dir="1" index="3" bw="3" slack="0"/>
</pin_list>
<bind>
<opcode="getelementptr(29) " fcode="getelementptr"/>
<opset="a_addr/2 "/>
</bind>
</comp>

<comp id="91" class="1004" name="grp_access_fu_91">
<pin_list>
<pin id="92" dir="0" index="0" bw="3" slack="0"/>
<pin id="93" dir="0" index="1" bw="40" slack="2147483647"/>
<pin id="94" dir="0" index="2" bw="0" slack="2147483647"/>
<pin id="95" dir="1" index="3" bw="40" slack="0"/>
</pin_list>
<bind>
<opcode="load(27) " fcode="load"/>
<opset="a_load/2 "/>
</bind>
</comp>

<comp id="97" class="1004" name="b_addr_gep_fu_97">
<pin_list>
<pin id="98" dir="0" index="0" bw="40" slack="0"/>
<pin id="99" dir="0" index="1" bw="1" slack="0"/>
<pin id="100" dir="0" index="2" bw="3" slack="0"/>
<pin id="101" dir="1" index="3" bw="3" slack="0"/>
</pin_list>
<bind>
<opcode="getelementptr(29) " fcode="getelementptr"/>
<opset="b_addr/2 "/>
</bind>
</comp>

<comp id="104" class="1004" name="grp_access_fu_104">
<pin_list>
<pin id="105" dir="0" index="0" bw="3" slack="0"/>
<pin id="106" dir="0" index="1" bw="40" slack="2147483647"/>
<pin id="107" dir="0" index="2" bw="0" slack="2147483647"/>
<pin id="108" dir="1" index="3" bw="40" slack="0"/>
</pin_list>
<bind>
<opcode="load(27) " fcode="load"/>
<opset="b_load/2 "/>
</bind>
</comp>

<comp id="110" class="1004" name="prod_addr_gep_fu_110">
<pin_list>
<pin id="111" dir="0" index="0" bw="16" slack="0"/>
<pin id="112" dir="0" index="1" bw="1" slack="0"/>
<pin id="113" dir="0" index="2" bw="5" slack="0"/>
<pin id="114" dir="1" index="3" bw="5" slack="0"/>
</pin_list>
<bind>
<opcode="getelementptr(29) " fcode="getelementptr"/>
<opset="prod_addr/9 "/>
</bind>
</comp>

<comp id="117" class="1004" name="store_ln16_access_fu_117">
<pin_list>
<pin id="118" dir="0" index="0" bw="5" slack="0"/>
<pin id="119" dir="0" index="1" bw="16" slack="1"/>
<pin id="120" dir="0" index="2" bw="0" slack="2147483647"/>
<pin id="121" dir="1" index="3" bw="16" slack="2147483647"/>
</pin_list>
<bind>
<opcode="store(28) " fcode="store"/>
<opset="store_ln16/9 "/>
</bind>
</comp>

<comp id="123" class="1005" name="icmp_ln124_reg_123">
<pin_list>
<pin id="124" dir="0" index="0" bw="1" slack="1"/>
<pin id="125" dir="1" index="1" bw="1" slack="1"/>
</pin_list>
<bind>
<opset="icmp_ln124 (phireg) "/>
</bind>
</comp>

<comp id="127" class="1004" name="icmp_ln124_phi_fu_127">
<pin_list>
<pin id="128" dir="0" index="0" bw="1" slack="1"/>
<pin id="129" dir="0" index="1" bw="0" slack="2147483647"/>
<pin id="130" dir="0" index="2" bw="1" slack="0"/>
<pin id="131" dir="0" index="3" bw="0" slack="2147483647"/>
<pin id="132" dir="1" index="4" bw="1" slack="0"/>
</pin_list>
<bind>
<opcode="phi(47) " fcode="phi"/>
<opset="icmp_ln124/2 "/>
</bind>
</comp>

<comp id="134" class="1004" name="store_ln0_store_fu_134">
<pin_list>
<pin id="135" dir="0" index="0" bw="1" slack="0"/>
<pin id="136" dir="0" index="1" bw="3" slack="0"/>
<pin id="137" dir="1" index="2" bw="0" slack="2147483647"/>
</pin_list>
<bind>
<opcode="store(28) " fcode="store"/>
<opset="store_ln0/1 "/>
</bind>
</comp>

<comp id="139" class="1004" name="store_ln0_store_fu_139">
<pin_list>
<pin id="140" dir="0" index="0" bw="1" slack="0"/>
<pin id="141" dir="0" index="1" bw="3" slack="0"/>
<pin id="142" dir="1" index="2" bw="0" slack="2147483647"/>
</pin_list>
<bind>
<opcode="store(28) " fcode="store"/>
<opset="store_ln0/1 "/>
</bind>
</comp>

<comp id="144" class="1004" name="store_ln0_store_fu_144">
<pin_list>
<pin id="145" dir="0" index="0" bw="1" slack="0"/>
<pin id="146" dir="0" index="1" bw="5" slack="0"/>
<pin id="147" dir="1" index="2" bw="0" slack="2147483647"/>
</pin_list>
<bind>
<opcode="store(28) " fcode="store"/>
<opset="store_ln0/1 "/>
</bind>
</comp>

<comp id="149" class="1004" name="indvar_flatten1_load_load_fu_149">
<pin_list>
<pin id="150" dir="0" index="0" bw="5" slack="0"/>
<pin id="151" dir="1" index="1" bw="5" slack="0"/>
</pin_list>
<bind>
<opcode="load(27) " fcode="load"/>
<opset="indvar_flatten1_load/1 "/>
</bind>
</comp>

<comp id="152" class="1004" name="add_ln10_1_fu_152">
<pin_list>
<pin id="153" dir="0" index="0" bw="5" slack="0"/>
<pin id="154" dir="0" index="1" bw="1" slack="0"/>
<pin id="155" dir="1" index="2" bw="5" slack="0"/>
</pin_list>
<bind>
<opcode="add(8) " fcode="add"/>
<opset="add_ln10_1/1 "/>
</bind>
</comp>

<comp id="158" class="1004" name="icmp_ln10_fu_158">
<pin_list>
<pin id="159" dir="0" index="0" bw="5" slack="0"/>
<pin id="160" dir="0" index="1" bw="5" slack="0"/>
<pin id="161" dir="1" index="2" bw="1" slack="1"/>
</pin_list>
<bind>
<opcode="icmp(45) " fcode="icmp"/>
<opset="icmp_ln10/1 "/>
</bind>
</comp>

<comp id="164" class="1004" name="store_ln10_store_fu_164">
<pin_list>
<pin id="165" dir="0" index="0" bw="5" slack="0"/>
<pin id="166" dir="0" index="1" bw="5" slack="0"/>
<pin id="167" dir="1" index="2" bw="0" slack="2147483647"/>
</pin_list>
<bind>
<opcode="store(28) " fcode="store"/>
<opset="store_ln10/1 "/>
</bind>
</comp>

<comp id="169" class="1004" name="i2_load_load_fu_169">
<pin_list>
<pin id="170" dir="0" index="0" bw="3" slack="1"/>
<pin id="171" dir="1" index="1" bw="3" slack="0"/>
</pin_list>
<bind>
<opcode="load(27) " fcode="load"/>
<opset="i2_load/2 "/>
</bind>
</comp>

<comp id="172" class="1004" name="j3_load_load_fu_172">
<pin_list>
<pin id="173" dir="0" index="0" bw="3" slack="1"/>
<pin id="174" dir="1" index="1" bw="3" slack="0"/>
</pin_list>
<bind>
<opcode="load(27) " fcode="load"/>
<opset="j3_load/2 "/>
</bind>
</comp>

<comp id="175" class="1004" name="add_ln10_fu_175">
<pin_list>
<pin id="176" dir="0" index="0" bw="3" slack="0"/>
<pin id="177" dir="0" index="1" bw="1" slack="0"/>
<pin id="178" dir="1" index="2" bw="3" slack="0"/>
</pin_list>
<bind>
<opcode="add(8) " fcode="add"/>
<opset="add_ln10/2 "/>
</bind>
</comp>

<comp id="181" class="1004" name="select_ln10_fu_181">
<pin_list>
<pin id="182" dir="0" index="0" bw="1" slack="0"/>
<pin id="183" dir="0" index="1" bw="3" slack="0"/>
<pin id="184" dir="0" index="2" bw="3" slack="0"/>
<pin id="185" dir="1" index="3" bw="3" slack="0"/>
</pin_list>
<bind>
<opcode="select(49) " fcode="select"/>
<opset="select_ln10/2 "/>
</bind>
</comp>

<comp id="189" class="1004" name="i_fu_189">
<pin_list>
<pin id="190" dir="0" index="0" bw="1" slack="0"/>
<pin id="191" dir="0" index="1" bw="3" slack="0"/>
<pin id="192" dir="0" index="2" bw="3" slack="0"/>
<pin id="193" dir="1" index="3" bw="3" slack="0"/>
</pin_list>
<bind>
<opcode="select(49) " fcode="select"/>
<opset="i/2 "/>
</bind>
</comp>

<comp id="197" class="1004" name="zext_ln10_fu_197">
<pin_list>
<pin id="198" dir="0" index="0" bw="3" slack="0"/>
<pin id="199" dir="1" index="1" bw="64" slack="0"/>
</pin_list>
<bind>
<opcode="zext(34) " fcode="zext"/>
<opset="zext_ln10/2 "/>
</bind>
</comp>

<comp id="202" class="1004" name="zext_ln12_fu_202">
<pin_list>
<pin id="203" dir="0" index="0" bw="3" slack="0"/>
<pin id="204" dir="1" index="1" bw="64" slack="0"/>
</pin_list>
<bind>
<opcode="zext(34) " fcode="zext"/>
<opset="zext_ln12/2 "/>
</bind>
</comp>

<comp id="207" class="1004" name="j_fu_207">
<pin_list>
<pin id="208" dir="0" index="0" bw="3" slack="0"/>
<pin id="209" dir="0" index="1" bw="1" slack="0"/>
<pin id="210" dir="1" index="2" bw="3" slack="0"/>
</pin_list>
<bind>
<opcode="add(8) " fcode="add"/>
<opset="j/2 "/>
</bind>
</comp>

<comp id="213" class="1004" name="icmp_ln12_fu_213">
<pin_list>
<pin id="214" dir="0" index="0" bw="3" slack="0"/>
<pin id="215" dir="0" index="1" bw="3" slack="0"/>
<pin id="216" dir="1" index="2" bw="1" slack="0"/>
</pin_list>
<bind>
<opcode="icmp(45) " fcode="icmp"/>
<opset="icmp_ln12/2 "/>
</bind>
</comp>

<comp id="219" class="1004" name="store_ln12_store_fu_219">
<pin_list>
<pin id="220" dir="0" index="0" bw="3" slack="0"/>
<pin id="221" dir="0" index="1" bw="3" slack="1"/>
<pin id="222" dir="1" index="2" bw="0" slack="2147483647"/>
</pin_list>
<bind>
<opcode="store(28) " fcode="store"/>
<opset="store_ln12/2 "/>
</bind>
</comp>

<comp id="224" class="1004" name="store_ln10_store_fu_224">
<pin_list>
<pin id="225" dir="0" index="0" bw="3" slack="0"/>
<pin id="226" dir="0" index="1" bw="3" slack="1"/>
<pin id="227" dir="1" index="2" bw="0" slack="2147483647"/>
</pin_list>
<bind>
<opcode="store(28) " fcode="store"/>
<opset="store_ln10/2 "/>
</bind>
</comp>

<comp id="229" class="1004" name="select_ln10_1_cast_fu_229">
<pin_list>
<pin id="230" dir="0" index="0" bw="3" slack="1"/>
<pin id="231" dir="1" index="1" bw="5" slack="0"/>
</pin_list>
<bind>
<opcode="zext(34) " fcode="zext"/>
<opset="select_ln10_1_cast/3 "/>
</bind>
</comp>

<comp id="232" class="1004" name="tmp_fu_232">
<pin_list>
<pin id="233" dir="0" index="0" bw="5" slack="0"/>
<pin id="234" dir="0" index="1" bw="3" slack="1"/>
<pin id="235" dir="0" index="2" bw="1" slack="0"/>
<pin id="236" dir="1" index="3" bw="5" slack="0"/>
</pin_list>
<bind>
<opcode="bitconcatenate(1004) " fcode="bitconcatenate"/>
<opset="tmp/3 "/>
</bind>
</comp>

<comp id="239" class="1004" name="mul_ln16_5_fu_239">
<pin_list>
<pin id="240" dir="0" index="0" bw="5" slack="0"/>
<pin id="241" dir="0" index="1" bw="3" slack="0"/>
<pin id="242" dir="1" index="2" bw="5" slack="0"/>
</pin_list>
<bind>
<opcode="add(8) " fcode="add"/>
<opset="mul_ln16_5/3 "/>
</bind>
</comp>

<comp id="245" class="1004" name="empty_fu_245">
<pin_list>
<pin id="246" dir="0" index="0" bw="40" slack="0"/>
<pin id="247" dir="1" index="1" bw="8" slack="0"/>
</pin_list>
<bind>
<opcode="trunc(33) " fcode="trunc"/>
<opset="empty/3 "/>
</bind>
</comp>

<comp id="249" class="1004" name="conv_fu_249">
<pin_list>
<pin id="250" dir="0" index="0" bw="8" slack="0"/>
<pin id="251" dir="1" index="1" bw="16" slack="0"/>
</pin_list>
<bind>
<opcode="sext(35) " fcode="sext"/>
<opset="conv/3 "/>
</bind>
</comp>

<comp id="253" class="1004" name="tmp5_fu_253">
<pin_list>
<pin id="254" dir="0" index="0" bw="8" slack="0"/>
<pin id="255" dir="0" index="1" bw="40" slack="0"/>
<pin id="256" dir="0" index="2" bw="5" slack="0"/>
<pin id="257" dir="0" index="3" bw="5" slack="0"/>
<pin id="258" dir="1" index="4" bw="8" slack="1"/>
</pin_list>
<bind>
<opcode="partselect(1002) " fcode="partselect"/>
<opset="tmp5/3 "/>
</bind>
</comp>

<comp id="263" class="1004" name="tmp_s_fu_263">
<pin_list>
<pin id="264" dir="0" index="0" bw="8" slack="0"/>
<pin id="265" dir="0" index="1" bw="40" slack="0"/>
<pin id="266" dir="0" index="2" bw="6" slack="0"/>
<pin id="267" dir="0" index="3" bw="6" slack="0"/>
<pin id="268" dir="1" index="4" bw="8" slack="2"/>
</pin_list>
<bind>
<opcode="partselect(1002) " fcode="partselect"/>
<opset="tmp_s/3 "/>
</bind>
</comp>

<comp id="273" class="1004" name="tmp_1_fu_273">
<pin_list>
<pin id="274" dir="0" index="0" bw="8" slack="0"/>
<pin id="275" dir="0" index="1" bw="40" slack="0"/>
<pin id="276" dir="0" index="2" bw="6" slack="0"/>
<pin id="277" dir="0" index="3" bw="6" slack="0"/>
<pin id="278" dir="1" index="4" bw="8" slack="1"/>
</pin_list>
<bind>
<opcode="partselect(1002) " fcode="partselect"/>
<opset="tmp_1/3 "/>
</bind>
</comp>

<comp id="283" class="1004" name="tmp_2_fu_283">
<pin_list>
<pin id="284" dir="0" index="0" bw="8" slack="0"/>
<pin id="285" dir="0" index="1" bw="40" slack="0"/>
<pin id="286" dir="0" index="2" bw="7" slack="0"/>
<pin id="287" dir="0" index="3" bw="7" slack="0"/>
<pin id="288" dir="1" index="4" bw="8" slack="0"/>
</pin_list>
<bind>
<opcode="partselect(1002) " fcode="partselect"/>
<opset="tmp_2/3 "/>
</bind>
</comp>

<comp id="293" class="1004" name="conv_4_fu_293">
<pin_list>
<pin id="294" dir="0" index="0" bw="8" slack="0"/>
<pin id="295" dir="1" index="1" bw="16" slack="0"/>
</pin_list>
<bind>
<opcode="sext(35) " fcode="sext"/>
<opset="conv_4/3 "/>
</bind>
</comp>

<comp id="297" class="1004" name="zext_ln16_fu_297">
<pin_list>
<pin id="298" dir="0" index="0" bw="3" slack="1"/>
<pin id="299" dir="1" index="1" bw="5" slack="0"/>
</pin_list>
<bind>
<opcode="zext(34) " fcode="zext"/>
<opset="zext_ln16/3 "/>
</bind>
</comp>

<comp id="300" class="1004" name="add_ln16_4_fu_300">
<pin_list>
<pin id="301" dir="0" index="0" bw="5" slack="0"/>
<pin id="302" dir="0" index="1" bw="3" slack="0"/>
<pin id="303" dir="1" index="2" bw="5" slack="6"/>
</pin_list>
<bind>
<opcode="add(8) " fcode="add"/>
<opset="add_ln16_4/3 "/>
</bind>
</comp>

<comp id="306" class="1004" name="trunc_ln16_fu_306">
<pin_list>
<pin id="307" dir="0" index="0" bw="40" slack="0"/>
<pin id="308" dir="1" index="1" bw="8" slack="0"/>
</pin_list>
<bind>
<opcode="trunc(33) " fcode="trunc"/>
<opset="trunc_ln16/3 "/>
</bind>
</comp>

<comp id="310" class="1004" name="sext_ln16_fu_310">
<pin_list>
<pin id="311" dir="0" index="0" bw="8" slack="0"/>
<pin id="312" dir="1" index="1" bw="16" slack="0"/>
</pin_list>
<bind>
<opcode="sext(35) " fcode="sext"/>
<opset="sext_ln16/3 "/>
</bind>
</comp>

<comp id="314" class="1004" name="tmp_3_fu_314">
<pin_list>
<pin id="315" dir="0" index="0" bw="8" slack="0"/>
<pin id="316" dir="0" index="1" bw="40" slack="0"/>
<pin id="317" dir="0" index="2" bw="5" slack="0"/>
<pin id="318" dir="0" index="3" bw="5" slack="0"/>
<pin id="319" dir="1" index="4" bw="8" slack="1"/>
</pin_list>
<bind>
<opcode="partselect(1002) " fcode="partselect"/>
<opset="tmp_3/3 "/>
</bind>
</comp>

<comp id="324" class="1004" name="tmp_4_fu_324">
<pin_list>
<pin id="325" dir="0" index="0" bw="8" slack="0"/>
<pin id="326" dir="0" index="1" bw="40" slack="0"/>
<pin id="327" dir="0" index="2" bw="6" slack="0"/>
<pin id="328" dir="0" index="3" bw="6" slack="0"/>
<pin id="329" dir="1" index="4" bw="8" slack="2"/>
</pin_list>
<bind>
<opcode="partselect(1002) " fcode="partselect"/>
<opset="tmp_4/3 "/>
</bind>
</comp>

<comp id="334" class="1004" name="tmp_5_fu_334">
<pin_list>
<pin id="335" dir="0" index="0" bw="8" slack="0"/>
<pin id="336" dir="0" index="1" bw="40" slack="0"/>
<pin id="337" dir="0" index="2" bw="6" slack="0"/>
<pin id="338" dir="0" index="3" bw="6" slack="0"/>
<pin id="339" dir="1" index="4" bw="8" slack="1"/>
</pin_list>
<bind>
<opcode="partselect(1002) " fcode="partselect"/>
<opset="tmp_5/3 "/>
</bind>
</comp>

<comp id="344" class="1004" name="tmp_6_fu_344">
<pin_list>
<pin id="345" dir="0" index="0" bw="8" slack="0"/>
<pin id="346" dir="0" index="1" bw="40" slack="0"/>
<pin id="347" dir="0" index="2" bw="7" slack="0"/>
<pin id="348" dir="0" index="3" bw="7" slack="0"/>
<pin id="349" dir="1" index="4" bw="8" slack="0"/>
</pin_list>
<bind>
<opcode="partselect(1002) " fcode="partselect"/>
<opset="tmp_6/3 "/>
</bind>
</comp>

<comp id="354" class="1004" name="sext_ln16_4_fu_354">
<pin_list>
<pin id="355" dir="0" index="0" bw="8" slack="0"/>
<pin id="356" dir="1" index="1" bw="16" slack="0"/>
</pin_list>
<bind>
<opcode="sext(35) " fcode="sext"/>
<opset="sext_ln16_4/3 "/>
</bind>
</comp>

<comp id="358" class="1004" name="conv_1_fu_358">
<pin_list>
<pin id="359" dir="0" index="0" bw="8" slack="1"/>
<pin id="360" dir="1" index="1" bw="16" slack="0"/>
</pin_list>
<bind>
<opcode="sext(35) " fcode="sext"/>
<opset="conv_1/4 "/>
</bind>
</comp>

<comp id="361" class="1004" name="conv_3_fu_361">
<pin_list>
<pin id="362" dir="0" index="0" bw="8" slack="1"/>
<pin id="363" dir="1" index="1" bw="16" slack="0"/>
</pin_list>
<bind>
<opcode="sext(35) " fcode="sext"/>
<opset="conv_3/4 "/>
</bind>
</comp>

<comp id="364" class="1004" name="sext_ln16_1_fu_364">
<pin_list>
<pin id="365" dir="0" index="0" bw="8" slack="1"/>
<pin id="366" dir="1" index="1" bw="16" slack="0"/>
</pin_list>
<bind>
<opcode="sext(35) " fcode="sext"/>
<opset="sext_ln16_1/4 "/>
</bind>
</comp>

<comp id="367" class="1004" name="sext_ln16_3_fu_367">
<pin_list>
<pin id="368" dir="0" index="0" bw="8" slack="1"/>
<pin id="369" dir="1" index="1" bw="16" slack="0"/>
</pin_list>
<bind>
<opcode="sext(35) " fcode="sext"/>
<opset="sext_ln16_3/4 "/>
</bind>
</comp>

<comp id="370" class="1004" name="mul_ln16_2_fu_370">
<pin_list>
<pin id="371" dir="0" index="0" bw="8" slack="0"/>
<pin id="372" dir="0" index="1" bw="8" slack="0"/>
<pin id="373" dir="1" index="2" bw="16" slack="1"/>
</pin_list>
<bind>
<opcode="mul(12) " fcode="mul"/>
<opset="mul_ln16_2/4 "/>
</bind>
</comp>

<comp id="376" class="1004" name="mul_ln16_4_fu_376">
<pin_list>
<pin id="377" dir="0" index="0" bw="8" slack="0"/>
<pin id="378" dir="0" index="1" bw="8" slack="0"/>
<pin id="379" dir="1" index="2" bw="16" slack="1"/>
</pin_list>
<bind>
<opcode="mul(12) " fcode="mul"/>
<opset="mul_ln16_4/4 "/>
</bind>
</comp>

<comp id="382" class="1004" name="conv_2_fu_382">
<pin_list>
<pin id="383" dir="0" index="0" bw="8" slack="2"/>
<pin id="384" dir="1" index="1" bw="16" slack="0"/>
</pin_list>
<bind>
<opcode="sext(35) " fcode="sext"/>
<opset="conv_2/5 "/>
</bind>
</comp>

<comp id="385" class="1004" name="sext_ln16_2_fu_385">
<pin_list>
<pin id="386" dir="0" index="0" bw="8" slack="2"/>
<pin id="387" dir="1" index="1" bw="16" slack="0"/>
</pin_list>
<bind>
<opcode="sext(35) " fcode="sext"/>
<opset="sext_ln16_2/5 "/>
</bind>
</comp>

<comp id="388" class="1004" name="add_ln16_3_fu_388">
<pin_list>
<pin id="389" dir="0" index="0" bw="16" slack="0"/>
<pin id="390" dir="0" index="1" bw="16" slack="2"/>
<pin id="391" dir="1" index="2" bw="16" slack="1"/>
</pin_list>
<bind>
<opcode="add(8) " fcode="add"/>
<opset="add_ln16_3/8 "/>
</bind>
</comp>

<comp id="392" class="1004" name="zext_ln16_1_fu_392">
<pin_list>
<pin id="393" dir="0" index="0" bw="5" slack="6"/>
<pin id="394" dir="1" index="1" bw="64" slack="0"/>
</pin_list>
<bind>
<opcode="zext(34) " fcode="zext"/>
<opset="zext_ln16_1/9 "/>
</bind>
</comp>

<comp id="396" class="1007" name="grp_fu_396">
<pin_list>
<pin id="397" dir="0" index="0" bw="8" slack="0"/>
<pin id="398" dir="0" index="1" bw="8" slack="0"/>
<pin id="399" dir="0" index="2" bw="16" slack="2147483647"/>
<pin id="400" dir="1" index="3" bw="16" slack="1"/>
</pin_list>
<bind>
<opcode="muladd(1172) " fcode="muladd"/>
<opset="mul_ln16_1/3 add_ln16_1/5 "/>
</bind>
</comp>

<comp id="403" class="1007" name="grp_fu_403">
<pin_list>
<pin id="404" dir="0" index="0" bw="8" slack="0"/>
<pin id="405" dir="0" index="1" bw="8" slack="0"/>
<pin id="406" dir="0" index="2" bw="16" slack="2147483647"/>
<pin id="407" dir="1" index="3" bw="16" slack="2"/>
</pin_list>
<bind>
<opcode="muladd(1172) " fcode="muladd"/>
<opset="mul_ln16_3/3 add_ln16/5 "/>
</bind>
</comp>

<comp id="410" class="1007" name="grp_fu_410">
<pin_list>
<pin id="411" dir="0" index="0" bw="8" slack="0"/>
<pin id="412" dir="0" index="1" bw="8" slack="0"/>
<pin id="413" dir="0" index="2" bw="16" slack="2147483647"/>
<pin id="414" dir="1" index="3" bw="16" slack="0"/>
</pin_list>
<bind>
<opcode="muladd(1172) " fcode="muladd"/>
<opset="mul_ln16/5 add_ln16_2/7 "/>
</bind>
</comp>

<comp id="418" class="1005" name="indvar_flatten1_reg_418">
<pin_list>
<pin id="419" dir="0" index="0" bw="5" slack="0"/>
<pin id="420" dir="1" index="1" bw="5" slack="0"/>
</pin_list>
<bind>
<opset="indvar_flatten1 "/>
</bind>
</comp>

<comp id="425" class="1005" name="i2_reg_425">
<pin_list>
<pin id="426" dir="0" index="0" bw="3" slack="0"/>
<pin id="427" dir="1" index="1" bw="3" slack="0"/>
</pin_list>
<bind>
<opset="i2 "/>
</bind>
</comp>

<comp id="432" class="1005" name="j3_reg_432">
<pin_list>
<pin id="433" dir="0" index="0" bw="3" slack="0"/>
<pin id="434" dir="1" index="1" bw="3" slack="0"/>
</pin_list>
<bind>
<opset="j3 "/>
</bind>
</comp>

<comp id="439" class="1005" name="icmp_ln10_reg_439">
<pin_list>
<pin id="440" dir="0" index="0" bw="1" slack="1"/>
<pin id="441" dir="1" index="1" bw="1" slack="2147483647"/>
</pin_list>
<bind>
<opset="icmp_ln10 "/>
</bind>
</comp>

<comp id="443" class="1005" name="select_ln10_reg_443">
<pin_list>
<pin id="444" dir="0" index="0" bw="3" slack="1"/>
<pin id="445" dir="1" index="1" bw="3" slack="1"/>
</pin_list>
<bind>
<opset="select_ln10 "/>
</bind>
</comp>

<comp id="448" class="1005" name="i_reg_448">
<pin_list>
<pin id="449" dir="0" index="0" bw="3" slack="1"/>
<pin id="450" dir="1" index="1" bw="3" slack="1"/>
</pin_list>
<bind>
<opset="i "/>
</bind>
</comp>

<comp id="454" class="1005" name="a_addr_reg_454">
<pin_list>
<pin id="455" dir="0" index="0" bw="3" slack="1"/>
<pin id="456" dir="1" index="1" bw="3" slack="1"/>
</pin_list>
<bind>
<opset="a_addr "/>
</bind>
</comp>

<comp id="459" class="1005" name="b_addr_reg_459">
<pin_list>
<pin id="460" dir="0" index="0" bw="3" slack="1"/>
<pin id="461" dir="1" index="1" bw="3" slack="1"/>
</pin_list>
<bind>
<opset="b_addr "/>
</bind>
</comp>

<comp id="464" class="1005" name="icmp_ln12_reg_464">
<pin_list>
<pin id="465" dir="0" index="0" bw="1" slack="0"/>
<pin id="466" dir="1" index="1" bw="1" slack="0"/>
</pin_list>
<bind>
<opset="icmp_ln12 "/>
</bind>
</comp>

<comp id="469" class="1005" name="conv_reg_469">
<pin_list>
<pin id="470" dir="0" index="0" bw="16" slack="1"/>
<pin id="471" dir="1" index="1" bw="16" slack="1"/>
</pin_list>
<bind>
<opset="conv "/>
</bind>
</comp>

<comp id="474" class="1005" name="tmp5_reg_474">
<pin_list>
<pin id="475" dir="0" index="0" bw="8" slack="1"/>
<pin id="476" dir="1" index="1" bw="8" slack="1"/>
</pin_list>
<bind>
<opset="tmp5 "/>
</bind>
</comp>

<comp id="479" class="1005" name="tmp_s_reg_479">
<pin_list>
<pin id="480" dir="0" index="0" bw="8" slack="2"/>
<pin id="481" dir="1" index="1" bw="8" slack="2"/>
</pin_list>
<bind>
<opset="tmp_s "/>
</bind>
</comp>

<comp id="484" class="1005" name="tmp_1_reg_484">
<pin_list>
<pin id="485" dir="0" index="0" bw="8" slack="1"/>
<pin id="486" dir="1" index="1" bw="8" slack="1"/>
</pin_list>
<bind>
<opset="tmp_1 "/>
</bind>
</comp>

<comp id="489" class="1005" name="conv_4_reg_489">
<pin_list>
<pin id="490" dir="0" index="0" bw="16" slack="1"/>
<pin id="491" dir="1" index="1" bw="16" slack="1"/>
</pin_list>
<bind>
<opset="conv_4 "/>
</bind>
</comp>

<comp id="494" class="1005" name="add_ln16_4_reg_494">
<pin_list>
<pin id="495" dir="0" index="0" bw="5" slack="6"/>
<pin id="496" dir="1" index="1" bw="5" slack="6"/>
</pin_list>
<bind>
<opset="add_ln16_4 "/>
</bind>
</comp>

<comp id="499" class="1005" name="sext_ln16_reg_499">
<pin_list>
<pin id="500" dir="0" index="0" bw="16" slack="1"/>
<pin id="501" dir="1" index="1" bw="16" slack="1"/>
</pin_list>
<bind>
<opset="sext_ln16 "/>
</bind>
</comp>

<comp id="504" class="1005" name="tmp_3_reg_504">
<pin_list>
<pin id="505" dir="0" index="0" bw="8" slack="1"/>
<pin id="506" dir="1" index="1" bw="8" slack="1"/>
</pin_list>
<bind>
<opset="tmp_3 "/>
</bind>
</comp>

<comp id="509" class="1005" name="tmp_4_reg_509">
<pin_list>
<pin id="510" dir="0" index="0" bw="8" slack="2"/>
<pin id="511" dir="1" index="1" bw="8" slack="2"/>
</pin_list>
<bind>
<opset="tmp_4 "/>
</bind>
</comp>

<comp id="514" class="1005" name="tmp_5_reg_514">
<pin_list>
<pin id="515" dir="0" index="0" bw="8" slack="1"/>
<pin id="516" dir="1" index="1" bw="8" slack="1"/>
</pin_list>
<bind>
<opset="tmp_5 "/>
</bind>
</comp>

<comp id="519" class="1005" name="sext_ln16_4_reg_519">
<pin_list>
<pin id="520" dir="0" index="0" bw="16" slack="1"/>
<pin id="521" dir="1" index="1" bw="16" slack="1"/>
</pin_list>
<bind>
<opset="sext_ln16_4 "/>
</bind>
</comp>

<comp id="524" class="1005" name="mul_ln16_2_reg_524">
<pin_list>
<pin id="525" dir="0" index="0" bw="16" slack="1"/>
<pin id="526" dir="1" index="1" bw="16" slack="1"/>
</pin_list>
<bind>
<opset="mul_ln16_2 "/>
</bind>
</comp>

<comp id="529" class="1005" name="mul_ln16_4_reg_529">
<pin_list>
<pin id="530" dir="0" index="0" bw="16" slack="1"/>
<pin id="531" dir="1" index="1" bw="16" slack="1"/>
</pin_list>
<bind>
<opset="mul_ln16_4 "/>
</bind>
</comp>

<comp id="534" class="1005" name="conv_2_reg_534">
<pin_list>
<pin id="535" dir="0" index="0" bw="16" slack="1"/>
<pin id="536" dir="1" index="1" bw="16" slack="1"/>
</pin_list>
<bind>
<opset="conv_2 "/>
</bind>
</comp>

<comp id="539" class="1005" name="sext_ln16_2_reg_539">
<pin_list>
<pin id="540" dir="0" index="0" bw="16" slack="1"/>
<pin id="541" dir="1" index="1" bw="16" slack="1"/>
</pin_list>
<bind>
<opset="sext_ln16_2 "/>
</bind>
</comp>

<comp id="544" class="1005" name="add_ln16_reg_544">
<pin_list>
<pin id="545" dir="0" index="0" bw="16" slack="2"/>
<pin id="546" dir="1" index="1" bw="16" slack="2"/>
</pin_list>
<bind>
<opset="add_ln16 "/>
</bind>
</comp>

<comp id="549" class="1005" name="add_ln16_1_reg_549">
<pin_list>
<pin id="550" dir="0" index="0" bw="16" slack="1"/>
<pin id="551" dir="1" index="1" bw="16" slack="1"/>
</pin_list>
<bind>
<opset="add_ln16_1 "/>
</bind>
</comp>

<comp id="554" class="1005" name="add_ln16_3_reg_554">
<pin_list>
<pin id="555" dir="0" index="0" bw="16" slack="1"/>
<pin id="556" dir="1" index="1" bw="16" slack="1"/>
</pin_list>
<bind>
<opset="add_ln16_3 "/>
</bind>
</comp>

</comp_list>

<net_list>
<net id="75"><net_src comp="6" pin="0"/><net_sink comp="72" pin=0"/></net>

<net id="79"><net_src comp="6" pin="0"/><net_sink comp="76" pin=0"/></net>

<net id="83"><net_src comp="6" pin="0"/><net_sink comp="80" pin=0"/></net>

<net id="89"><net_src comp="0" pin="0"/><net_sink comp="84" pin=0"/></net>

<net id="90"><net_src comp="36" pin="0"/><net_sink comp="84" pin=1"/></net>

<net id="96"><net_src comp="84" pin="3"/><net_sink comp="91" pin=0"/></net>

<net id="102"><net_src comp="2" pin="0"/><net_sink comp="97" pin=0"/></net>

<net id="103"><net_src comp="36" pin="0"/><net_sink comp="97" pin=1"/></net>

<net id="109"><net_src comp="97" pin="3"/><net_sink comp="104" pin=0"/></net>

<net id="115"><net_src comp="4" pin="0"/><net_sink comp="110" pin=0"/></net>

<net id="116"><net_src comp="36" pin="0"/><net_sink comp="110" pin=1"/></net>

<net id="122"><net_src comp="110" pin="3"/><net_sink comp="117" pin=0"/></net>

<net id="126"><net_src comp="32" pin="0"/><net_sink comp="123" pin=0"/></net>

<net id="133"><net_src comp="123" pin="1"/><net_sink comp="127" pin=0"/></net>

<net id="138"><net_src comp="24" pin="0"/><net_sink comp="134" pin=0"/></net>

<net id="143"><net_src comp="24" pin="0"/><net_sink comp="139" pin=0"/></net>

<net id="148"><net_src comp="26" pin="0"/><net_sink comp="144" pin=0"/></net>

<net id="156"><net_src comp="149" pin="1"/><net_sink comp="152" pin=0"/></net>

<net id="157"><net_src comp="28" pin="0"/><net_sink comp="152" pin=1"/></net>

<net id="162"><net_src comp="149" pin="1"/><net_sink comp="158" pin=0"/></net>

<net id="163"><net_src comp="30" pin="0"/><net_sink comp="158" pin=1"/></net>

<net id="168"><net_src comp="152" pin="2"/><net_sink comp="164" pin=0"/></net>

<net id="179"><net_src comp="169" pin="1"/><net_sink comp="175" pin=0"/></net>

<net id="180"><net_src comp="34" pin="0"/><net_sink comp="175" pin=1"/></net>

<net id="186"><net_src comp="127" pin="4"/><net_sink comp="181" pin=0"/></net>

<net id="187"><net_src comp="24" pin="0"/><net_sink comp="181" pin=1"/></net>

<net id="188"><net_src comp="172" pin="1"/><net_sink comp="181" pin=2"/></net>

<net id="194"><net_src comp="127" pin="4"/><net_sink comp="189" pin=0"/></net>

<net id="195"><net_src comp="175" pin="2"/><net_sink comp="189" pin=1"/></net>

<net id="196"><net_src comp="169" pin="1"/><net_sink comp="189" pin=2"/></net>

<net id="200"><net_src comp="189" pin="3"/><net_sink comp="197" pin=0"/></net>

<net id="201"><net_src comp="197" pin="1"/><net_sink comp="84" pin=2"/></net>

<net id="205"><net_src comp="181" pin="3"/><net_sink comp="202" pin=0"/></net>

<net id="206"><net_src comp="202" pin="1"/><net_sink comp="97" pin=2"/></net>

<net id="211"><net_src comp="181" pin="3"/><net_sink comp="207" pin=0"/></net>

<net id="212"><net_src comp="34" pin="0"/><net_sink comp="207" pin=1"/></net>

<net id="217"><net_src comp="207" pin="2"/><net_sink comp="213" pin=0"/></net>

<net id="218"><net_src comp="38" pin="0"/><net_sink comp="213" pin=1"/></net>

<net id="223"><net_src comp="207" pin="2"/><net_sink comp="219" pin=0"/></net>

<net id="228"><net_src comp="189" pin="3"/><net_sink comp="224" pin=0"/></net>

<net id="237"><net_src comp="40" pin="0"/><net_sink comp="232" pin=0"/></net>

<net id="238"><net_src comp="42" pin="0"/><net_sink comp="232" pin=2"/></net>

<net id="243"><net_src comp="232" pin="3"/><net_sink comp="239" pin=0"/></net>

<net id="244"><net_src comp="229" pin="1"/><net_sink comp="239" pin=1"/></net>

<net id="248"><net_src comp="91" pin="3"/><net_sink comp="245" pin=0"/></net>

<net id="252"><net_src comp="245" pin="1"/><net_sink comp="249" pin=0"/></net>

<net id="259"><net_src comp="44" pin="0"/><net_sink comp="253" pin=0"/></net>

<net id="260"><net_src comp="91" pin="3"/><net_sink comp="253" pin=1"/></net>

<net id="261"><net_src comp="46" pin="0"/><net_sink comp="253" pin=2"/></net>

<net id="262"><net_src comp="48" pin="0"/><net_sink comp="253" pin=3"/></net>

<net id="269"><net_src comp="44" pin="0"/><net_sink comp="263" pin=0"/></net>

<net id="270"><net_src comp="91" pin="3"/><net_sink comp="263" pin=1"/></net>

<net id="271"><net_src comp="50" pin="0"/><net_sink comp="263" pin=2"/></net>

<net id="272"><net_src comp="52" pin="0"/><net_sink comp="263" pin=3"/></net>

<net id="279"><net_src comp="44" pin="0"/><net_sink comp="273" pin=0"/></net>

<net id="280"><net_src comp="91" pin="3"/><net_sink comp="273" pin=1"/></net>

<net id="281"><net_src comp="54" pin="0"/><net_sink comp="273" pin=2"/></net>

<net id="282"><net_src comp="56" pin="0"/><net_sink comp="273" pin=3"/></net>

<net id="289"><net_src comp="44" pin="0"/><net_sink comp="283" pin=0"/></net>

<net id="290"><net_src comp="91" pin="3"/><net_sink comp="283" pin=1"/></net>

<net id="291"><net_src comp="58" pin="0"/><net_sink comp="283" pin=2"/></net>

<net id="292"><net_src comp="60" pin="0"/><net_sink comp="283" pin=3"/></net>

<net id="296"><net_src comp="283" pin="4"/><net_sink comp="293" pin=0"/></net>

<net id="304"><net_src comp="239" pin="2"/><net_sink comp="300" pin=0"/></net>

<net id="305"><net_src comp="297" pin="1"/><net_sink comp="300" pin=1"/></net>

<net id="309"><net_src comp="104" pin="3"/><net_sink comp="306" pin=0"/></net>

<net id="313"><net_src comp="306" pin="1"/><net_sink comp="310" pin=0"/></net>

<net id="320"><net_src comp="44" pin="0"/><net_sink comp="314" pin=0"/></net>

<net id="321"><net_src comp="104" pin="3"/><net_sink comp="314" pin=1"/></net>

<net id="322"><net_src comp="46" pin="0"/><net_sink comp="314" pin=2"/></net>

<net id="323"><net_src comp="48" pin="0"/><net_sink comp="314" pin=3"/></net>

<net id="330"><net_src comp="44" pin="0"/><net_sink comp="324" pin=0"/></net>

<net id="331"><net_src comp="104" pin="3"/><net_sink comp="324" pin=1"/></net>

<net id="332"><net_src comp="50" pin="0"/><net_sink comp="324" pin=2"/></net>

<net id="333"><net_src comp="52" pin="0"/><net_sink comp="324" pin=3"/></net>

<net id="340"><net_src comp="44" pin="0"/><net_sink comp="334" pin=0"/></net>

<net id="341"><net_src comp="104" pin="3"/><net_sink comp="334" pin=1"/></net>

<net id="342"><net_src comp="54" pin="0"/><net_sink comp="334" pin=2"/></net>

<net id="343"><net_src comp="56" pin="0"/><net_sink comp="334" pin=3"/></net>

<net id="350"><net_src comp="44" pin="0"/><net_sink comp="344" pin=0"/></net>

<net id="351"><net_src comp="104" pin="3"/><net_sink comp="344" pin=1"/></net>

<net id="352"><net_src comp="58" pin="0"/><net_sink comp="344" pin=2"/></net>

<net id="353"><net_src comp="60" pin="0"/><net_sink comp="344" pin=3"/></net>

<net id="357"><net_src comp="344" pin="4"/><net_sink comp="354" pin=0"/></net>

<net id="374"><net_src comp="367" pin="1"/><net_sink comp="370" pin=0"/></net>

<net id="375"><net_src comp="361" pin="1"/><net_sink comp="370" pin=1"/></net>

<net id="380"><net_src comp="364" pin="1"/><net_sink comp="376" pin=0"/></net>

<net id="381"><net_src comp="358" pin="1"/><net_sink comp="376" pin=1"/></net>

<net id="395"><net_src comp="392" pin="1"/><net_sink comp="110" pin=2"/></net>

<net id="401"><net_src comp="354" pin="1"/><net_sink comp="396" pin=0"/></net>

<net id="402"><net_src comp="293" pin="1"/><net_sink comp="396" pin=1"/></net>

<net id="408"><net_src comp="310" pin="1"/><net_sink comp="403" pin=0"/></net>

<net id="409"><net_src comp="249" pin="1"/><net_sink comp="403" pin=1"/></net>

<net id="415"><net_src comp="385" pin="1"/><net_sink comp="410" pin=0"/></net>

<net id="416"><net_src comp="382" pin="1"/><net_sink comp="410" pin=1"/></net>

<net id="417"><net_src comp="410" pin="3"/><net_sink comp="388" pin=0"/></net>

<net id="421"><net_src comp="72" pin="1"/><net_sink comp="418" pin=0"/></net>

<net id="422"><net_src comp="418" pin="1"/><net_sink comp="144" pin=1"/></net>

<net id="423"><net_src comp="418" pin="1"/><net_sink comp="149" pin=0"/></net>

<net id="424"><net_src comp="418" pin="1"/><net_sink comp="164" pin=1"/></net>

<net id="428"><net_src comp="76" pin="1"/><net_sink comp="425" pin=0"/></net>

<net id="429"><net_src comp="425" pin="1"/><net_sink comp="139" pin=1"/></net>

<net id="430"><net_src comp="425" pin="1"/><net_sink comp="169" pin=0"/></net>

<net id="431"><net_src comp="425" pin="1"/><net_sink comp="224" pin=1"/></net>

<net id="435"><net_src comp="80" pin="1"/><net_sink comp="432" pin=0"/></net>

<net id="436"><net_src comp="432" pin="1"/><net_sink comp="134" pin=1"/></net>

<net id="437"><net_src comp="432" pin="1"/><net_sink comp="172" pin=0"/></net>

<net id="438"><net_src comp="432" pin="1"/><net_sink comp="219" pin=1"/></net>

<net id="442"><net_src comp="158" pin="2"/><net_sink comp="439" pin=0"/></net>

<net id="446"><net_src comp="181" pin="3"/><net_sink comp="443" pin=0"/></net>

<net id="447"><net_src comp="443" pin="1"/><net_sink comp="297" pin=0"/></net>

<net id="451"><net_src comp="189" pin="3"/><net_sink comp="448" pin=0"/></net>

<net id="452"><net_src comp="448" pin="1"/><net_sink comp="229" pin=0"/></net>

<net id="453"><net_src comp="448" pin="1"/><net_sink comp="232" pin=1"/></net>

<net id="457"><net_src comp="84" pin="3"/><net_sink comp="454" pin=0"/></net>

<net id="458"><net_src comp="454" pin="1"/><net_sink comp="91" pin=0"/></net>

<net id="462"><net_src comp="97" pin="3"/><net_sink comp="459" pin=0"/></net>

<net id="463"><net_src comp="459" pin="1"/><net_sink comp="104" pin=0"/></net>

<net id="467"><net_src comp="213" pin="2"/><net_sink comp="464" pin=0"/></net>

<net id="468"><net_src comp="464" pin="1"/><net_sink comp="127" pin=2"/></net>

<net id="472"><net_src comp="249" pin="1"/><net_sink comp="469" pin=0"/></net>

<net id="473"><net_src comp="469" pin="1"/><net_sink comp="403" pin=1"/></net>

<net id="477"><net_src comp="253" pin="4"/><net_sink comp="474" pin=0"/></net>

<net id="478"><net_src comp="474" pin="1"/><net_sink comp="358" pin=0"/></net>

<net id="482"><net_src comp="263" pin="4"/><net_sink comp="479" pin=0"/></net>

<net id="483"><net_src comp="479" pin="1"/><net_sink comp="382" pin=0"/></net>

<net id="487"><net_src comp="273" pin="4"/><net_sink comp="484" pin=0"/></net>

<net id="488"><net_src comp="484" pin="1"/><net_sink comp="361" pin=0"/></net>

<net id="492"><net_src comp="293" pin="1"/><net_sink comp="489" pin=0"/></net>

<net id="493"><net_src comp="489" pin="1"/><net_sink comp="396" pin=1"/></net>

<net id="497"><net_src comp="300" pin="2"/><net_sink comp="494" pin=0"/></net>

<net id="498"><net_src comp="494" pin="1"/><net_sink comp="392" pin=0"/></net>

<net id="502"><net_src comp="310" pin="1"/><net_sink comp="499" pin=0"/></net>

<net id="503"><net_src comp="499" pin="1"/><net_sink comp="403" pin=0"/></net>

<net id="507"><net_src comp="314" pin="4"/><net_sink comp="504" pin=0"/></net>

<net id="508"><net_src comp="504" pin="1"/><net_sink comp="364" pin=0"/></net>

<net id="512"><net_src comp="324" pin="4"/><net_sink comp="509" pin=0"/></net>

<net id="513"><net_src comp="509" pin="1"/><net_sink comp="385" pin=0"/></net>

<net id="517"><net_src comp="334" pin="4"/><net_sink comp="514" pin=0"/></net>

<net id="518"><net_src comp="514" pin="1"/><net_sink comp="367" pin=0"/></net>

<net id="522"><net_src comp="354" pin="1"/><net_sink comp="519" pin=0"/></net>

<net id="523"><net_src comp="519" pin="1"/><net_sink comp="396" pin=0"/></net>

<net id="527"><net_src comp="370" pin="2"/><net_sink comp="524" pin=0"/></net>

<net id="528"><net_src comp="524" pin="1"/><net_sink comp="396" pin=0"/></net>

<net id="532"><net_src comp="376" pin="2"/><net_sink comp="529" pin=0"/></net>

<net id="533"><net_src comp="529" pin="1"/><net_sink comp="403" pin=0"/></net>

<net id="537"><net_src comp="382" pin="1"/><net_sink comp="534" pin=0"/></net>

<net id="538"><net_src comp="534" pin="1"/><net_sink comp="410" pin=1"/></net>

<net id="542"><net_src comp="385" pin="1"/><net_sink comp="539" pin=0"/></net>

<net id="543"><net_src comp="539" pin="1"/><net_sink comp="410" pin=0"/></net>

<net id="547"><net_src comp="403" pin="3"/><net_sink comp="544" pin=0"/></net>

<net id="548"><net_src comp="544" pin="1"/><net_sink comp="388" pin=1"/></net>

<net id="552"><net_src comp="396" pin="3"/><net_sink comp="549" pin=0"/></net>

<net id="553"><net_src comp="549" pin="1"/><net_sink comp="410" pin=0"/></net>

<net id="557"><net_src comp="388" pin="2"/><net_sink comp="554" pin=0"/></net>

<net id="558"><net_src comp="554" pin="1"/><net_sink comp="117" pin=1"/></net>

</net_list>

</model> 
---------------- Datapath Model END ------------------

* FSMD analyzer results:
  - Output states:
	Port: prod | {9 }
 - Input state : 
	Port: matrix_mult : a | {2 3 }
	Port: matrix_mult : b | {2 3 }
  - Chain level:
	State 1
		store_ln0 : 1
		store_ln0 : 1
		store_ln0 : 1
		indvar_flatten1_load : 1
		add_ln10_1 : 2
		icmp_ln10 : 2
		store_ln10 : 3
		br_ln10 : 3
	State 2
		add_ln10 : 1
		select_ln10 : 1
		i : 2
		zext_ln10 : 3
		a_addr : 4
		a_load : 5
		zext_ln12 : 2
		b_addr : 3
		b_load : 4
		j : 2
		icmp_ln12 : 3
		store_ln12 : 3
		store_ln10 : 3
	State 3
		mul_ln16_5 : 1
		empty : 1
		conv : 2
		tmp5 : 1
		tmp_s : 1
		tmp_1 : 1
		tmp_2 : 1
		conv_4 : 2
		add_ln16_4 : 2
		trunc_ln16 : 1
		sext_ln16 : 2
		tmp_3 : 1
		tmp_4 : 1
		tmp_5 : 1
		tmp_6 : 1
		sext_ln16_4 : 2
		mul_ln16_1 : 3
		mul_ln16_3 : 3
	State 4
		mul_ln16_2 : 1
		mul_ln16_4 : 1
	State 5
		mul_ln16 : 1
		add_ln16 : 1
		add_ln16_1 : 1
	State 6
	State 7
		add_ln16_2 : 1
	State 8
		add_ln16_3 : 1
	State 9
		prod_addr : 1
		store_ln16 : 2


============================================================
+ Verbose Summary: Datapath Resource usage 
============================================================

* Functional unit list:
|----------|---------------------------|---------|---------|---------|
| Operation|      Functional Unit      |   DSP   |    FF   |   LUT   |
|----------|---------------------------|---------|---------|---------|
|    mul   |     mul_ln16_2_fu_370     |    0    |    0    |    41   |
|          |     mul_ln16_4_fu_376     |    0    |    0    |    41   |
|----------|---------------------------|---------|---------|---------|
|          |     add_ln10_1_fu_152     |    0    |    0    |    13   |
|          |      add_ln10_fu_175      |    0    |    0    |    11   |
|    add   |          j_fu_207         |    0    |    0    |    11   |
|          |     mul_ln16_5_fu_239     |    0    |    0    |    7    |
|          |     add_ln16_4_fu_300     |    0    |    0    |    7    |
|          |     add_ln16_3_fu_388     |    0    |    0    |    23   |
|----------|---------------------------|---------|---------|---------|
|   icmp   |      icmp_ln10_fu_158     |    0    |    0    |    13   |
|          |      icmp_ln12_fu_213     |    0    |    0    |    11   |
|----------|---------------------------|---------|---------|---------|
|  select  |     select_ln10_fu_181    |    0    |    0    |    3    |
|          |          i_fu_189         |    0    |    0    |    3    |
|----------|---------------------------|---------|---------|---------|
|          |         grp_fu_396        |    1    |    0    |    0    |
|  muladd  |         grp_fu_403        |    1    |    0    |    0    |
|          |         grp_fu_410        |    1    |    0    |    0    |
|----------|---------------------------|---------|---------|---------|
|          |      zext_ln10_fu_197     |    0    |    0    |    0    |
|          |      zext_ln12_fu_202     |    0    |    0    |    0    |
|   zext   | select_ln10_1_cast_fu_229 |    0    |    0    |    0    |
|          |      zext_ln16_fu_297     |    0    |    0    |    0    |
|          |     zext_ln16_1_fu_392    |    0    |    0    |    0    |
|----------|---------------------------|---------|---------|---------|
|bitconcatenate|         tmp_fu_232        |    0    |    0    |    0    |
|----------|---------------------------|---------|---------|---------|
|   trunc  |        empty_fu_245       |    0    |    0    |    0    |
|          |     trunc_ln16_fu_306     |    0    |    0    |    0    |
|----------|---------------------------|---------|---------|---------|
|          |        conv_fu_249        |    0    |    0    |    0    |
|          |       conv_4_fu_293       |    0    |    0    |    0    |
|          |      sext_ln16_fu_310     |    0    |    0    |    0    |
|          |     sext_ln16_4_fu_354    |    0    |    0    |    0    |
|   sext   |       conv_1_fu_358       |    0    |    0    |    0    |
|          |       conv_3_fu_361       |    0    |    0    |    0    |
|          |     sext_ln16_1_fu_364    |    0    |    0    |    0    |
|          |     sext_ln16_3_fu_367    |    0    |    0    |    0    |
|          |       conv_2_fu_382       |    0    |    0    |    0    |
|          |     sext_ln16_2_fu_385    |    0    |    0    |    0    |
|----------|---------------------------|---------|---------|---------|
|          |        tmp5_fu_253        |    0    |    0    |    0    |
|          |        tmp_s_fu_263       |    0    |    0    |    0    |
|          |        tmp_1_fu_273       |    0    |    0    |    0    |
|partselect|        tmp_2_fu_283       |    0    |    0    |    0    |
|          |        tmp_3_fu_314       |    0    |    0    |    0    |
|          |        tmp_4_fu_324       |    0    |    0    |    0    |
|          |        tmp_5_fu_334       |    0    |    0    |    0    |
|          |        tmp_6_fu_344       |    0    |    0    |    0    |
|----------|---------------------------|---------|---------|---------|
|   Total  |                           |    3    |    0    |   184   |
|----------|---------------------------|---------|---------|---------|

Memories:
N/A

* Register list:
+-----------------------+--------+
|                       |   FF   |
+-----------------------+--------+
|     a_addr_reg_454    |    3   |
|   add_ln16_1_reg_549  |   16   |
|   add_ln16_3_reg_554  |   16   |
|   add_ln16_4_reg_494  |    5   |
|    add_ln16_reg_544   |   16   |
|     b_addr_reg_459    |    3   |
|     conv_2_reg_534    |   16   |
|     conv_4_reg_489    |   16   |
|      conv_reg_469     |   16   |
|       i2_reg_425      |    3   |
|       i_reg_448       |    3   |
|   icmp_ln10_reg_439   |    1   |
|   icmp_ln124_reg_123  |    1   |
|   icmp_ln12_reg_464   |    1   |
|indvar_flatten1_reg_418|    5   |
|       j3_reg_432      |    3   |
|   mul_ln16_2_reg_524  |   16   |
|   mul_ln16_4_reg_529  |   16   |
|  select_ln10_reg_443  |    3   |
|  sext_ln16_2_reg_539  |   16   |
|  sext_ln16_4_reg_519  |   16   |
|   sext_ln16_reg_499   |   16   |
|      tmp5_reg_474     |    8   |
|     tmp_1_reg_484     |    8   |
|     tmp_3_reg_504     |    8   |
|     tmp_4_reg_509     |    8   |
|     tmp_5_reg_514     |    8   |
|     tmp_s_reg_479     |    8   |
+-----------------------+--------+
|         Total         |   255  |
+-----------------------+--------+

* Multiplexer (MUX) list: 
|-------------------|------|------|------|--------||---------||---------||---------|
|        Comp       |  Pin | Size |  BW  | S x BW ||  Delay  ||    FF   ||   LUT   |
|-------------------|------|------|------|--------||---------||---------||---------|
|  grp_access_fu_91 |  p0  |   2  |   3  |    6   ||    0    ||    9    |
| grp_access_fu_104 |  p0  |   2  |   3  |    6   ||    0    ||    9    |
|     grp_fu_396    |  p0  |   3  |   8  |   24   ||    0    ||    13   |
|     grp_fu_396    |  p1  |   2  |   8  |   16   ||    0    ||    9    |
|     grp_fu_403    |  p0  |   3  |   8  |   24   ||    0    ||    13   |
|     grp_fu_403    |  p1  |   2  |   8  |   16   ||    0    ||    9    |
|     grp_fu_410    |  p0  |   3  |   8  |   24   ||    0    ||    13   |
|     grp_fu_410    |  p1  |   2  |   8  |   16   ||    0    ||    9    |
|-------------------|------|------|------|--------||---------||---------||---------|
|       Total       |      |      |      |   132  || 8.28707 ||    0    ||    84   |
|-------------------|------|------|------|--------||---------||---------||---------|



* Summary:
+-----------+--------+--------+--------+--------+
|           |   DSP  |  Delay |   FF   |   LUT  |
+-----------+--------+--------+--------+--------+
|  Function |    3   |    -   |    0   |   184  |
|   Memory  |    -   |    -   |    -   |    -   |
|Multiplexer|    -   |    8   |    0   |   84   |
|  Register |    -   |    -   |   255  |    -   |
+-----------+--------+--------+--------+--------+
|   Total   |    3   |    8   |   255  |   268  |
+-----------+--------+--------+--------+--------+
