

================================================================
== Vitis HLS Report for 'matrix_mult'
================================================================
* Date:           Mon May 25 20:45:46 2026

* Version:        2024.1 (Build 5069499 on May 21 2024)
* Project:        tutor3
* Solution:       solution3 (Vivado IP Flow Target)
* Product family: kintex7
* Target device:  xc7k70t-fbv676-1


================================================================
== Performance Estimates
================================================================
+ Timing: 
    * Summary: 
    +--------+---------+----------+------------+
    |  Clock |  Target | Estimated| Uncertainty|
    +--------+---------+----------+------------+
    |ap_clk  |  5.00 ns|  3.417 ns|     1.35 ns|
    +--------+---------+----------+------------+

+ Latency: 
    * Summary: 
    +---------+---------+----------+----------+-----+-----+-----------------------------------------------+
    |  Latency (cycles) |  Latency (absolute) |  Interval |                    Pipeline                   |
    |   min   |   max   |    min   |    max   | min | max |                      Type                     |
    +---------+---------+----------+----------+-----+-----+-----------------------------------------------+
    |       83|       83|  0.415 us|  0.415 us|   75|   75|  loop auto-rewind stp(delay=0 clock cycles(s))|
    +---------+---------+----------+----------+-----+-----+-----------------------------------------------+

    + Detail: 
        * Instance: 
        N/A

        * Loop: 
        +-----------+---------+---------+----------+-----------+-----------+------+----------+
        |           |  Latency (cycles) | Iteration|  Initiation Interval  | Trip |          |
        | Loop Name |   min   |   max   |  Latency |  achieved |   target  | Count| Pipelined|
        +-----------+---------+---------+----------+-----------+-----------+------+----------+
        |- Row_Col  |       81|       81|        10|          3|          1|    25|       yes|
        +-----------+---------+---------+----------+-----------+-----------+------+----------+

============================================================
+ Verbose Summary: Synthesis Manager
============================================================
InlineROM: 1
ExposeGlobal: 0
============================================================
+ Verbose Summary: CDFG Model
============================================================
IsTopModel: 1
ResetActiveHigh: 1
IsCombinational: 0
IsDatapathOnly: 0
HasWiredReturn: 1
HasMFsm: 2
HasVarLatency: 1
IsPipeline: 0
IsRtlPipelined: 0
IsInstanceOverlapped: 0
IsDontTouch: 0
HasImplIP: 0
IsGatedGlobalClock: 0

+ Individual pipeline summary: 
  * Pipeline-0: initiation interval (II) = 3, depth = 10


============================================================
+ Verbose Summary: Schedule
============================================================
* Number of FSM states : 10
* Pipeline : 1
  Pipeline-0 : II = 3, D = 10, States = { 1 2 3 4 5 6 7 8 9 10 }
* Dataflow Pipeline: 0

* FSM state transitions: 
1 --> 2 
2 --> 3 
3 --> 4 
4 --> 5 
5 --> 6 
6 --> 7 
7 --> 8 
8 --> 9 
9 --> 10 
10 --> 

* FSM state operations: 

State 1 <SV = 0> <Delay = 2.19>
ST_1 : Operation 13 [1/1] (0.00ns)   --->   "%indvar_flatten1 = alloca i32 1"   --->   Operation 13 'alloca' 'indvar_flatten1' <Predicate = true> <Delay = 0.00>
ST_1 : Operation 14 [1/1] (0.00ns)   --->   "%i2 = alloca i32 1"   --->   Operation 14 'alloca' 'i2' <Predicate = true> <Delay = 0.00>
ST_1 : Operation 15 [1/1] (0.00ns)   --->   "%j3 = alloca i32 1"   --->   Operation 15 'alloca' 'j3' <Predicate = true> <Delay = 0.00>
ST_1 : Operation 16 [1/1] (0.00ns)   --->   "%spectopmodule_ln4 = spectopmodule void @_ssdm_op_SpecTopModule, void @empty_1" [matrix_mult.cpp:4]   --->   Operation 16 'spectopmodule' 'spectopmodule_ln4' <Predicate = true> <Delay = 0.00>
ST_1 : Operation 17 [1/1] (0.00ns)   --->   "%specinterface_ln0 = specinterface void @_ssdm_op_SpecInterface, i8 %a, void @empty, i32 0, i32 0, void @empty_0, i32 4294967295, i32 0, void @empty_0, void @empty_0, void @empty_0, i32 0, i32 0, i32 0, i32 0, void @empty_0, void @empty_0, i32 4294967295, i32 0, i32 0"   --->   Operation 17 'specinterface' 'specinterface_ln0' <Predicate = true> <Delay = 0.00>
ST_1 : Operation 18 [1/1] (0.00ns)   --->   "%specbitsmap_ln0 = specbitsmap void @_ssdm_op_SpecBitsMap, i8 %a"   --->   Operation 18 'specbitsmap' 'specbitsmap_ln0' <Predicate = true> <Delay = 0.00>
ST_1 : Operation 19 [1/1] (0.00ns)   --->   "%specinterface_ln0 = specinterface void @_ssdm_op_SpecInterface, i8 %b, void @empty, i32 0, i32 0, void @empty_0, i32 4294967295, i32 0, void @empty_0, void @empty_0, void @empty_0, i32 0, i32 0, i32 0, i32 0, void @empty_0, void @empty_0, i32 4294967295, i32 0, i32 0"   --->   Operation 19 'specinterface' 'specinterface_ln0' <Predicate = true> <Delay = 0.00>
ST_1 : Operation 20 [1/1] (0.00ns)   --->   "%specbitsmap_ln0 = specbitsmap void @_ssdm_op_SpecBitsMap, i8 %b"   --->   Operation 20 'specbitsmap' 'specbitsmap_ln0' <Predicate = true> <Delay = 0.00>
ST_1 : Operation 21 [1/1] (0.00ns)   --->   "%specinterface_ln0 = specinterface void @_ssdm_op_SpecInterface, i16 %prod, void @empty, i32 0, i32 0, void @empty_0, i32 4294967295, i32 0, void @empty_0, void @empty_0, void @empty_0, i32 0, i32 0, i32 0, i32 0, void @empty_0, void @empty_0, i32 4294967295, i32 0, i32 0"   --->   Operation 21 'specinterface' 'specinterface_ln0' <Predicate = true> <Delay = 0.00>
ST_1 : Operation 22 [1/1] (0.00ns)   --->   "%specbitsmap_ln0 = specbitsmap void @_ssdm_op_SpecBitsMap, i16 %prod"   --->   Operation 22 'specbitsmap' 'specbitsmap_ln0' <Predicate = true> <Delay = 0.00>
ST_1 : Operation 23 [1/1] (1.02ns)   --->   "%store_ln0 = store i3 0, i3 %j3"   --->   Operation 23 'store' 'store_ln0' <Predicate = true> <Delay = 1.02>
ST_1 : Operation 24 [1/1] (1.02ns)   --->   "%store_ln0 = store i3 0, i3 %i2"   --->   Operation 24 'store' 'store_ln0' <Predicate = true> <Delay = 1.02>
ST_1 : Operation 25 [1/1] (1.02ns)   --->   "%store_ln0 = store i5 0, i5 %indvar_flatten1"   --->   Operation 25 'store' 'store_ln0' <Predicate = true> <Delay = 1.02>
ST_1 : Operation 26 [1/1] (1.02ns)   --->   "%br_ln0 = br void %for.inc29"   --->   Operation 26 'br' 'br_ln0' <Predicate = true> <Delay = 1.02>
ST_1 : Operation 27 [1/1] (0.00ns)   --->   "%icmp_ln124 = phi i1 0, void %entry, i1 %icmp_ln12, void %for.inc29" [matrix_mult.cpp:12]   --->   Operation 27 'phi' 'icmp_ln124' <Predicate = true> <Delay = 0.00>
ST_1 : Operation 28 [1/1] (0.00ns)   --->   "%i2_load = load i3 %i2" [matrix_mult.cpp:10]   --->   Operation 28 'load' 'i2_load' <Predicate = true> <Delay = 0.00>
ST_1 : Operation 29 [1/1] (1.16ns)   --->   "%add_ln10 = add i3 %i2_load, i3 1" [matrix_mult.cpp:10]   --->   Operation 29 'add' 'add_ln10' <Predicate = true> <Delay = 1.16> <CoreInst = "Adder">   --->   Core 1 'Adder' <Latency = 0> <II = 1> <Delay = 1.16> <FuncUnit> <Opcode : 'add' 'sub'> <InPorts = 2> <OutPorts = 1>

State 2 <SV = 1> <Delay = 3.41>
ST_2 : Operation 30 [1/1] (0.00ns)   --->   "%j3_load = load i3 %j3" [matrix_mult.cpp:10]   --->   Operation 30 'load' 'j3_load' <Predicate = true> <Delay = 0.00>
ST_2 : Operation 31 [1/1] (0.65ns)   --->   "%select_ln10 = select i1 %icmp_ln124, i3 0, i3 %j3_load" [matrix_mult.cpp:10]   --->   Operation 31 'select' 'select_ln10' <Predicate = true> <Delay = 0.65> <CoreInst = "Sel">   --->   Core 73 'Sel' <Latency = 0> <II = 1> <Delay = 0.65> <FuncUnit> <Opcode : 'select'> <InPorts = 3> <OutPorts = 1>
ST_2 : Operation 32 [1/1] (0.65ns)   --->   "%i = select i1 %icmp_ln124, i3 %add_ln10, i3 %i2_load" [matrix_mult.cpp:10]   --->   Operation 32 'select' 'i' <Predicate = true> <Delay = 0.65> <CoreInst = "Sel">   --->   Core 73 'Sel' <Latency = 0> <II = 1> <Delay = 0.65> <FuncUnit> <Opcode : 'select'> <InPorts = 3> <OutPorts = 1>
ST_2 : Operation 33 [1/1] (0.00ns)   --->   "%select_ln10_1_cast = zext i3 %i" [matrix_mult.cpp:10]   --->   Operation 33 'zext' 'select_ln10_1_cast' <Predicate = true> <Delay = 0.00>
ST_2 : Operation 34 [1/1] (0.00ns)   --->   "%tmp = bitconcatenate i5 @_ssdm_op_BitConcatenate.i5.i3.i2, i3 %i, i2 0" [matrix_mult.cpp:10]   --->   Operation 34 'bitconcatenate' 'tmp' <Predicate = true> <Delay = 0.00>
ST_2 : Operation 35 [1/1] (0.00ns)   --->   "%p_shl = zext i5 %tmp" [matrix_mult.cpp:10]   --->   Operation 35 'zext' 'p_shl' <Predicate = true> <Delay = 0.00>
ST_2 : Operation 36 [1/1] (1.33ns)   --->   "%empty = add i6 %p_shl, i6 %select_ln10_1_cast" [matrix_mult.cpp:10]   --->   Operation 36 'add' 'empty' <Predicate = true> <Delay = 1.33> <CoreInst = "Adder">   --->   Core 1 'Adder' <Latency = 0> <II = 1> <Delay = 1.33> <FuncUnit> <Opcode : 'add' 'sub'> <InPorts = 2> <OutPorts = 1>
ST_2 : Operation 37 [1/1] (0.00ns)   --->   "%p_cast6 = zext i6 %empty" [matrix_mult.cpp:10]   --->   Operation 37 'zext' 'p_cast6' <Predicate = true> <Delay = 0.00>
ST_2 : Operation 38 [1/1] (0.00ns)   --->   "%empty_4 = trunc i6 %empty" [matrix_mult.cpp:10]   --->   Operation 38 'trunc' 'empty_4' <Predicate = true> <Delay = 0.00>
ST_2 : Operation 39 [1/1] (0.00ns)   --->   "%a_addr = getelementptr i8 %a, i64 0, i64 %p_cast6" [matrix_mult.cpp:10]   --->   Operation 39 'getelementptr' 'a_addr' <Predicate = true> <Delay = 0.00>
ST_2 : Operation 40 [2/2] (1.42ns)   --->   "%a_load = load i5 %a_addr" [matrix_mult.cpp:10]   --->   Operation 40 'load' 'a_load' <Predicate = true> <Delay = 1.42> <CoreInst = "RAM">   --->   Core 81 'RAM' <Latency = 1> <II = 1> <Delay = 1.42> <Storage> <Opcode : 'load' 'store'> <Ports = 2> <Width = 8> <Depth = 25> <RAM>
ST_2 : Operation 41 [1/1] (0.00ns)   --->   "%zext_ln16 = zext i3 %select_ln10" [matrix_mult.cpp:16]   --->   Operation 41 'zext' 'zext_ln16' <Predicate = true> <Delay = 0.00>
ST_2 : Operation 42 [1/1] (1.33ns)   --->   "%add_ln16_6 = add i5 %zext_ln16, i5 15" [matrix_mult.cpp:16]   --->   Operation 42 'add' 'add_ln16_6' <Predicate = true> <Delay = 1.33> <CoreInst = "Adder">   --->   Core 1 'Adder' <Latency = 0> <II = 1> <Delay = 1.33> <FuncUnit> <Opcode : 'add' 'sub'> <InPorts = 2> <OutPorts = 1>
ST_2 : Operation 43 [1/1] (0.00ns)   --->   "%zext_ln16_4 = zext i5 %add_ln16_6" [matrix_mult.cpp:16]   --->   Operation 43 'zext' 'zext_ln16_4' <Predicate = true> <Delay = 0.00>
ST_2 : Operation 44 [1/1] (0.00ns)   --->   "%b_addr_3 = getelementptr i8 %b, i64 0, i64 %zext_ln16_4" [matrix_mult.cpp:16]   --->   Operation 44 'getelementptr' 'b_addr_3' <Predicate = true> <Delay = 0.00>
ST_2 : Operation 45 [1/1] (1.33ns)   --->   "%add_ln16_7 = add i5 %zext_ln16, i5 20" [matrix_mult.cpp:16]   --->   Operation 45 'add' 'add_ln16_7' <Predicate = true> <Delay = 1.33> <CoreInst = "Adder">   --->   Core 1 'Adder' <Latency = 0> <II = 1> <Delay = 1.33> <FuncUnit> <Opcode : 'add' 'sub'> <InPorts = 2> <OutPorts = 1>
ST_2 : Operation 46 [1/1] (0.00ns)   --->   "%zext_ln16_5 = zext i5 %add_ln16_7" [matrix_mult.cpp:16]   --->   Operation 46 'zext' 'zext_ln16_5' <Predicate = true> <Delay = 0.00>
ST_2 : Operation 47 [1/1] (0.00ns)   --->   "%b_addr_4 = getelementptr i8 %b, i64 0, i64 %zext_ln16_5" [matrix_mult.cpp:16]   --->   Operation 47 'getelementptr' 'b_addr_4' <Predicate = true> <Delay = 0.00>
ST_2 : Operation 48 [2/2] (1.42ns)   --->   "%b_load_3 = load i5 %b_addr_3" [matrix_mult.cpp:16]   --->   Operation 48 'load' 'b_load_3' <Predicate = true> <Delay = 1.42> <CoreInst = "RAM">   --->   Core 81 'RAM' <Latency = 1> <II = 1> <Delay = 1.42> <Storage> <Opcode : 'load' 'store'> <Ports = 2> <Width = 8> <Depth = 25> <RAM>
ST_2 : Operation 49 [2/2] (1.42ns)   --->   "%b_load_4 = load i5 %b_addr_4" [matrix_mult.cpp:16]   --->   Operation 49 'load' 'b_load_4' <Predicate = true> <Delay = 1.42> <CoreInst = "RAM">   --->   Core 81 'RAM' <Latency = 1> <II = 1> <Delay = 1.42> <Storage> <Opcode : 'load' 'store'> <Ports = 2> <Width = 8> <Depth = 25> <RAM>
ST_2 : Operation 50 [1/1] (1.02ns)   --->   "%store_ln10 = store i3 %i, i3 %i2" [matrix_mult.cpp:10]   --->   Operation 50 'store' 'store_ln10' <Predicate = true> <Delay = 1.02>

State 3 <SV = 2> <Delay = 2.76>
ST_3 : Operation 51 [1/1] (0.00ns)   --->   "%indvar_flatten1_load = load i5 %indvar_flatten1" [matrix_mult.cpp:10]   --->   Operation 51 'load' 'indvar_flatten1_load' <Predicate = true> <Delay = 0.00>
ST_3 : Operation 52 [1/1] (1.33ns)   --->   "%empty_5 = add i5 %empty_4, i5 1" [matrix_mult.cpp:10]   --->   Operation 52 'add' 'empty_5' <Predicate = true> <Delay = 1.33> <CoreInst = "Adder">   --->   Core 1 'Adder' <Latency = 0> <II = 1> <Delay = 1.33> <FuncUnit> <Opcode : 'add' 'sub'> <InPorts = 2> <OutPorts = 1>
ST_3 : Operation 53 [1/1] (1.33ns)   --->   "%empty_6 = add i5 %empty_4, i5 2" [matrix_mult.cpp:10]   --->   Operation 53 'add' 'empty_6' <Predicate = true> <Delay = 1.33> <CoreInst = "Adder">   --->   Core 1 'Adder' <Latency = 0> <II = 1> <Delay = 1.33> <FuncUnit> <Opcode : 'add' 'sub'> <InPorts = 2> <OutPorts = 1>
ST_3 : Operation 54 [1/1] (1.33ns)   --->   "%empty_7 = add i5 %empty_4, i5 3" [matrix_mult.cpp:10]   --->   Operation 54 'add' 'empty_7' <Predicate = true> <Delay = 1.33> <CoreInst = "Adder">   --->   Core 1 'Adder' <Latency = 0> <II = 1> <Delay = 1.33> <FuncUnit> <Opcode : 'add' 'sub'> <InPorts = 2> <OutPorts = 1>
ST_3 : Operation 55 [1/1] (0.00ns)   --->   "%p_cast9 = zext i5 %empty_7" [matrix_mult.cpp:10]   --->   Operation 55 'zext' 'p_cast9' <Predicate = true> <Delay = 0.00>
ST_3 : Operation 56 [1/1] (0.00ns)   --->   "%a_addr_3 = getelementptr i8 %a, i64 0, i64 %p_cast9" [matrix_mult.cpp:10]   --->   Operation 56 'getelementptr' 'a_addr_3' <Predicate = true> <Delay = 0.00>
ST_3 : Operation 57 [1/1] (1.33ns)   --->   "%empty_8 = add i5 %empty_4, i5 4" [matrix_mult.cpp:10]   --->   Operation 57 'add' 'empty_8' <Predicate = true> <Delay = 1.33> <CoreInst = "Adder">   --->   Core 1 'Adder' <Latency = 0> <II = 1> <Delay = 1.33> <FuncUnit> <Opcode : 'add' 'sub'> <InPorts = 2> <OutPorts = 1>
ST_3 : Operation 58 [1/1] (0.00ns)   --->   "%p_cast10 = zext i5 %empty_8" [matrix_mult.cpp:10]   --->   Operation 58 'zext' 'p_cast10' <Predicate = true> <Delay = 0.00>
ST_3 : Operation 59 [1/1] (0.00ns)   --->   "%a_addr_4 = getelementptr i8 %a, i64 0, i64 %p_cast10" [matrix_mult.cpp:10]   --->   Operation 59 'getelementptr' 'a_addr_4' <Predicate = true> <Delay = 0.00>
ST_3 : Operation 60 [1/2] (1.42ns)   --->   "%a_load = load i5 %a_addr" [matrix_mult.cpp:10]   --->   Operation 60 'load' 'a_load' <Predicate = true> <Delay = 1.42> <CoreInst = "RAM">   --->   Core 81 'RAM' <Latency = 1> <II = 1> <Delay = 1.42> <Storage> <Opcode : 'load' 'store'> <Ports = 2> <Width = 8> <Depth = 25> <RAM>
ST_3 : Operation 61 [2/2] (1.42ns)   --->   "%a_load_3 = load i5 %a_addr_3" [matrix_mult.cpp:10]   --->   Operation 61 'load' 'a_load_3' <Predicate = true> <Delay = 1.42> <CoreInst = "RAM">   --->   Core 81 'RAM' <Latency = 1> <II = 1> <Delay = 1.42> <Storage> <Opcode : 'load' 'store'> <Ports = 2> <Width = 8> <Depth = 25> <RAM>
ST_3 : Operation 62 [2/2] (1.42ns)   --->   "%a_load_4 = load i5 %a_addr_4" [matrix_mult.cpp:10]   --->   Operation 62 'load' 'a_load_4' <Predicate = true> <Delay = 1.42> <CoreInst = "RAM">   --->   Core 81 'RAM' <Latency = 1> <II = 1> <Delay = 1.42> <Storage> <Opcode : 'load' 'store'> <Ports = 2> <Width = 8> <Depth = 25> <RAM>
ST_3 : Operation 63 [1/1] (0.00ns)   --->   "%zext_ln16_1 = zext i3 %select_ln10" [matrix_mult.cpp:16]   --->   Operation 63 'zext' 'zext_ln16_1' <Predicate = true> <Delay = 0.00>
ST_3 : Operation 64 [1/1] (1.32ns)   --->   "%add_ln16_4 = add i4 %zext_ln16_1, i4 5" [matrix_mult.cpp:16]   --->   Operation 64 'add' 'add_ln16_4' <Predicate = true> <Delay = 1.32> <CoreInst = "Adder">   --->   Core 1 'Adder' <Latency = 0> <II = 1> <Delay = 1.32> <FuncUnit> <Opcode : 'add' 'sub'> <InPorts = 2> <OutPorts = 1>
ST_3 : Operation 65 [1/1] (0.00ns)   --->   "%zext_ln16_2 = zext i4 %add_ln16_4" [matrix_mult.cpp:16]   --->   Operation 65 'zext' 'zext_ln16_2' <Predicate = true> <Delay = 0.00>
ST_3 : Operation 66 [1/1] (0.00ns)   --->   "%b_addr_1 = getelementptr i8 %b, i64 0, i64 %zext_ln16_2" [matrix_mult.cpp:16]   --->   Operation 66 'getelementptr' 'b_addr_1' <Predicate = true> <Delay = 0.00>
ST_3 : Operation 67 [1/1] (1.33ns)   --->   "%add_ln16_5 = add i5 %zext_ln16, i5 10" [matrix_mult.cpp:16]   --->   Operation 67 'add' 'add_ln16_5' <Predicate = true> <Delay = 1.33> <CoreInst = "Adder">   --->   Core 1 'Adder' <Latency = 0> <II = 1> <Delay = 1.33> <FuncUnit> <Opcode : 'add' 'sub'> <InPorts = 2> <OutPorts = 1>
ST_3 : Operation 68 [1/1] (0.00ns)   --->   "%zext_ln16_3 = zext i5 %add_ln16_5" [matrix_mult.cpp:16]   --->   Operation 68 'zext' 'zext_ln16_3' <Predicate = true> <Delay = 0.00>
ST_3 : Operation 69 [1/1] (0.00ns)   --->   "%b_addr_2 = getelementptr i8 %b, i64 0, i64 %zext_ln16_3" [matrix_mult.cpp:16]   --->   Operation 69 'getelementptr' 'b_addr_2' <Predicate = true> <Delay = 0.00>
ST_3 : Operation 70 [1/1] (1.33ns)   --->   "%add_ln16_8 = add i5 %empty_4, i5 %zext_ln16" [matrix_mult.cpp:16]   --->   Operation 70 'add' 'add_ln16_8' <Predicate = true> <Delay = 1.33> <CoreInst = "Adder">   --->   Core 1 'Adder' <Latency = 0> <II = 1> <Delay = 1.33> <FuncUnit> <Opcode : 'add' 'sub'> <InPorts = 2> <OutPorts = 1>
ST_3 : Operation 71 [2/2] (1.42ns)   --->   "%b_load_1 = load i5 %b_addr_1" [matrix_mult.cpp:16]   --->   Operation 71 'load' 'b_load_1' <Predicate = true> <Delay = 1.42> <CoreInst = "RAM">   --->   Core 81 'RAM' <Latency = 1> <II = 1> <Delay = 1.42> <Storage> <Opcode : 'load' 'store'> <Ports = 2> <Width = 8> <Depth = 25> <RAM>
ST_3 : Operation 72 [2/2] (1.42ns)   --->   "%b_load_2 = load i5 %b_addr_2" [matrix_mult.cpp:16]   --->   Operation 72 'load' 'b_load_2' <Predicate = true> <Delay = 1.42> <CoreInst = "RAM">   --->   Core 81 'RAM' <Latency = 1> <II = 1> <Delay = 1.42> <Storage> <Opcode : 'load' 'store'> <Ports = 2> <Width = 8> <Depth = 25> <RAM>
ST_3 : Operation 73 [1/2] (1.42ns)   --->   "%b_load_3 = load i5 %b_addr_3" [matrix_mult.cpp:16]   --->   Operation 73 'load' 'b_load_3' <Predicate = true> <Delay = 1.42> <CoreInst = "RAM">   --->   Core 81 'RAM' <Latency = 1> <II = 1> <Delay = 1.42> <Storage> <Opcode : 'load' 'store'> <Ports = 2> <Width = 8> <Depth = 25> <RAM>
ST_3 : Operation 74 [1/2] (1.42ns)   --->   "%b_load_4 = load i5 %b_addr_4" [matrix_mult.cpp:16]   --->   Operation 74 'load' 'b_load_4' <Predicate = true> <Delay = 1.42> <CoreInst = "RAM">   --->   Core 81 'RAM' <Latency = 1> <II = 1> <Delay = 1.42> <Storage> <Opcode : 'load' 'store'> <Ports = 2> <Width = 8> <Depth = 25> <RAM>
ST_3 : Operation 75 [1/1] (1.33ns)   --->   "%icmp_ln10 = icmp_eq  i5 %indvar_flatten1_load, i5 24" [matrix_mult.cpp:10]   --->   Operation 75 'icmp' 'icmp_ln10' <Predicate = true> <Delay = 1.33> <CoreInst = "Cmp">   --->   Core 9 'Cmp' <Latency = 0> <II = 1> <Delay = 1.33> <FuncUnit> <Opcode : 'seteq' 'setne' 'setle' 'setge' 'setlt' 'setgt'> <InPorts = 2> <OutPorts = 1>
ST_3 : Operation 76 [1/1] (0.00ns)   --->   "%br_ln10 = br i1 %icmp_ln10, void %for.inc29, void %for.end31" [matrix_mult.cpp:10]   --->   Operation 76 'br' 'br_ln10' <Predicate = true> <Delay = 0.00>

State 4 <SV = 3> <Delay = 2.51>
ST_4 : Operation 77 [1/1] (0.00ns)   --->   "%p_cast7 = zext i5 %empty_5" [matrix_mult.cpp:10]   --->   Operation 77 'zext' 'p_cast7' <Predicate = true> <Delay = 0.00>
ST_4 : Operation 78 [1/1] (0.00ns)   --->   "%a_addr_1 = getelementptr i8 %a, i64 0, i64 %p_cast7" [matrix_mult.cpp:10]   --->   Operation 78 'getelementptr' 'a_addr_1' <Predicate = true> <Delay = 0.00>
ST_4 : Operation 79 [1/1] (0.00ns)   --->   "%p_cast8 = zext i5 %empty_6" [matrix_mult.cpp:10]   --->   Operation 79 'zext' 'p_cast8' <Predicate = true> <Delay = 0.00>
ST_4 : Operation 80 [1/1] (0.00ns)   --->   "%a_addr_2 = getelementptr i8 %a, i64 0, i64 %p_cast8" [matrix_mult.cpp:10]   --->   Operation 80 'getelementptr' 'a_addr_2' <Predicate = true> <Delay = 0.00>
ST_4 : Operation 81 [2/2] (1.42ns)   --->   "%a_load_1 = load i5 %a_addr_1" [matrix_mult.cpp:10]   --->   Operation 81 'load' 'a_load_1' <Predicate = true> <Delay = 1.42> <CoreInst = "RAM">   --->   Core 81 'RAM' <Latency = 1> <II = 1> <Delay = 1.42> <Storage> <Opcode : 'load' 'store'> <Ports = 2> <Width = 8> <Depth = 25> <RAM>
ST_4 : Operation 82 [2/2] (1.42ns)   --->   "%a_load_2 = load i5 %a_addr_2" [matrix_mult.cpp:10]   --->   Operation 82 'load' 'a_load_2' <Predicate = true> <Delay = 1.42> <CoreInst = "RAM">   --->   Core 81 'RAM' <Latency = 1> <II = 1> <Delay = 1.42> <Storage> <Opcode : 'load' 'store'> <Ports = 2> <Width = 8> <Depth = 25> <RAM>
ST_4 : Operation 83 [1/2] (1.42ns)   --->   "%a_load_3 = load i5 %a_addr_3" [matrix_mult.cpp:10]   --->   Operation 83 'load' 'a_load_3' <Predicate = true> <Delay = 1.42> <CoreInst = "RAM">   --->   Core 81 'RAM' <Latency = 1> <II = 1> <Delay = 1.42> <Storage> <Opcode : 'load' 'store'> <Ports = 2> <Width = 8> <Depth = 25> <RAM>
ST_4 : Operation 84 [1/2] (1.42ns)   --->   "%a_load_4 = load i5 %a_addr_4" [matrix_mult.cpp:10]   --->   Operation 84 'load' 'a_load_4' <Predicate = true> <Delay = 1.42> <CoreInst = "RAM">   --->   Core 81 'RAM' <Latency = 1> <II = 1> <Delay = 1.42> <Storage> <Opcode : 'load' 'store'> <Ports = 2> <Width = 8> <Depth = 25> <RAM>
ST_4 : Operation 85 [1/1] (0.00ns)   --->   "%conv_4 = sext i8 %a_load_4" [matrix_mult.cpp:10]   --->   Operation 85 'sext' 'conv_4' <Predicate = true> <Delay = 0.00>
ST_4 : Operation 86 [1/1] (0.00ns)   --->   "%zext_ln12 = zext i3 %select_ln10" [matrix_mult.cpp:12]   --->   Operation 86 'zext' 'zext_ln12' <Predicate = true> <Delay = 0.00>
ST_4 : Operation 87 [1/1] (0.00ns)   --->   "%b_addr = getelementptr i8 %b, i64 0, i64 %zext_ln12" [matrix_mult.cpp:16]   --->   Operation 87 'getelementptr' 'b_addr' <Predicate = true> <Delay = 0.00>
ST_4 : Operation 88 [2/2] (1.42ns)   --->   "%b_load = load i5 %b_addr" [matrix_mult.cpp:16]   --->   Operation 88 'load' 'b_load' <Predicate = true> <Delay = 1.42> <CoreInst = "RAM">   --->   Core 81 'RAM' <Latency = 1> <II = 1> <Delay = 1.42> <Storage> <Opcode : 'load' 'store'> <Ports = 2> <Width = 8> <Depth = 25> <RAM>
ST_4 : Operation 89 [1/2] (1.42ns)   --->   "%b_load_1 = load i5 %b_addr_1" [matrix_mult.cpp:16]   --->   Operation 89 'load' 'b_load_1' <Predicate = true> <Delay = 1.42> <CoreInst = "RAM">   --->   Core 81 'RAM' <Latency = 1> <II = 1> <Delay = 1.42> <Storage> <Opcode : 'load' 'store'> <Ports = 2> <Width = 8> <Depth = 25> <RAM>
ST_4 : Operation 90 [1/2] (1.42ns)   --->   "%b_load_2 = load i5 %b_addr_2" [matrix_mult.cpp:16]   --->   Operation 90 'load' 'b_load_2' <Predicate = true> <Delay = 1.42> <CoreInst = "RAM">   --->   Core 81 'RAM' <Latency = 1> <II = 1> <Delay = 1.42> <Storage> <Opcode : 'load' 'store'> <Ports = 2> <Width = 8> <Depth = 25> <RAM>
ST_4 : Operation 91 [1/1] (0.00ns)   --->   "%sext_ln16_4 = sext i8 %b_load_4" [matrix_mult.cpp:16]   --->   Operation 91 'sext' 'sext_ln16_4' <Predicate = true> <Delay = 0.00>
ST_4 : Operation 92 [3/3] (1.09ns) (grouped into DSP with root node add_ln16_1)   --->   "%mul_ln16_1 = mul i16 %sext_ln16_4, i16 %conv_4" [matrix_mult.cpp:16]   --->   Operation 92 'mul' 'mul_ln16_1' <Predicate = true> <Delay = 1.09> <CoreInst = "DSP48">   --->   Core 116 'DSP48' <Latency = 3> <II = 1> <Delay = 1.82> <IPBlock> <Opcode : '' 'add' 'sub' 'mul' 'select'> <InPorts = 0> <OutPorts = 1> <Sync> <CReg>
ST_4 : Operation 93 [1/1] (1.16ns)   --->   "%j = add i3 %select_ln10, i3 1" [matrix_mult.cpp:12]   --->   Operation 93 'add' 'j' <Predicate = true> <Delay = 1.16> <CoreInst = "Adder">   --->   Core 1 'Adder' <Latency = 0> <II = 1> <Delay = 1.16> <FuncUnit> <Opcode : 'add' 'sub'> <InPorts = 2> <OutPorts = 1>
ST_4 : Operation 94 [1/1] (1.16ns)   --->   "%icmp_ln12 = icmp_eq  i3 %j, i3 5" [matrix_mult.cpp:12]   --->   Operation 94 'icmp' 'icmp_ln12' <Predicate = true> <Delay = 1.16> <CoreInst = "Cmp">   --->   Core 9 'Cmp' <Latency = 0> <II = 1> <Delay = 1.16> <FuncUnit> <Opcode : 'seteq' 'setne' 'setle' 'setge' 'setlt' 'setgt'> <InPorts = 2> <OutPorts = 1>
ST_4 : Operation 95 [1/1] (1.02ns)   --->   "%store_ln12 = store i3 %j, i3 %j3" [matrix_mult.cpp:12]   --->   Operation 95 'store' 'store_ln12' <Predicate = true> <Delay = 1.02>

State 5 <SV = 4> <Delay = 3.29>
ST_5 : Operation 96 [1/1] (0.00ns)   --->   "%conv = sext i8 %a_load" [matrix_mult.cpp:10]   --->   Operation 96 'sext' 'conv' <Predicate = true> <Delay = 0.00>
ST_5 : Operation 97 [1/2] (1.42ns)   --->   "%a_load_1 = load i5 %a_addr_1" [matrix_mult.cpp:10]   --->   Operation 97 'load' 'a_load_1' <Predicate = true> <Delay = 1.42> <CoreInst = "RAM">   --->   Core 81 'RAM' <Latency = 1> <II = 1> <Delay = 1.42> <Storage> <Opcode : 'load' 'store'> <Ports = 2> <Width = 8> <Depth = 25> <RAM>
ST_5 : Operation 98 [1/2] (1.42ns)   --->   "%a_load_2 = load i5 %a_addr_2" [matrix_mult.cpp:10]   --->   Operation 98 'load' 'a_load_2' <Predicate = true> <Delay = 1.42> <CoreInst = "RAM">   --->   Core 81 'RAM' <Latency = 1> <II = 1> <Delay = 1.42> <Storage> <Opcode : 'load' 'store'> <Ports = 2> <Width = 8> <Depth = 25> <RAM>
ST_5 : Operation 99 [1/1] (0.00ns)   --->   "%conv_3 = sext i8 %a_load_3" [matrix_mult.cpp:10]   --->   Operation 99 'sext' 'conv_3' <Predicate = true> <Delay = 0.00>
ST_5 : Operation 100 [1/2] (1.42ns)   --->   "%b_load = load i5 %b_addr" [matrix_mult.cpp:16]   --->   Operation 100 'load' 'b_load' <Predicate = true> <Delay = 1.42> <CoreInst = "RAM">   --->   Core 81 'RAM' <Latency = 1> <II = 1> <Delay = 1.42> <Storage> <Opcode : 'load' 'store'> <Ports = 2> <Width = 8> <Depth = 25> <RAM>
ST_5 : Operation 101 [1/1] (0.00ns)   --->   "%sext_ln16 = sext i8 %b_load" [matrix_mult.cpp:16]   --->   Operation 101 'sext' 'sext_ln16' <Predicate = true> <Delay = 0.00>
ST_5 : Operation 102 [1/1] (0.00ns)   --->   "%sext_ln16_3 = sext i8 %b_load_3" [matrix_mult.cpp:16]   --->   Operation 102 'sext' 'sext_ln16_3' <Predicate = true> <Delay = 0.00>
ST_5 : Operation 103 [2/3] (1.09ns) (grouped into DSP with root node add_ln16_1)   --->   "%mul_ln16_1 = mul i16 %sext_ln16_4, i16 %conv_4" [matrix_mult.cpp:16]   --->   Operation 103 'mul' 'mul_ln16_1' <Predicate = true> <Delay = 1.09> <CoreInst = "DSP48">   --->   Core 116 'DSP48' <Latency = 3> <II = 1> <Delay = 1.82> <IPBlock> <Opcode : '' 'add' 'sub' 'mul' 'select'> <InPorts = 0> <OutPorts = 1> <Sync> <CReg>
ST_5 : Operation 104 [1/1] (3.29ns)   --->   "%mul_ln16_2 = mul i16 %sext_ln16_3, i16 %conv_3" [matrix_mult.cpp:16]   --->   Operation 104 'mul' 'mul_ln16_2' <Predicate = true> <Delay = 3.29> <CoreInst = "Multiplier">   --->   Core 3 'Multiplier' <Latency = 0> <II = 1> <Delay = 3.29> <FuncUnit> <Opcode : 'mul'> <InPorts = 2> <OutPorts = 1>
ST_5 : Operation 105 [3/3] (1.09ns) (grouped into DSP with root node add_ln16)   --->   "%mul_ln16_3 = mul i16 %sext_ln16, i16 %conv" [matrix_mult.cpp:16]   --->   Operation 105 'mul' 'mul_ln16_3' <Predicate = true> <Delay = 1.09> <CoreInst = "DSP48">   --->   Core 116 'DSP48' <Latency = 3> <II = 1> <Delay = 1.82> <IPBlock> <Opcode : '' 'add' 'sub' 'mul' 'select'> <InPorts = 0> <OutPorts = 1> <Sync> <CReg>
ST_5 : Operation 106 [1/1] (1.33ns)   --->   "%add_ln10_1 = add i5 %indvar_flatten1_load, i5 1" [matrix_mult.cpp:10]   --->   Operation 106 'add' 'add_ln10_1' <Predicate = true> <Delay = 1.33> <CoreInst = "Adder">   --->   Core 1 'Adder' <Latency = 0> <II = 1> <Delay = 1.33> <FuncUnit> <Opcode : 'add' 'sub'> <InPorts = 2> <OutPorts = 1>
ST_5 : Operation 107 [1/1] (1.02ns)   --->   "%store_ln10 = store i5 %add_ln10_1, i5 %indvar_flatten1" [matrix_mult.cpp:10]   --->   Operation 107 'store' 'store_ln10' <Predicate = true> <Delay = 1.02>

State 6 <SV = 5> <Delay = 3.29>
ST_6 : Operation 108 [1/1] (0.00ns)   --->   "%conv_1 = sext i8 %a_load_1" [matrix_mult.cpp:10]   --->   Operation 108 'sext' 'conv_1' <Predicate = true> <Delay = 0.00>
ST_6 : Operation 109 [1/1] (0.00ns)   --->   "%conv_2 = sext i8 %a_load_2" [matrix_mult.cpp:10]   --->   Operation 109 'sext' 'conv_2' <Predicate = true> <Delay = 0.00>
ST_6 : Operation 110 [1/1] (0.00ns)   --->   "%sext_ln16_1 = sext i8 %b_load_1" [matrix_mult.cpp:16]   --->   Operation 110 'sext' 'sext_ln16_1' <Predicate = true> <Delay = 0.00>
ST_6 : Operation 111 [1/1] (0.00ns)   --->   "%sext_ln16_2 = sext i8 %b_load_2" [matrix_mult.cpp:16]   --->   Operation 111 'sext' 'sext_ln16_2' <Predicate = true> <Delay = 0.00>
ST_6 : Operation 112 [3/3] (1.09ns) (grouped into DSP with root node add_ln16_2)   --->   "%mul_ln16 = mul i16 %sext_ln16_2, i16 %conv_2" [matrix_mult.cpp:16]   --->   Operation 112 'mul' 'mul_ln16' <Predicate = true> <Delay = 1.09> <CoreInst = "DSP48">   --->   Core 116 'DSP48' <Latency = 3> <II = 1> <Delay = 1.82> <IPBlock> <Opcode : '' 'add' 'sub' 'mul' 'select'> <InPorts = 0> <OutPorts = 1> <Sync> <CReg>
ST_6 : Operation 113 [1/3] (0.00ns) (grouped into DSP with root node add_ln16_1)   --->   "%mul_ln16_1 = mul i16 %sext_ln16_4, i16 %conv_4" [matrix_mult.cpp:16]   --->   Operation 113 'mul' 'mul_ln16_1' <Predicate = true> <Delay = 0.00> <CoreInst = "DSP48">   --->   Core 116 'DSP48' <Latency = 3> <II = 1> <Delay = 1.82> <IPBlock> <Opcode : '' 'add' 'sub' 'mul' 'select'> <InPorts = 0> <OutPorts = 1> <Sync> <CReg>
ST_6 : Operation 114 [2/3] (1.09ns) (grouped into DSP with root node add_ln16)   --->   "%mul_ln16_3 = mul i16 %sext_ln16, i16 %conv" [matrix_mult.cpp:16]   --->   Operation 114 'mul' 'mul_ln16_3' <Predicate = true> <Delay = 1.09> <CoreInst = "DSP48">   --->   Core 116 'DSP48' <Latency = 3> <II = 1> <Delay = 1.82> <IPBlock> <Opcode : '' 'add' 'sub' 'mul' 'select'> <InPorts = 0> <OutPorts = 1> <Sync> <CReg>
ST_6 : Operation 115 [1/1] (3.29ns)   --->   "%mul_ln16_4 = mul i16 %sext_ln16_1, i16 %conv_1" [matrix_mult.cpp:16]   --->   Operation 115 'mul' 'mul_ln16_4' <Predicate = true> <Delay = 3.29> <CoreInst = "Multiplier">   --->   Core 3 'Multiplier' <Latency = 0> <II = 1> <Delay = 3.29> <FuncUnit> <Opcode : 'mul'> <InPorts = 2> <OutPorts = 1>
ST_6 : Operation 116 [2/2] (1.78ns) (root node of the DSP)   --->   "%add_ln16_1 = add i16 %mul_ln16_2, i16 %mul_ln16_1" [matrix_mult.cpp:16]   --->   Operation 116 'add' 'add_ln16_1' <Predicate = true> <Delay = 1.78> <CoreInst = "DSP48">   --->   Core 116 'DSP48' <Latency = 3> <II = 1> <Delay = 1.82> <IPBlock> <Opcode : '' 'add' 'sub' 'mul' 'select'> <InPorts = 0> <OutPorts = 1> <Sync> <CReg>

State 7 <SV = 6> <Delay = 1.78>
ST_7 : Operation 117 [2/3] (1.09ns) (grouped into DSP with root node add_ln16_2)   --->   "%mul_ln16 = mul i16 %sext_ln16_2, i16 %conv_2" [matrix_mult.cpp:16]   --->   Operation 117 'mul' 'mul_ln16' <Predicate = true> <Delay = 1.09> <CoreInst = "DSP48">   --->   Core 116 'DSP48' <Latency = 3> <II = 1> <Delay = 1.82> <IPBlock> <Opcode : '' 'add' 'sub' 'mul' 'select'> <InPorts = 0> <OutPorts = 1> <Sync> <CReg>
ST_7 : Operation 118 [1/3] (0.00ns) (grouped into DSP with root node add_ln16)   --->   "%mul_ln16_3 = mul i16 %sext_ln16, i16 %conv" [matrix_mult.cpp:16]   --->   Operation 118 'mul' 'mul_ln16_3' <Predicate = true> <Delay = 0.00> <CoreInst = "DSP48">   --->   Core 116 'DSP48' <Latency = 3> <II = 1> <Delay = 1.82> <IPBlock> <Opcode : '' 'add' 'sub' 'mul' 'select'> <InPorts = 0> <OutPorts = 1> <Sync> <CReg>
ST_7 : Operation 119 [2/2] (1.78ns) (root node of the DSP)   --->   "%add_ln16 = add i16 %mul_ln16_4, i16 %mul_ln16_3" [matrix_mult.cpp:16]   --->   Operation 119 'add' 'add_ln16' <Predicate = true> <Delay = 1.78> <CoreInst = "DSP48">   --->   Core 116 'DSP48' <Latency = 3> <II = 1> <Delay = 1.82> <IPBlock> <Opcode : '' 'add' 'sub' 'mul' 'select'> <InPorts = 0> <OutPorts = 1> <Sync> <CReg>
ST_7 : Operation 120 [1/2] (1.78ns) (root node of the DSP)   --->   "%add_ln16_1 = add i16 %mul_ln16_2, i16 %mul_ln16_1" [matrix_mult.cpp:16]   --->   Operation 120 'add' 'add_ln16_1' <Predicate = true> <Delay = 1.78> <CoreInst = "DSP48">   --->   Core 116 'DSP48' <Latency = 3> <II = 1> <Delay = 1.82> <IPBlock> <Opcode : '' 'add' 'sub' 'mul' 'select'> <InPorts = 0> <OutPorts = 1> <Sync> <CReg>

State 8 <SV = 7> <Delay = 1.78>
ST_8 : Operation 121 [1/3] (0.00ns) (grouped into DSP with root node add_ln16_2)   --->   "%mul_ln16 = mul i16 %sext_ln16_2, i16 %conv_2" [matrix_mult.cpp:16]   --->   Operation 121 'mul' 'mul_ln16' <Predicate = true> <Delay = 0.00> <CoreInst = "DSP48">   --->   Core 116 'DSP48' <Latency = 3> <II = 1> <Delay = 1.82> <IPBlock> <Opcode : '' 'add' 'sub' 'mul' 'select'> <InPorts = 0> <OutPorts = 1> <Sync> <CReg>
ST_8 : Operation 122 [1/2] (1.78ns) (root node of the DSP)   --->   "%add_ln16 = add i16 %mul_ln16_4, i16 %mul_ln16_3" [matrix_mult.cpp:16]   --->   Operation 122 'add' 'add_ln16' <Predicate = true> <Delay = 1.78> <CoreInst = "DSP48">   --->   Core 116 'DSP48' <Latency = 3> <II = 1> <Delay = 1.82> <IPBlock> <Opcode : '' 'add' 'sub' 'mul' 'select'> <InPorts = 0> <OutPorts = 1> <Sync> <CReg>
ST_8 : Operation 123 [2/2] (1.78ns) (root node of the DSP)   --->   "%add_ln16_2 = add i16 %add_ln16_1, i16 %mul_ln16" [matrix_mult.cpp:16]   --->   Operation 123 'add' 'add_ln16_2' <Predicate = true> <Delay = 1.78> <CoreInst = "DSP48">   --->   Core 116 'DSP48' <Latency = 3> <II = 1> <Delay = 1.82> <IPBlock> <Opcode : '' 'add' 'sub' 'mul' 'select'> <InPorts = 0> <OutPorts = 1> <Sync> <CReg>

State 9 <SV = 8> <Delay = 3.26>
ST_9 : Operation 124 [1/2] (1.78ns) (root node of the DSP)   --->   "%add_ln16_2 = add i16 %add_ln16_1, i16 %mul_ln16" [matrix_mult.cpp:16]   --->   Operation 124 'add' 'add_ln16_2' <Predicate = true> <Delay = 1.78> <CoreInst = "DSP48">   --->   Core 116 'DSP48' <Latency = 3> <II = 1> <Delay = 1.82> <IPBlock> <Opcode : '' 'add' 'sub' 'mul' 'select'> <InPorts = 0> <OutPorts = 1> <Sync> <CReg>
ST_9 : Operation 125 [1/1] (1.48ns)   --->   "%add_ln16_3 = add i16 %add_ln16_2, i16 %add_ln16" [matrix_mult.cpp:16]   --->   Operation 125 'add' 'add_ln16_3' <Predicate = true> <Delay = 1.48> <CoreInst = "Adder">   --->   Core 1 'Adder' <Latency = 0> <II = 1> <Delay = 1.48> <FuncUnit> <Opcode : 'add' 'sub'> <InPorts = 2> <OutPorts = 1>

State 10 <SV = 9> <Delay = 1.42>
ST_10 : Operation 126 [1/1] (0.00ns)   --->   "%specloopname_ln0 = specloopname void @_ssdm_op_SpecLoopName, void @Row_Col_str"   --->   Operation 126 'specloopname' 'specloopname_ln0' <Predicate = true> <Delay = 0.00>
ST_10 : Operation 127 [1/1] (0.00ns)   --->   "%speclooptripcount_ln0 = speclooptripcount void @_ssdm_op_SpecLoopTripCount, i64 25, i64 25, i64 25"   --->   Operation 127 'speclooptripcount' 'speclooptripcount_ln0' <Predicate = true> <Delay = 0.00>
ST_10 : Operation 128 [1/1] (0.00ns)   --->   "%zext_ln16_6 = zext i5 %add_ln16_8" [matrix_mult.cpp:16]   --->   Operation 128 'zext' 'zext_ln16_6' <Predicate = true> <Delay = 0.00>
ST_10 : Operation 129 [1/1] (0.00ns)   --->   "%prod_addr = getelementptr i16 %prod, i64 0, i64 %zext_ln16_6" [matrix_mult.cpp:16]   --->   Operation 129 'getelementptr' 'prod_addr' <Predicate = true> <Delay = 0.00>
ST_10 : Operation 130 [1/1] (0.00ns)   --->   "%specpipeline_ln8 = specpipeline void @_ssdm_op_SpecPipeline, i32 4294967295, i32 0, i32 0, i32 0, void @empty_0" [C:/XinlinxHLS/tutor3/solution3/directives.tcl:8]   --->   Operation 130 'specpipeline' 'specpipeline_ln8' <Predicate = true> <Delay = 0.00>
ST_10 : Operation 131 [1/1] (1.42ns)   --->   "%store_ln16 = store i16 %add_ln16_3, i5 %prod_addr" [matrix_mult.cpp:16]   --->   Operation 131 'store' 'store_ln16' <Predicate = true> <Delay = 1.42> <CoreInst = "RAM">   --->   Core 81 'RAM' <Latency = 1> <II = 1> <Delay = 1.42> <Storage> <Opcode : 'load' 'store'> <Ports = 2> <Width = 16> <Depth = 25> <RAM>
ST_10 : Operation 132 [1/1] (1.02ns)   --->   "%ret_ln21 = ret" [matrix_mult.cpp:21]   --->   Operation 132 'ret' 'ret_ln21' <Predicate = (icmp_ln10)> <Delay = 1.02>


============================================================
+ Verbose Summary: Timing violations
============================================================
Target clock period: 5.000ns, clock uncertainty: 1.350ns.

 <State 1>: 2.192ns
The critical path consists of the following:
	'store' operation 0 bit ('store_ln0') of constant 0 on local variable 'i2' [15]  (1.029 ns)
	'load' operation 3 bit ('i2_load', matrix_mult.cpp:10) on local variable 'i2' [21]  (0.000 ns)
	'add' operation 3 bit ('add_ln10', matrix_mult.cpp:10) [23]  (1.163 ns)

 <State 2>: 3.417ns
The critical path consists of the following:
	'select' operation 3 bit ('i', matrix_mult.cpp:10) [27]  (0.654 ns)
	'add' operation 6 bit ('empty', matrix_mult.cpp:10) [31]  (1.338 ns)
	'getelementptr' operation 5 bit ('a_addr', matrix_mult.cpp:10) [34]  (0.000 ns)
	'load' operation 8 bit ('a_load', matrix_mult.cpp:10) on array 'a' [47]  (1.425 ns)

 <State 3>: 2.763ns
The critical path consists of the following:
	'add' operation 5 bit ('empty_7', matrix_mult.cpp:10) [41]  (1.338 ns)
	'getelementptr' operation 5 bit ('a_addr_3', matrix_mult.cpp:10) [43]  (0.000 ns)
	'load' operation 8 bit ('a_load_3', matrix_mult.cpp:10) on array 'a' [53]  (1.425 ns)

 <State 4>: 2.515ns
The critical path consists of the following:
	'load' operation 8 bit ('a_load_4', matrix_mult.cpp:10) on array 'a' [55]  (1.425 ns)
	'mul' operation 16 bit of DSP[93] ('mul_ln16_1', matrix_mult.cpp:16) [88]  (1.090 ns)

 <State 5>: 3.290ns
The critical path consists of the following:
	'mul' operation 16 bit ('mul_ln16_2', matrix_mult.cpp:16) [89]  (3.290 ns)

 <State 6>: 3.290ns
The critical path consists of the following:
	'mul' operation 16 bit ('mul_ln16_4', matrix_mult.cpp:16) [91]  (3.290 ns)

 <State 7>: 1.780ns
The critical path consists of the following:
	'mul' operation 16 bit of DSP[92] ('mul_ln16_3', matrix_mult.cpp:16) [90]  (0.000 ns)
	'add' operation 16 bit of DSP[92] ('add_ln16', matrix_mult.cpp:16) [92]  (1.780 ns)

 <State 8>: 1.780ns
The critical path consists of the following:
	'add' operation 16 bit of DSP[92] ('add_ln16', matrix_mult.cpp:16) [92]  (1.780 ns)

 <State 9>: 3.268ns
The critical path consists of the following:
	'add' operation 16 bit of DSP[94] ('add_ln16_2', matrix_mult.cpp:16) [94]  (1.780 ns)
	'add' operation 16 bit ('add_ln16_3', matrix_mult.cpp:16) [95]  (1.488 ns)

 <State 10>: 1.425ns
The critical path consists of the following:
	'getelementptr' operation 5 bit ('prod_addr', matrix_mult.cpp:16) [75]  (0.000 ns)
	'store' operation 0 bit ('store_ln16', matrix_mult.cpp:16) of variable 'add_ln16_3', matrix_mult.cpp:16 on array 'prod' [96]  (1.425 ns)


============================================================
+ Verbose Summary: Binding
============================================================
N/A
* FSMD analyzer results:
  - Output states:
 - Input state : 
  - Chain level:
	State 1
	State 2
	State 3
	State 4
	State 5
	State 6
	State 7
	State 8
	State 9
	State 10


============================================================
+ Verbose Summary: Datapath Resource usage 
============================================================
N/A
