

================================================================
== Vitis HLS Report for 'matrix_mult'
================================================================
* Date:           Mon May 25 20:45:46 2026

* Version:        2024.1 (Build 5069499 on May 21 2024)
* Project:        tutor3
* Solution:       solution3 (Vivado IP Flow Target)
* Product family: kintex7
* Target device:  xc7k70t-fbv676-1


================================================================
== Performance Estimates
================================================================
+ Timing: 
    * Summary: 
    +--------+---------+----------+------------+
    |  Clock |  Target | Estimated| Uncertainty|
    +--------+---------+----------+------------+
    |ap_clk  |  5.00 ns|  3.417 ns|     1.35 ns|
    +--------+---------+----------+------------+

+ Latency: 
    * Summary: 
    +---------+---------+----------+----------+-----+-----+-----------------------------------------------+
    |  Latency (cycles) |  Latency (absolute) |  Interval |                    Pipeline                   |
    |   min   |   max   |    min   |    max   | min | max |                      Type                     |
    +---------+---------+----------+----------+-----+-----+-----------------------------------------------+
    |       83|       83|  0.415 us|  0.415 us|   75|   75|  loop auto-rewind stp(delay=0 clock cycles(s))|
    +---------+---------+----------+----------+-----+-----+-----------------------------------------------+

    + Detail: 
        * Instance: 
        N/A

        * Loop: 
        +-----------+---------+---------+----------+-----------+-----------+------+----------+
        |           |  Latency (cycles) | Iteration|  Initiation Interval  | Trip |          |
        | Loop Name |   min   |   max   |  Latency |  achieved |   target  | Count| Pipelined|
        +-----------+---------+---------+----------+-----------+-----------+------+----------+
        |- Row_Col  |       81|       81|        10|          3|          1|    25|       yes|
        +-----------+---------+---------+----------+-----------+-----------+------+----------+



================================================================
== Utilization Estimates
================================================================
* Summary: 
+-----------------+---------+-----+-------+-------+-----+
|       Name      | BRAM_18K| DSP |   FF  |  LUT  | URAM|
+-----------------+---------+-----+-------+-------+-----+
|DSP              |        -|    3|      -|      -|    -|
|Expression       |        -|    -|      0|    237|    -|
|FIFO             |        -|    -|      -|      -|    -|
|Instance         |        -|    0|      0|     82|    -|
|Memory           |        -|    -|      -|      -|    -|
|Multiplexer      |        -|    -|      0|    185|    -|
|Register         |        -|    -|    309|     64|    -|
+-----------------+---------+-----+-------+-------+-----+
|Total            |        0|    3|    309|    568|    0|
+-----------------+---------+-----+-------+-------+-----+
|Available        |      270|  240|  82000|  41000|    0|
+-----------------+---------+-----+-------+-------+-----+
|Utilization (%)  |        0|    1|     ~0|      1|    0|
+-----------------+---------+-----+-------+-------+-----+

+ Detail: 
    * Instance: 
    +---------------------+------------------+---------+----+---+----+-----+
    |       Instance      |      Module      | BRAM_18K| DSP| FF| LUT| URAM|
    +---------------------+------------------+---------+----+---+----+-----+
    |mul_8s_8s_16_1_1_U1  |mul_8s_8s_16_1_1  |        0|   0|  0|  41|    0|
    |mul_8s_8s_16_1_1_U2  |mul_8s_8s_16_1_1  |        0|   0|  0|  41|    0|
    +---------------------+------------------+---------+----+---+----+-----+
    |Total                |                  |        0|   0|  0|  82|    0|
    +---------------------+------------------+---------+----+---+----+-----+

    * DSP: 
    +---------------------------------+------------------------------+--------------+
    |             Instance            |            Module            |  Expression  |
    +---------------------------------+------------------------------+--------------+
    |mac_muladd_8s_8s_16ns_16_4_1_U5  |mac_muladd_8s_8s_16ns_16_4_1  |  i0 + i1 * i2|
    |mac_muladd_8s_8s_16s_16_4_1_U3   |mac_muladd_8s_8s_16s_16_4_1   |  i0 + i1 * i2|
    |mac_muladd_8s_8s_16s_16_4_1_U4   |mac_muladd_8s_8s_16s_16_4_1   |  i0 + i1 * i2|
    +---------------------------------+------------------------------+--------------+

    * Memory: 
    N/A

    * FIFO: 
    N/A

    * Expression: 
    +-----------------------+----------+----+---+----+------------+------------+
    |     Variable Name     | Operation| DSP| FF| LUT| Bitwidth P0| Bitwidth P1|
    +-----------------------+----------+----+---+----+------------+------------+
    |add_ln10_1_fu_442_p2   |         +|   0|  0|  13|           5|           1|
    |add_ln10_fu_233_p2     |         +|   0|  0|  11|           3|           1|
    |add_ln16_3_fu_473_p2   |         +|   0|  0|  23|          16|          16|
    |add_ln16_4_fu_354_p2   |         +|   0|  0|  13|           4|           3|
    |add_ln16_5_fu_365_p2   |         +|   0|  0|  13|           5|           4|
    |add_ln16_6_fu_291_p2   |         +|   0|  0|  13|           5|           4|
    |add_ln16_7_fu_302_p2   |         +|   0|  0|  13|           5|           5|
    |add_ln16_8_fu_375_p2   |         +|   0|  0|  13|           5|           5|
    |empty_5_fu_321_p2      |         +|   0|  0|  13|           5|           1|
    |empty_6_fu_326_p2      |         +|   0|  0|  13|           5|           2|
    |empty_7_fu_331_p2      |         +|   0|  0|  13|           5|           2|
    |empty_8_fu_341_p2      |         +|   0|  0|  13|           5|           3|
    |empty_fu_272_p2        |         +|   0|  0|  14|           6|           6|
    |j_fu_405_p2            |         +|   0|  0|  11|           3|           1|
    |ap_condition_523       |       and|   0|  0|   6|           1|           1|
    |ap_condition_529       |       and|   0|  0|   6|           1|           1|
    |icmp_ln10_fu_379_p2    |      icmp|   0|  0|  13|           5|           5|
    |icmp_ln12_fu_410_p2    |      icmp|   0|  0|  11|           3|           3|
    |i_fu_250_p3            |    select|   0|  0|   3|           1|           3|
    |select_ln10_fu_242_p3  |    select|   0|  0|   3|           1|           1|
    |ap_enable_pp0          |       xor|   0|  0|   6|           1|           2|
    +-----------------------+----------+----+---+----+------------+------------+
    |Total                  |          |   0|  0| 237|          90|          70|
    +-----------------------+----------+----+---+----+------------+------------+

    * Multiplexer: 
    +-------------------------------------+----+-----------+-----+-----------+
    |                 Name                | LUT| Input Size| Bits| Total Bits|
    +-------------------------------------+----+-----------+-----+-----------+
    |a_address0_local                     |  17|          4|    5|         20|
    |a_address1_local                     |  13|          3|    5|         15|
    |ap_NS_fsm                            |  17|          4|    1|          4|
    |ap_done_int                          |   9|          2|    1|          2|
    |ap_enable_reg_pp0_iter0              |   9|          2|    1|          2|
    |ap_enable_reg_pp0_iter3              |   9|          2|    1|          2|
    |ap_loop_exit_ready_pp0_iter1_reg     |   9|          2|    1|          2|
    |ap_loop_exit_ready_pp0_iter2_reg     |   9|          2|    1|          2|
    |ap_loop_exit_ready_pp0_iter3_reg     |   9|          2|    1|          2|
    |ap_phi_mux_icmp_ln124_phi_fu_194_p4  |   9|          2|    1|          2|
    |ap_sig_allocacmp_i2_load             |   9|          2|    3|          6|
    |b_address0_local                     |  17|          4|    5|         20|
    |b_address1_local                     |  13|          3|    5|         15|
    |i2_fu_72                             |   9|          2|    3|          6|
    |indvar_flatten1_fu_68                |   9|          2|    5|         10|
    |j3_fu_76                             |   9|          2|    3|          6|
    |reg_202                              |   9|          2|    8|         16|
    +-------------------------------------+----+-----------+-----+-----------+
    |Total                                | 185|         42|   50|        132|
    +-------------------------------------+----+-----------+-----+-----------+

    * Register: 
    +----------------------------------+----+----+-----+-----------+
    |               Name               | FF | LUT| Bits| Const Bits|
    +----------------------------------+----+----+-----+-----------+
    |add_ln10_reg_529                  |   3|   0|    3|          0|
    |add_ln16_1_reg_685                |  16|   0|   16|          0|
    |add_ln16_3_reg_695                |  16|   0|   16|          0|
    |add_ln16_8_reg_606                |   5|   0|    5|          0|
    |add_ln16_reg_690                  |  16|   0|   16|          0|
    |ap_CS_fsm                         |   3|   0|    3|          0|
    |ap_done_reg                       |   1|   0|    1|          0|
    |ap_enable_reg_pp0_iter0_reg       |   1|   0|    1|          0|
    |ap_enable_reg_pp0_iter1           |   1|   0|    1|          0|
    |ap_enable_reg_pp0_iter2           |   1|   0|    1|          0|
    |ap_enable_reg_pp0_iter3           |   1|   0|    1|          0|
    |ap_loop_exit_ready_pp0_iter1_reg  |   1|   0|    1|          0|
    |ap_loop_exit_ready_pp0_iter2_reg  |   1|   0|    1|          0|
    |ap_loop_exit_ready_pp0_iter3_reg  |   1|   0|    1|          0|
    |b_load_2_reg_640                  |   8|   0|    8|          0|
    |b_load_3_reg_611                  |   8|   0|    8|          0|
    |empty_4_reg_541                   |   5|   0|    5|          0|
    |empty_5_reg_576                   |   5|   0|    5|          0|
    |empty_6_reg_581                   |   5|   0|    5|          0|
    |i2_fu_72                          |   3|   0|    3|          0|
    |i2_load_reg_524                   |   3|   0|    3|          0|
    |icmp_ln10_reg_616                 |   1|   0|    1|          0|
    |icmp_ln12_reg_650                 |   1|   0|    1|          0|
    |indvar_flatten1_fu_68             |   5|   0|    5|          0|
    |indvar_flatten1_load_reg_571      |   5|   0|    5|          0|
    |j3_fu_76                          |   3|   0|    3|          0|
    |mul_ln16_2_reg_665                |  16|   0|   16|          0|
    |mul_ln16_4_reg_680                |  16|   0|   16|          0|
    |reg_202                           |   8|   0|    8|          0|
    |reg_207                           |   8|   0|    8|          0|
    |reg_211                           |   8|   0|    8|          0|
    |select_ln10_reg_534               |   3|   0|    3|          0|
    |zext_ln16_reg_555                 |   3|   0|    5|          2|
    |add_ln16_8_reg_606                |  64|  32|    5|          0|
    |icmp_ln10_reg_616                 |  64|  32|    1|          0|
    +----------------------------------+----+----+-----+-----------+
    |Total                             | 309|  64|  189|          2|
    +----------------------------------+----+----+-----+-----------+



================================================================
== Interface
================================================================
* Summary: 
+---------------+-----+-----+------------+--------------+--------------+
|   RTL Ports   | Dir | Bits|  Protocol  | Source Object|    C Type    |
+---------------+-----+-----+------------+--------------+--------------+
|ap_clk         |   in|    1|  ap_ctrl_hs|   matrix_mult|  return value|
|ap_rst         |   in|    1|  ap_ctrl_hs|   matrix_mult|  return value|
|ap_start       |   in|    1|  ap_ctrl_hs|   matrix_mult|  return value|
|ap_done        |  out|    1|  ap_ctrl_hs|   matrix_mult|  return value|
|ap_idle        |  out|    1|  ap_ctrl_hs|   matrix_mult|  return value|
|ap_ready       |  out|    1|  ap_ctrl_hs|   matrix_mult|  return value|
|a_address0     |  out|    5|   ap_memory|             a|         array|
|a_ce0          |  out|    1|   ap_memory|             a|         array|
|a_q0           |   in|    8|   ap_memory|             a|         array|
|a_address1     |  out|    5|   ap_memory|             a|         array|
|a_ce1          |  out|    1|   ap_memory|             a|         array|
|a_q1           |   in|    8|   ap_memory|             a|         array|
|b_address0     |  out|    5|   ap_memory|             b|         array|
|b_ce0          |  out|    1|   ap_memory|             b|         array|
|b_q0           |   in|    8|   ap_memory|             b|         array|
|b_address1     |  out|    5|   ap_memory|             b|         array|
|b_ce1          |  out|    1|   ap_memory|             b|         array|
|b_q1           |   in|    8|   ap_memory|             b|         array|
|prod_address0  |  out|    5|   ap_memory|          prod|         array|
|prod_ce0       |  out|    1|   ap_memory|          prod|         array|
|prod_we0       |  out|    1|   ap_memory|          prod|         array|
|prod_d0        |  out|   16|   ap_memory|          prod|         array|
+---------------+-----+-----+------------+--------------+--------------+

