

================================================================
== Vitis HLS Report for 'matrix_mult'
================================================================
* Date:           Mon May 25 19:56:09 2026

* Version:        2024.1 (Build 5069499 on May 21 2024)
* Project:        tutor3
* Solution:       solution2 (Vivado IP Flow Target)
* Product family: kintex7
* Target device:  xc7k70t-fbv676-1


================================================================
== Performance Estimates
================================================================
+ Timing: 
    * Summary: 
    +--------+---------+----------+------------+
    |  Clock |  Target | Estimated| Uncertainty|
    +--------+---------+----------+------------+
    |ap_clk  |  5.00 ns|  5.240 ns|     1.35 ns|
    +--------+---------+----------+------------+

+ Latency: 
    * Summary: 
    +---------+---------+----------+----------+-----+-----+-----------------------------------------------+
    |  Latency (cycles) |  Latency (absolute) |  Interval |                    Pipeline                   |
    |   min   |   max   |    min   |    max   | min | max |                      Type                     |
    +---------+---------+----------+----------+-----+-----+-----------------------------------------------+
    |      133|      133|  0.697 us|  0.697 us|  125|  125|  loop auto-rewind stp(delay=6 clock cycles(s))|
    +---------+---------+----------+----------+-----+-----+-----------------------------------------------+

    + Detail: 
        * Instance: 
        N/A

        * Loop: 
        +-------------------+---------+---------+----------+-----------+-----------+------+----------+
        |                   |  Latency (cycles) | Iteration|  Initiation Interval  | Trip |          |
        |     Loop Name     |   min   |   max   |  Latency |  achieved |   target  | Count| Pipelined|
        +-------------------+---------+---------+----------+-----------+-----------+------+----------+
        |- Row_Col_Product  |      131|      131|         8|          1|          1|   125|       yes|
        +-------------------+---------+---------+----------+-----------+-----------+------+----------+



================================================================
== Utilization Estimates
================================================================
* Summary: 
+-----------------+---------+-----+-------+-------+-----+
|       Name      | BRAM_18K| DSP |   FF  |  LUT  | URAM|
+-----------------+---------+-----+-------+-------+-----+
|DSP              |        -|    1|      -|      -|    -|
|Expression       |        -|    -|      0|    217|    -|
|FIFO             |        -|    -|      -|      -|    -|
|Instance         |        -|    -|      -|      -|    -|
|Memory           |        -|    -|      -|      -|    -|
|Multiplexer      |        -|    -|      0|    126|    -|
|Register         |        -|    -|    279|     96|    -|
+-----------------+---------+-----+-------+-------+-----+
|Total            |        0|    1|    279|    439|    0|
+-----------------+---------+-----+-------+-------+-----+
|Available        |      270|  240|  82000|  41000|    0|
+-----------------+---------+-----+-------+-------+-----+
|Utilization (%)  |        0|   ~0|     ~0|      1|    0|
+-----------------+---------+-----+-------+-------+-----+

+ Detail: 
    * Instance: 
    N/A

    * DSP: 
    +---------------------------------+------------------------------+--------------+
    |             Instance            |            Module            |  Expression  |
    +---------------------------------+------------------------------+--------------+
    |mac_muladd_8s_8s_16ns_16_4_1_U1  |mac_muladd_8s_8s_16ns_16_4_1  |  i0 * i1 + i2|
    +---------------------------------+------------------------------+--------------+

    * Memory: 
    N/A

    * FIFO: 
    N/A

    * Expression: 
    +-------------------------+----------+----+---+----+------------+------------+
    |      Variable Name      | Operation| DSP| FF| LUT| Bitwidth P0| Bitwidth P1|
    +-------------------------+----------+----+---+----+------------+------------+
    |add_ln10_1_fu_221_p2     |         +|   0|  0|  14|           7|           1|
    |add_ln10_fu_269_p2       |         +|   0|  0|  11|           3|           1|
    |add_ln12_1_fu_227_p2     |         +|   0|  0|  14|           6|           1|
    |add_ln12_2_fu_316_p2     |         +|   0|  0|  13|           5|           5|
    |add_ln12_fu_291_p2       |         +|   0|  0|  11|           3|           1|
    |add_ln16_1_fu_344_p2     |         +|   0|  0|  13|           5|           5|
    |add_ln16_2_fu_355_p2     |         +|   0|  0|  13|           5|           5|
    |add_ln16_3_fu_378_p2     |         +|   0|  0|   7|           5|           5|
    |add_ln16_4_fu_372_p2     |         +|   0|  0|   7|           5|           5|
    |k_fu_215_p2              |         +|   0|  0|  11|           3|           1|
    |and_ln10_fu_195_p2       |       and|   0|  0|   6|           1|           1|
    |ap_condition_199         |       and|   0|  0|   6|           1|           1|
    |icmp_ln10_fu_247_p2      |      icmp|   0|  0|  14|           7|           4|
    |icmp_ln12_fu_241_p2      |      icmp|   0|  0|  14|           6|           5|
    |icmp_ln15_fu_322_p2      |      icmp|   0|  0|  11|           3|           3|
    |empty_4_fu_201_p2        |        or|   0|  0|   6|           1|           1|
    |grp_fu_415_p2            |    select|   0|  0|  16|           1|           1|
    |i_fu_283_p3              |    select|   0|  0|   3|           1|           3|
    |j_fu_297_p3              |    select|   0|  0|   3|           1|           3|
    |k_mid2_fu_207_p3         |    select|   0|  0|   3|           1|           1|
    |select_ln10_fu_275_p3    |    select|   0|  0|   3|           1|           1|
    |select_ln12_1_fu_233_p3  |    select|   0|  0|   6|           1|           1|
    |ap_enable_pp0            |       xor|   0|  0|   6|           1|           2|
    |xor_ln10_fu_189_p2       |       xor|   0|  0|   6|           1|           2|
    +-------------------------+----------+----+---+----+------------+------------+
    |Total                    |          |   0|  0| 217|          74|          59|
    +-------------------------+----------+----+---+----+------------+------------+

    * Multiplexer: 
    +-------------------------------------+----+-----------+-----+-----------+
    |                 Name                | LUT| Input Size| Bits| Total Bits|
    +-------------------------------------+----+-----------+-----+-----------+
    |ap_done_int                          |   9|          2|    1|          2|
    |ap_enable_reg_pp0_iter1              |   9|          2|    1|          2|
    |ap_loop_exit_ready_pp0_iter7_reg     |   9|          2|    1|          2|
    |ap_phi_mux_icmp_ln127_phi_fu_131_p4  |   9|          2|    1|          2|
    |ap_phi_mux_icmp_ln156_phi_fu_143_p4  |   9|          2|    1|          2|
    |ap_sig_allocacmp_k5_load             |   9|          2|    3|          6|
    |ap_sig_allocacmp_p_load              |   9|          2|   16|         32|
    |empty_fu_84                          |   9|          2|   16|         32|
    |i2_fu_68                             |   9|          2|    3|          6|
    |icmp_ln127_reg_127                   |   9|          2|    1|          2|
    |indvar_flatten131_fu_64              |   9|          2|    7|         14|
    |indvar_flatten3_fu_72                |   9|          2|    6|         12|
    |j4_fu_76                             |   9|          2|    3|          6|
    |k5_fu_80                             |   9|          2|    3|          6|
    +-------------------------------------+----+-----------+-----+-----------+
    |Total                                | 126|         28|   63|        126|
    +-------------------------------------+----+-----------+-----+-----------+

    * Register: 
    +--------------------------------------------------+----+----+-----+-----------+
    |                       Name                       | FF | LUT| Bits| Const Bits|
    +--------------------------------------------------+----+----+-----+-----------+
    |add_ln12_2_reg_504                                |   5|   0|    5|          0|
    |add_ln16_1_reg_515                                |   5|   0|    5|          0|
    |and_ln10_reg_467                                  |   1|   0|    1|          0|
    |ap_CS_fsm                                         |   1|   0|    1|          0|
    |ap_condition_exit_pp0_iter1_stage0_pp0_iter2_reg  |   1|   0|    1|          0|
    |ap_condition_exit_pp0_iter1_stage0_pp0_iter3_reg  |   1|   0|    1|          0|
    |ap_condition_exit_pp0_iter1_stage0_pp0_iter4_reg  |   1|   0|    1|          0|
    |ap_condition_exit_pp0_iter1_stage0_pp0_iter5_reg  |   1|   0|    1|          0|
    |ap_condition_exit_pp0_iter1_stage0_pp0_iter6_reg  |   1|   0|    1|          0|
    |ap_done_reg                                       |   1|   0|    1|          0|
    |ap_enable_reg_pp0_iter1                           |   1|   0|    1|          0|
    |ap_enable_reg_pp0_iter2                           |   1|   0|    1|          0|
    |ap_enable_reg_pp0_iter3                           |   1|   0|    1|          0|
    |ap_enable_reg_pp0_iter4                           |   1|   0|    1|          0|
    |ap_enable_reg_pp0_iter5                           |   1|   0|    1|          0|
    |ap_enable_reg_pp0_iter6                           |   1|   0|    1|          0|
    |ap_enable_reg_pp0_iter7                           |   1|   0|    1|          0|
    |ap_loop_exit_ready_pp0_iter2_reg                  |   1|   0|    1|          0|
    |ap_loop_exit_ready_pp0_iter3_reg                  |   1|   0|    1|          0|
    |ap_loop_exit_ready_pp0_iter4_reg                  |   1|   0|    1|          0|
    |ap_loop_exit_ready_pp0_iter5_reg                  |   1|   0|    1|          0|
    |ap_loop_exit_ready_pp0_iter6_reg                  |   1|   0|    1|          0|
    |ap_loop_exit_ready_pp0_iter7_reg                  |   1|   0|    1|          0|
    |ap_loop_init_pp0_iter1_reg                        |   1|   0|    1|          0|
    |empty_4_reg_472                                   |   1|   0|    1|          0|
    |empty_fu_84                                       |  16|   0|   16|          0|
    |i2_fu_68                                          |   3|   0|    3|          0|
    |icmp_ln10_reg_495                                 |   1|   0|    1|          0|
    |icmp_ln127_reg_127                                |   1|   0|    1|          0|
    |icmp_ln12_reg_490                                 |   1|   0|    1|          0|
    |icmp_ln15_reg_510                                 |   1|   0|    1|          0|
    |indvar_flatten131_fu_64                           |   7|   0|    7|          0|
    |indvar_flatten3_fu_72                             |   6|   0|    6|          0|
    |j4_fu_76                                          |   3|   0|    3|          0|
    |j_reg_499                                         |   3|   0|    3|          0|
    |k5_fu_80                                          |   3|   0|    3|          0|
    |k_mid2_reg_477                                    |   3|   0|    3|          0|
    |k_mid2_reg_477_pp0_iter2_reg                      |   3|   0|    3|          0|
    |k_reg_484                                         |   3|   0|    3|          0|
    |add_ln16_1_reg_515                                |  64|  32|    5|          0|
    |empty_4_reg_472                                   |  64|  32|    1|          0|
    |icmp_ln15_reg_510                                 |  64|  32|    1|          0|
    +--------------------------------------------------+----+----+-----+-----------+
    |Total                                             | 279|  96|   94|          0|
    +--------------------------------------------------+----+----+-----+-----------+



================================================================
== Interface
================================================================
* Summary: 
+---------------+-----+-----+------------+--------------+--------------+
|   RTL Ports   | Dir | Bits|  Protocol  | Source Object|    C Type    |
+---------------+-----+-----+------------+--------------+--------------+
|ap_clk         |   in|    1|  ap_ctrl_hs|   matrix_mult|  return value|
|ap_rst         |   in|    1|  ap_ctrl_hs|   matrix_mult|  return value|
|ap_start       |   in|    1|  ap_ctrl_hs|   matrix_mult|  return value|
|ap_done        |  out|    1|  ap_ctrl_hs|   matrix_mult|  return value|
|ap_idle        |  out|    1|  ap_ctrl_hs|   matrix_mult|  return value|
|ap_ready       |  out|    1|  ap_ctrl_hs|   matrix_mult|  return value|
|a_address0     |  out|    5|   ap_memory|             a|         array|
|a_ce0          |  out|    1|   ap_memory|             a|         array|
|a_q0           |   in|    8|   ap_memory|             a|         array|
|b_address0     |  out|    5|   ap_memory|             b|         array|
|b_ce0          |  out|    1|   ap_memory|             b|         array|
|b_q0           |   in|    8|   ap_memory|             b|         array|
|prod_address0  |  out|    5|   ap_memory|          prod|         array|
|prod_ce0       |  out|    1|   ap_memory|          prod|         array|
|prod_we0       |  out|    1|   ap_memory|          prod|         array|
|prod_d0        |  out|   16|   ap_memory|          prod|         array|
+---------------+-----+-----+------------+--------------+--------------+

