

================================================================
== Vitis HLS Report for 'matrix_mult'
================================================================
* Date:           Mon May 25 19:56:10 2026

* Version:        2024.1 (Build 5069499 on May 21 2024)
* Project:        tutor3
* Solution:       solution2 (Vivado IP Flow Target)
* Product family: kintex7
* Target device:  xc7k70t-fbv676-1


================================================================
== Performance Estimates
================================================================
+ Timing: 
    * Summary: 
    +--------+---------+----------+------------+
    |  Clock |  Target | Estimated| Uncertainty|
    +--------+---------+----------+------------+
    |ap_clk  |  5.00 ns|  5.240 ns|     1.35 ns|
    +--------+---------+----------+------------+

+ Latency: 
    * Summary: 
    +---------+---------+----------+----------+-----+-----+-----------------------------------------------+
    |  Latency (cycles) |  Latency (absolute) |  Interval |                    Pipeline                   |
    |   min   |   max   |    min   |    max   | min | max |                      Type                     |
    +---------+---------+----------+----------+-----+-----+-----------------------------------------------+
    |      133|      133|  0.697 us|  0.697 us|  125|  125|  loop auto-rewind stp(delay=6 clock cycles(s))|
    +---------+---------+----------+----------+-----+-----+-----------------------------------------------+

    + Detail: 
        * Instance: 
        N/A

        * Loop: 
        +-------------------+---------+---------+----------+-----------+-----------+------+----------+
        |                   |  Latency (cycles) | Iteration|  Initiation Interval  | Trip |          |
        |     Loop Name     |   min   |   max   |  Latency |  achieved |   target  | Count| Pipelined|
        +-------------------+---------+---------+----------+-----------+-----------+------+----------+
        |- Row_Col_Product  |      131|      131|         8|          1|          1|   125|       yes|
        +-------------------+---------+---------+----------+-----------+-----------+------+----------+



================================================================
== Utilization Estimates
================================================================
* Summary: 
+-----------------+---------+-----+-------+-------+-----+
|       Name      | BRAM_18K| DSP |   FF  |  LUT  | URAM|
+-----------------+---------+-----+-------+-------+-----+
|DSP              |        -|    1|      -|      -|    -|
|Expression       |        -|    -|      0|    217|    -|
|FIFO             |        -|    -|      -|      -|    -|
|Instance         |        -|    -|      -|      -|    -|
|Memory           |        -|    -|      -|      -|    -|
|Multiplexer      |        -|    -|      0|    126|    -|
|Register         |        -|    -|    279|     96|    -|
+-----------------+---------+-----+-------+-------+-----+
|Total            |        0|    1|    279|    439|    0|
+-----------------+---------+-----+-------+-------+-----+
|Available        |      270|  240|  82000|  41000|    0|
+-----------------+---------+-----+-------+-------+-----+
|Utilization (%)  |        0|   ~0|     ~0|      1|    0|
+-----------------+---------+-----+-------+-------+-----+

+ Detail: 
    * Instance: 
    N/A

    * DSP: 
    +---------------------------------+------------------------------+--------------+
    |             Instance            |            Module            |  Expression  |
    +---------------------------------+------------------------------+--------------+
    |mac_muladd_8s_8s_16ns_16_4_1_U1  |mac_muladd_8s_8s_16ns_16_4_1  |  i0 * i1 + i2|
    +---------------------------------+------------------------------+--------------+

    * Memory: 
    N/A

    * FIFO: 
    N/A

    * Expression: 
    +-------------------------+----------+----+---+----+------------+------------+
    |      Variable Name      | Operation| DSP| FF| LUT| Bitwidth P0| Bitwidth P1|
    +-------------------------+----------+----+---+----+------------+------------+
    |add_ln10_1_fu_221_p2     |         +|   0|  0|  14|           7|           1|
    |add_ln10_fu_269_p2       |         +|   0|  0|  11|           3|           1|
    |add_ln12_1_fu_227_p2     |         +|   0|  0|  14|           6|           1|
    |add_ln12_2_fu_316_p2     |         +|   0|  0|  13|           5|           5|
    |add_ln12_fu_291_p2       |         +|   0|  0|  11|           3|           1|
    |add_ln16_1_fu_344_p2     |         +|   0|  0|  13|           5|           5|
    |add_ln16_2_fu_355_p2     |         +|   0|  0|  13|           5|           5|
    |add_ln16_3_fu_378_p2     |         +|   0|  0|   7|           5|           5|
    |add_ln16_4_fu_372_p2     |         +|   0|  0|   7|           5|           5|
    |k_fu_215_p2              |         +|   0|  0|  11|           3|           1|
    |and_ln10_fu_195_p2       |       and|   0|  0|   6|           1|           1|
    |ap_condition_199         |       and|   0|  0|   6|           1|           1|
    |icmp_ln10_fu_247_p2      |      icmp|   0|  0|  14|           7|           4|
    |icmp_ln12_fu_241_p2      |      icmp|   0|  0|  14|           6|           5|
    |icmp_ln15_fu_322_p2      |      icmp|   0|  0|  11|           3|           3|
    |empty_4_fu_201_p2        |        or|   0|  0|   6|           1|           1|
    |grp_fu_415_p2            |    select|   0|  0|  16|           1|           1|
    |i_fu_283_p3              |    select|   0|  0|   3|           1|           3|
    |j_fu_297_p3              |    select|   0|  0|   3|           1|           3|
    |k_mid2_fu_207_p3         |    select|   0|  0|   3|           1|           1|
    |select_ln10_fu_275_p3    |    select|   0|  0|   3|           1|           1|
    |select_ln12_1_fu_233_p3  |    select|   0|  0|   6|           1|           1|
    |ap_enable_pp0            |       xor|   0|  0|   6|           1|           2|
    |xor_ln10_fu_189_p2       |       xor|   0|  0|   6|           1|           2|
    +-------------------------+----------+----+---+----+------------+------------+
    |Total                    |          |   0|  0| 217|          74|          59|
    +-------------------------+----------+----+---+----+------------+------------+

    * Multiplexer: 
    +-------------------------------------+----+-----------+-----+-----------+
    |                 Name                | LUT| Input Size| Bits| Total Bits|
    +-------------------------------------+----+-----------+-----+-----------+
    |ap_done_int                          |   9|          2|    1|          2|
    |ap_enable_reg_pp0_iter1              |   9|          2|    1|          2|
    |ap_loop_exit_ready_pp0_iter7_reg     |   9|          2|    1|          2|
    |ap_phi_mux_icmp_ln127_phi_fu_131_p4  |   9|          2|    1|          2|
    |ap_phi_mux_icmp_ln156_phi_fu_143_p4  |   9|          2|    1|          2|
    |ap_sig_allocacmp_k5_load             |   9|          2|    3|          6|
    |ap_sig_allocacmp_p_load              |   9|          2|   16|         32|
    |empty_fu_84                          |   9|          2|   16|         32|
    |i2_fu_68                             |   9|          2|    3|          6|
    |icmp_ln127_reg_127                   |   9|          2|    1|          2|
    |indvar_flatten131_fu_64              |   9|          2|    7|         14|
    |indvar_flatten3_fu_72                |   9|          2|    6|         12|
    |j4_fu_76                             |   9|          2|    3|          6|
    |k5_fu_80                             |   9|          2|    3|          6|
    +-------------------------------------+----+-----------+-----+-----------+
    |Total                                | 126|         28|   63|        126|
    +-------------------------------------+----+-----------+-----+-----------+

    * Register: 
    +--------------------------------------------------+----+----+-----+-----------+
    |                       Name                       | FF | LUT| Bits| Const Bits|
    +--------------------------------------------------+----+----+-----+-----------+
    |add_ln12_2_reg_504                                |   5|   0|    5|          0|
    |add_ln16_1_reg_515                                |   5|   0|    5|          0|
    |and_ln10_reg_467                                  |   1|   0|    1|          0|
    |ap_CS_fsm                                         |   1|   0|    1|          0|
    |ap_condition_exit_pp0_iter1_stage0_pp0_iter2_reg  |   1|   0|    1|          0|
    |ap_condition_exit_pp0_iter1_stage0_pp0_iter3_reg  |   1|   0|    1|          0|
    |ap_condition_exit_pp0_iter1_stage0_pp0_iter4_reg  |   1|   0|    1|          0|
    |ap_condition_exit_pp0_iter1_stage0_pp0_iter5_reg  |   1|   0|    1|          0|
    |ap_condition_exit_pp0_iter1_stage0_pp0_iter6_reg  |   1|   0|    1|          0|
    |ap_done_reg                                       |   1|   0|    1|          0|
    |ap_enable_reg_pp0_iter1                           |   1|   0|    1|          0|
    |ap_enable_reg_pp0_iter2                           |   1|   0|    1|          0|
    |ap_enable_reg_pp0_iter3                           |   1|   0|    1|          0|
    |ap_enable_reg_pp0_iter4                           |   1|   0|    1|          0|
    |ap_enable_reg_pp0_iter5                           |   1|   0|    1|          0|
    |ap_enable_reg_pp0_iter6                           |   1|   0|    1|          0|
    |ap_enable_reg_pp0_iter7                           |   1|   0|    1|          0|
    |ap_loop_exit_ready_pp0_iter2_reg                  |   1|   0|    1|          0|
    |ap_loop_exit_ready_pp0_iter3_reg                  |   1|   0|    1|          0|
    |ap_loop_exit_ready_pp0_iter4_reg                  |   1|   0|    1|          0|
    |ap_loop_exit_ready_pp0_iter5_reg                  |   1|   0|    1|          0|
    |ap_loop_exit_ready_pp0_iter6_reg                  |   1|   0|    1|          0|
    |ap_loop_exit_ready_pp0_iter7_reg                  |   1|   0|    1|          0|
    |ap_loop_init_pp0_iter1_reg                        |   1|   0|    1|          0|
    |empty_4_reg_472                                   |   1|   0|    1|          0|
    |empty_fu_84                                       |  16|   0|   16|          0|
    |i2_fu_68                                          |   3|   0|    3|          0|
    |icmp_ln10_reg_495                                 |   1|   0|    1|          0|
    |icmp_ln127_reg_127                                |   1|   0|    1|          0|
    |icmp_ln12_reg_490                                 |   1|   0|    1|          0|
    |icmp_ln15_reg_510                                 |   1|   0|    1|          0|
    |indvar_flatten131_fu_64                           |   7|   0|    7|          0|
    |indvar_flatten3_fu_72                             |   6|   0|    6|          0|
    |j4_fu_76                                          |   3|   0|    3|          0|
    |j_reg_499                                         |   3|   0|    3|          0|
    |k5_fu_80                                          |   3|   0|    3|          0|
    |k_mid2_reg_477                                    |   3|   0|    3|          0|
    |k_mid2_reg_477_pp0_iter2_reg                      |   3|   0|    3|          0|
    |k_reg_484                                         |   3|   0|    3|          0|
    |add_ln16_1_reg_515                                |  64|  32|    5|          0|
    |empty_4_reg_472                                   |  64|  32|    1|          0|
    |icmp_ln15_reg_510                                 |  64|  32|    1|          0|
    +--------------------------------------------------+----+----+-----+-----------+
    |Total                                             | 279|  96|   94|          0|
    +--------------------------------------------------+----+----+-----+-----------+



================================================================
== Interface
================================================================
* Summary: 
+---------------+-----+-----+------------+--------------+--------------+
|   RTL Ports   | Dir | Bits|  Protocol  | Source Object|    C Type    |
+---------------+-----+-----+------------+--------------+--------------+
|ap_clk         |   in|    1|  ap_ctrl_hs|   matrix_mult|  return value|
|ap_rst         |   in|    1|  ap_ctrl_hs|   matrix_mult|  return value|
|ap_start       |   in|    1|  ap_ctrl_hs|   matrix_mult|  return value|
|ap_done        |  out|    1|  ap_ctrl_hs|   matrix_mult|  return value|
|ap_idle        |  out|    1|  ap_ctrl_hs|   matrix_mult|  return value|
|ap_ready       |  out|    1|  ap_ctrl_hs|   matrix_mult|  return value|
|a_address0     |  out|    5|   ap_memory|             a|         array|
|a_ce0          |  out|    1|   ap_memory|             a|         array|
|a_q0           |   in|    8|   ap_memory|             a|         array|
|b_address0     |  out|    5|   ap_memory|             b|         array|
|b_ce0          |  out|    1|   ap_memory|             b|         array|
|b_q0           |   in|    8|   ap_memory|             b|         array|
|prod_address0  |  out|    5|   ap_memory|          prod|         array|
|prod_ce0       |  out|    1|   ap_memory|          prod|         array|
|prod_we0       |  out|    1|   ap_memory|          prod|         array|
|prod_d0        |  out|   16|   ap_memory|          prod|         array|
+---------------+-----+-----+------------+--------------+--------------+

============================================================
+ Verbose Summary: Synthesis Manager
============================================================
InlineROM: 1
ExposeGlobal: 0
============================================================
+ Verbose Summary: CDFG Model
============================================================
IsTopModel: 1
ResetActiveHigh: 1
IsCombinational: 2
IsDatapathOnly: 2
HasWiredReturn: 1
HasMFsm: 2
HasVarLatency: 1
IsPipeline: 0
IsRtlPipelined: 0
IsInstanceOverlapped: 0
IsDontTouch: 0
HasImplIP: 0
IsGatedGlobalClock: 0

+ Individual pipeline summary: 
  * Pipeline-0: initiation interval (II) = 1, depth = 8


============================================================
+ Verbose Summary: Schedule
============================================================
* Number of FSM states : 8
* Pipeline : 1
  Pipeline-0 : II = 1, D = 8, States = { 1 2 3 4 5 6 7 8 }
* Dataflow Pipeline: 0

* FSM state transitions: 
1 --> 2 
2 --> 3 
3 --> 4 
4 --> 5 
5 --> 6 
6 --> 7 
7 --> 8 
8 --> 

* FSM state operations: 

State 1 <SV = 0> <Delay = 1.02>
ST_1 : Operation 11 [1/1] (0.00ns)   --->   "%indvar_flatten131 = alloca i32 1"   --->   Operation 11 'alloca' 'indvar_flatten131' <Predicate = true> <Delay = 0.00>
ST_1 : Operation 12 [1/1] (0.00ns)   --->   "%i2 = alloca i32 1"   --->   Operation 12 'alloca' 'i2' <Predicate = true> <Delay = 0.00>
ST_1 : Operation 13 [1/1] (0.00ns)   --->   "%indvar_flatten3 = alloca i32 1"   --->   Operation 13 'alloca' 'indvar_flatten3' <Predicate = true> <Delay = 0.00>
ST_1 : Operation 14 [1/1] (0.00ns)   --->   "%j4 = alloca i32 1"   --->   Operation 14 'alloca' 'j4' <Predicate = true> <Delay = 0.00>
ST_1 : Operation 15 [1/1] (0.00ns)   --->   "%k5 = alloca i32 1"   --->   Operation 15 'alloca' 'k5' <Predicate = true> <Delay = 0.00>
ST_1 : Operation 16 [1/1] (0.00ns)   --->   "%empty = alloca i32 1"   --->   Operation 16 'alloca' 'empty' <Predicate = true> <Delay = 0.00>
ST_1 : Operation 17 [1/1] (0.00ns)   --->   "%spectopmodule_ln4 = spectopmodule void @_ssdm_op_SpecTopModule, void @empty_1" [matrix_mult.cpp:4]   --->   Operation 17 'spectopmodule' 'spectopmodule_ln4' <Predicate = true> <Delay = 0.00>
ST_1 : Operation 18 [1/1] (0.00ns)   --->   "%specinterface_ln0 = specinterface void @_ssdm_op_SpecInterface, i8 %a, void @empty, i32 0, i32 0, void @empty_0, i32 4294967295, i32 0, void @empty_0, void @empty_0, void @empty_0, i32 0, i32 0, i32 0, i32 0, void @empty_0, void @empty_0, i32 4294967295, i32 0, i32 0"   --->   Operation 18 'specinterface' 'specinterface_ln0' <Predicate = true> <Delay = 0.00>
ST_1 : Operation 19 [1/1] (0.00ns)   --->   "%specbitsmap_ln0 = specbitsmap void @_ssdm_op_SpecBitsMap, i8 %a"   --->   Operation 19 'specbitsmap' 'specbitsmap_ln0' <Predicate = true> <Delay = 0.00>
ST_1 : Operation 20 [1/1] (0.00ns)   --->   "%specinterface_ln0 = specinterface void @_ssdm_op_SpecInterface, i8 %b, void @empty, i32 0, i32 0, void @empty_0, i32 4294967295, i32 0, void @empty_0, void @empty_0, void @empty_0, i32 0, i32 0, i32 0, i32 0, void @empty_0, void @empty_0, i32 4294967295, i32 0, i32 0"   --->   Operation 20 'specinterface' 'specinterface_ln0' <Predicate = true> <Delay = 0.00>
ST_1 : Operation 21 [1/1] (0.00ns)   --->   "%specbitsmap_ln0 = specbitsmap void @_ssdm_op_SpecBitsMap, i8 %b"   --->   Operation 21 'specbitsmap' 'specbitsmap_ln0' <Predicate = true> <Delay = 0.00>
ST_1 : Operation 22 [1/1] (0.00ns)   --->   "%specinterface_ln0 = specinterface void @_ssdm_op_SpecInterface, i16 %prod, void @empty, i32 0, i32 0, void @empty_0, i32 4294967295, i32 0, void @empty_0, void @empty_0, void @empty_0, i32 0, i32 0, i32 0, i32 0, void @empty_0, void @empty_0, i32 4294967295, i32 0, i32 0"   --->   Operation 22 'specinterface' 'specinterface_ln0' <Predicate = true> <Delay = 0.00>
ST_1 : Operation 23 [1/1] (0.00ns)   --->   "%specbitsmap_ln0 = specbitsmap void @_ssdm_op_SpecBitsMap, i16 %prod"   --->   Operation 23 'specbitsmap' 'specbitsmap_ln0' <Predicate = true> <Delay = 0.00>
ST_1 : Operation 24 [1/1] (1.02ns)   --->   "%store_ln0 = store i16 0, i16 %empty"   --->   Operation 24 'store' 'store_ln0' <Predicate = true> <Delay = 1.02>
ST_1 : Operation 25 [1/1] (1.02ns)   --->   "%store_ln0 = store i3 0, i3 %k5"   --->   Operation 25 'store' 'store_ln0' <Predicate = true> <Delay = 1.02>
ST_1 : Operation 26 [1/1] (1.02ns)   --->   "%store_ln0 = store i3 0, i3 %j4"   --->   Operation 26 'store' 'store_ln0' <Predicate = true> <Delay = 1.02>
ST_1 : Operation 27 [1/1] (1.02ns)   --->   "%store_ln0 = store i6 0, i6 %indvar_flatten3"   --->   Operation 27 'store' 'store_ln0' <Predicate = true> <Delay = 1.02>
ST_1 : Operation 28 [1/1] (1.02ns)   --->   "%store_ln0 = store i3 0, i3 %i2"   --->   Operation 28 'store' 'store_ln0' <Predicate = true> <Delay = 1.02>
ST_1 : Operation 29 [1/1] (1.02ns)   --->   "%store_ln0 = store i7 0, i7 %indvar_flatten131"   --->   Operation 29 'store' 'store_ln0' <Predicate = true> <Delay = 1.02>
ST_1 : Operation 30 [1/1] (1.02ns)   --->   "%br_ln0 = br void %for.inc29"   --->   Operation 30 'br' 'br_ln0' <Predicate = true> <Delay = 1.02>

State 2 <SV = 1> <Delay = 3.36>
ST_2 : Operation 31 [1/1] (0.00ns)   --->   "%icmp_ln127 = phi i1 0, void %entry, i1 %icmp_ln12, void %new.latch.for.inc.split" [matrix_mult.cpp:12]   --->   Operation 31 'phi' 'icmp_ln127' <Predicate = true> <Delay = 0.00>
ST_2 : Operation 32 [1/1] (0.00ns)   --->   "%icmp_ln156 = phi i1 0, void %entry, i1 %icmp_ln15, void %new.latch.for.inc.split" [matrix_mult.cpp:15]   --->   Operation 32 'phi' 'icmp_ln156' <Predicate = true> <Delay = 0.00>
ST_2 : Operation 33 [1/1] (0.00ns)   --->   "%indvar_flatten131_load = load i7 %indvar_flatten131" [matrix_mult.cpp:10]   --->   Operation 33 'load' 'indvar_flatten131_load' <Predicate = true> <Delay = 0.00>
ST_2 : Operation 34 [1/1] (0.00ns)   --->   "%indvar_flatten3_load = load i6 %indvar_flatten3" [matrix_mult.cpp:12]   --->   Operation 34 'load' 'indvar_flatten3_load' <Predicate = true> <Delay = 0.00>
ST_2 : Operation 35 [1/1] (0.00ns)   --->   "%k5_load = load i3 %k5"   --->   Operation 35 'load' 'k5_load' <Predicate = true> <Delay = 0.00>
ST_2 : Operation 36 [1/1] (0.00ns) (grouped into LUT with out node and_ln10)   --->   "%xor_ln10 = xor i1 %icmp_ln127, i1 1" [matrix_mult.cpp:10]   --->   Operation 36 'xor' 'xor_ln10' <Predicate = true> <Delay = 0.00> <CoreInst = "LogicGate">   --->   Core 74 'LogicGate' <Latency = 0> <II = 1> <Delay = 0.61> <FuncUnit> <Opcode : 'and' 'or' 'xor'> <InPorts = 2> <OutPorts = 1>
ST_2 : Operation 37 [1/1] (0.61ns) (out node of the LUT)   --->   "%and_ln10 = and i1 %icmp_ln156, i1 %xor_ln10" [matrix_mult.cpp:10]   --->   Operation 37 'and' 'and_ln10' <Predicate = true> <Delay = 0.61> <CoreInst = "LogicGate">   --->   Core 74 'LogicGate' <Latency = 0> <II = 1> <Delay = 0.61> <FuncUnit> <Opcode : 'and' 'or' 'xor'> <InPorts = 2> <OutPorts = 1>
ST_2 : Operation 38 [1/1] (0.61ns)   --->   "%empty_4 = or i1 %and_ln10, i1 %icmp_ln127" [matrix_mult.cpp:10]   --->   Operation 38 'or' 'empty_4' <Predicate = true> <Delay = 0.61> <CoreInst = "LogicGate">   --->   Core 74 'LogicGate' <Latency = 0> <II = 1> <Delay = 0.61> <FuncUnit> <Opcode : 'and' 'or' 'xor'> <InPorts = 2> <OutPorts = 1>
ST_2 : Operation 39 [1/1] (0.65ns)   --->   "%k_mid2 = select i1 %empty_4, i3 0, i3 %k5_load" [matrix_mult.cpp:10]   --->   Operation 39 'select' 'k_mid2' <Predicate = true> <Delay = 0.65> <CoreInst = "Sel">   --->   Core 73 'Sel' <Latency = 0> <II = 1> <Delay = 0.65> <FuncUnit> <Opcode : 'select'> <InPorts = 3> <OutPorts = 1>
ST_2 : Operation 40 [1/1] (1.16ns)   --->   "%k = add i3 %k_mid2, i3 1" [matrix_mult.cpp:15]   --->   Operation 40 'add' 'k' <Predicate = true> <Delay = 1.16> <CoreInst = "Adder">   --->   Core 1 'Adder' <Latency = 0> <II = 1> <Delay = 1.16> <FuncUnit> <Opcode : 'add' 'sub'> <InPorts = 2> <OutPorts = 1>
ST_2 : Operation 41 [1/1] (1.37ns)   --->   "%add_ln10_1 = add i7 %indvar_flatten131_load, i7 1" [matrix_mult.cpp:10]   --->   Operation 41 'add' 'add_ln10_1' <Predicate = true> <Delay = 1.37> <CoreInst = "Adder">   --->   Core 1 'Adder' <Latency = 0> <II = 1> <Delay = 1.37> <FuncUnit> <Opcode : 'add' 'sub'> <InPorts = 2> <OutPorts = 1>
ST_2 : Operation 42 [1/1] (1.35ns)   --->   "%add_ln12_1 = add i6 %indvar_flatten3_load, i6 1" [matrix_mult.cpp:12]   --->   Operation 42 'add' 'add_ln12_1' <Predicate = true> <Delay = 1.35> <CoreInst = "Adder">   --->   Core 1 'Adder' <Latency = 0> <II = 1> <Delay = 1.35> <FuncUnit> <Opcode : 'add' 'sub'> <InPorts = 2> <OutPorts = 1>
ST_2 : Operation 43 [1/1] (0.65ns)   --->   "%select_ln12_1 = select i1 %icmp_ln127, i6 1, i6 %add_ln12_1" [matrix_mult.cpp:12]   --->   Operation 43 'select' 'select_ln12_1' <Predicate = true> <Delay = 0.65> <CoreInst = "Sel">   --->   Core 73 'Sel' <Latency = 0> <II = 1> <Delay = 0.65> <FuncUnit> <Opcode : 'select'> <InPorts = 3> <OutPorts = 1>
ST_2 : Operation 44 [1/1] (1.35ns)   --->   "%icmp_ln12 = icmp_eq  i6 %select_ln12_1, i6 25" [matrix_mult.cpp:12]   --->   Operation 44 'icmp' 'icmp_ln12' <Predicate = true> <Delay = 1.35> <CoreInst = "Cmp">   --->   Core 9 'Cmp' <Latency = 0> <II = 1> <Delay = 1.35> <FuncUnit> <Opcode : 'seteq' 'setne' 'setle' 'setge' 'setlt' 'setgt'> <InPorts = 2> <OutPorts = 1>
ST_2 : Operation 45 [1/1] (1.37ns)   --->   "%icmp_ln10 = icmp_eq  i7 %indvar_flatten131_load, i7 124" [matrix_mult.cpp:10]   --->   Operation 45 'icmp' 'icmp_ln10' <Predicate = true> <Delay = 1.37> <CoreInst = "Cmp">   --->   Core 9 'Cmp' <Latency = 0> <II = 1> <Delay = 1.37> <FuncUnit> <Opcode : 'seteq' 'setne' 'setle' 'setge' 'setlt' 'setgt'> <InPorts = 2> <OutPorts = 1>
ST_2 : Operation 46 [1/1] (1.02ns)   --->   "%store_ln12 = store i6 %select_ln12_1, i6 %indvar_flatten3" [matrix_mult.cpp:12]   --->   Operation 46 'store' 'store_ln12' <Predicate = true> <Delay = 1.02>
ST_2 : Operation 47 [1/1] (1.02ns)   --->   "%store_ln10 = store i7 %add_ln10_1, i7 %indvar_flatten131" [matrix_mult.cpp:10]   --->   Operation 47 'store' 'store_ln10' <Predicate = true> <Delay = 1.02>
ST_2 : Operation 48 [1/1] (0.00ns)   --->   "%br_ln10 = br i1 %icmp_ln10, void %for.inc29, void %for.end31" [matrix_mult.cpp:10]   --->   Operation 48 'br' 'br_ln10' <Predicate = true> <Delay = 0.00>

State 3 <SV = 2> <Delay = 5.24>
ST_3 : Operation 49 [1/1] (0.00ns)   --->   "%i2_load = load i3 %i2" [matrix_mult.cpp:10]   --->   Operation 49 'load' 'i2_load' <Predicate = true> <Delay = 0.00>
ST_3 : Operation 50 [1/1] (0.00ns)   --->   "%j4_load = load i3 %j4" [matrix_mult.cpp:10]   --->   Operation 50 'load' 'j4_load' <Predicate = true> <Delay = 0.00>
ST_3 : Operation 51 [1/1] (1.16ns)   --->   "%add_ln10 = add i3 %i2_load, i3 1" [matrix_mult.cpp:10]   --->   Operation 51 'add' 'add_ln10' <Predicate = true> <Delay = 1.16> <CoreInst = "Adder">   --->   Core 1 'Adder' <Latency = 0> <II = 1> <Delay = 1.16> <FuncUnit> <Opcode : 'add' 'sub'> <InPorts = 2> <OutPorts = 1>
ST_3 : Operation 52 [1/1] (0.65ns)   --->   "%select_ln10 = select i1 %icmp_ln127, i3 0, i3 %j4_load" [matrix_mult.cpp:10]   --->   Operation 52 'select' 'select_ln10' <Predicate = true> <Delay = 0.65> <CoreInst = "Sel">   --->   Core 73 'Sel' <Latency = 0> <II = 1> <Delay = 0.65> <FuncUnit> <Opcode : 'select'> <InPorts = 3> <OutPorts = 1>
ST_3 : Operation 53 [1/1] (0.65ns)   --->   "%i = select i1 %icmp_ln127, i3 %add_ln10, i3 %i2_load" [matrix_mult.cpp:10]   --->   Operation 53 'select' 'i' <Predicate = true> <Delay = 0.65> <CoreInst = "Sel">   --->   Core 73 'Sel' <Latency = 0> <II = 1> <Delay = 0.65> <FuncUnit> <Opcode : 'select'> <InPorts = 3> <OutPorts = 1>
ST_3 : Operation 54 [1/1] (1.16ns)   --->   "%add_ln12 = add i3 %select_ln10, i3 1" [matrix_mult.cpp:12]   --->   Operation 54 'add' 'add_ln12' <Predicate = (and_ln10)> <Delay = 1.16> <CoreInst = "Adder">   --->   Core 1 'Adder' <Latency = 0> <II = 1> <Delay = 1.16> <FuncUnit> <Opcode : 'add' 'sub'> <InPorts = 2> <OutPorts = 1>
ST_3 : Operation 55 [1/1] (0.65ns)   --->   "%j = select i1 %and_ln10, i3 %add_ln12, i3 %select_ln10" [matrix_mult.cpp:12]   --->   Operation 55 'select' 'j' <Predicate = true> <Delay = 0.65> <CoreInst = "Sel">   --->   Core 73 'Sel' <Latency = 0> <II = 1> <Delay = 0.65> <FuncUnit> <Opcode : 'select'> <InPorts = 3> <OutPorts = 1>
ST_3 : Operation 56 [1/1] (0.00ns)   --->   "%zext_ln12 = zext i3 %i" [matrix_mult.cpp:12]   --->   Operation 56 'zext' 'zext_ln12' <Predicate = true> <Delay = 0.00>
ST_3 : Operation 57 [1/1] (0.00ns)   --->   "%tmp = bitconcatenate i5 @_ssdm_op_BitConcatenate.i5.i3.i2, i3 %i, i2 0" [matrix_mult.cpp:16]   --->   Operation 57 'bitconcatenate' 'tmp' <Predicate = true> <Delay = 0.00>
ST_3 : Operation 58 [1/1] (1.33ns)   --->   "%add_ln12_2 = add i5 %tmp, i5 %zext_ln12" [matrix_mult.cpp:12]   --->   Operation 58 'add' 'add_ln12_2' <Predicate = true> <Delay = 1.33> <CoreInst = "Adder">   --->   Core 1 'Adder' <Latency = 0> <II = 1> <Delay = 1.33> <FuncUnit> <Opcode : 'add' 'sub'> <InPorts = 2> <OutPorts = 1>
ST_3 : Operation 59 [1/1] (1.16ns)   --->   "%icmp_ln15 = icmp_eq  i3 %k, i3 5" [matrix_mult.cpp:15]   --->   Operation 59 'icmp' 'icmp_ln15' <Predicate = true> <Delay = 1.16> <CoreInst = "Cmp">   --->   Core 9 'Cmp' <Latency = 0> <II = 1> <Delay = 1.16> <FuncUnit> <Opcode : 'seteq' 'setne' 'setle' 'setge' 'setlt' 'setgt'> <InPorts = 2> <OutPorts = 1>
ST_3 : Operation 60 [1/1] (0.00ns)   --->   "%br_ln15 = br i1 %icmp_ln15, void %new.latch.for.inc.split, void %last.iter.for.inc.split" [matrix_mult.cpp:15]   --->   Operation 60 'br' 'br_ln15' <Predicate = true> <Delay = 0.00>
ST_3 : Operation 61 [1/1] (1.02ns)   --->   "%store_ln15 = store i3 %k, i3 %k5" [matrix_mult.cpp:15]   --->   Operation 61 'store' 'store_ln15' <Predicate = true> <Delay = 1.02>
ST_3 : Operation 62 [1/1] (1.02ns)   --->   "%store_ln12 = store i3 %j, i3 %j4" [matrix_mult.cpp:12]   --->   Operation 62 'store' 'store_ln12' <Predicate = true> <Delay = 1.02>
ST_3 : Operation 63 [1/1] (1.02ns)   --->   "%store_ln10 = store i3 %i, i3 %i2" [matrix_mult.cpp:10]   --->   Operation 63 'store' 'store_ln10' <Predicate = true> <Delay = 1.02>

State 4 <SV = 3> <Delay = 3.62>
ST_4 : Operation 64 [1/1] (0.00ns)   --->   "%zext_ln16 = zext i3 %j" [matrix_mult.cpp:16]   --->   Operation 64 'zext' 'zext_ln16' <Predicate = true> <Delay = 0.00>
ST_4 : Operation 65 [1/1] (1.33ns)   --->   "%add_ln16_1 = add i5 %add_ln12_2, i5 %zext_ln16" [matrix_mult.cpp:16]   --->   Operation 65 'add' 'add_ln16_1' <Predicate = true> <Delay = 1.33> <CoreInst = "Adder">   --->   Core 1 'Adder' <Latency = 0> <II = 1> <Delay = 1.33> <FuncUnit> <Opcode : 'add' 'sub'> <InPorts = 2> <OutPorts = 1>
ST_4 : Operation 66 [1/1] (0.00ns)   --->   "%zext_ln16_2 = zext i3 %k_mid2" [matrix_mult.cpp:16]   --->   Operation 66 'zext' 'zext_ln16_2' <Predicate = true> <Delay = 0.00>
ST_4 : Operation 67 [1/1] (0.00ns)   --->   "%zext_ln16_3 = zext i3 %k_mid2" [matrix_mult.cpp:16]   --->   Operation 67 'zext' 'zext_ln16_3' <Predicate = true> <Delay = 0.00>
ST_4 : Operation 68 [1/1] (1.33ns)   --->   "%add_ln16_2 = add i5 %add_ln12_2, i5 %zext_ln16_3" [matrix_mult.cpp:16]   --->   Operation 68 'add' 'add_ln16_2' <Predicate = true> <Delay = 1.33> <CoreInst = "Adder">   --->   Core 1 'Adder' <Latency = 0> <II = 1> <Delay = 1.33> <FuncUnit> <Opcode : 'add' 'sub'> <InPorts = 2> <OutPorts = 1>
ST_4 : Operation 69 [1/1] (0.00ns)   --->   "%zext_ln16_4 = zext i5 %add_ln16_2" [matrix_mult.cpp:16]   --->   Operation 69 'zext' 'zext_ln16_4' <Predicate = true> <Delay = 0.00>
ST_4 : Operation 70 [1/1] (0.00ns)   --->   "%a_addr = getelementptr i8 %a, i64 0, i64 %zext_ln16_4" [matrix_mult.cpp:16]   --->   Operation 70 'getelementptr' 'a_addr' <Predicate = true> <Delay = 0.00>
ST_4 : Operation 71 [1/1] (0.00ns)   --->   "%tmp_1 = bitconcatenate i5 @_ssdm_op_BitConcatenate.i5.i3.i2, i3 %k_mid2, i2 0" [matrix_mult.cpp:16]   --->   Operation 71 'bitconcatenate' 'tmp_1' <Predicate = true> <Delay = 0.00>
ST_4 : Operation 72 [1/1] (0.00ns) (grouped into TernaryAdder)   --->   "%add_ln16_4 = add i5 %tmp_1, i5 %zext_ln16_2" [matrix_mult.cpp:16]   --->   Operation 72 'add' 'add_ln16_4' <Predicate = true> <Delay = 0.00> <CoreInst = "TAddSub">   --->   Core 10 'TAddSub' <Latency = 0> <II = 1> <Delay = 1.10> <IPBlock> <Opcode : '' 'add' 'sub'> <InPorts = 3> <OutPorts = 1> <Sync> <CReg>
ST_4 : Operation 73 [1/1] (2.20ns) (root node of TernaryAdder)   --->   "%add_ln16_3 = add i5 %add_ln16_4, i5 %zext_ln16" [matrix_mult.cpp:16]   --->   Operation 73 'add' 'add_ln16_3' <Predicate = true> <Delay = 2.20> <CoreInst = "TAddSub">   --->   Core 10 'TAddSub' <Latency = 0> <II = 1> <Delay = 1.10> <IPBlock> <Opcode : '' 'add' 'sub'> <InPorts = 3> <OutPorts = 1> <Sync> <CReg>
ST_4 : Operation 74 [1/1] (0.00ns)   --->   "%zext_ln16_5 = zext i5 %add_ln16_3" [matrix_mult.cpp:16]   --->   Operation 74 'zext' 'zext_ln16_5' <Predicate = true> <Delay = 0.00>
ST_4 : Operation 75 [1/1] (0.00ns)   --->   "%b_addr = getelementptr i8 %b, i64 0, i64 %zext_ln16_5" [matrix_mult.cpp:16]   --->   Operation 75 'getelementptr' 'b_addr' <Predicate = true> <Delay = 0.00>
ST_4 : Operation 76 [2/2] (1.42ns)   --->   "%a_load = load i5 %a_addr" [matrix_mult.cpp:16]   --->   Operation 76 'load' 'a_load' <Predicate = true> <Delay = 1.42> <CoreInst = "RAM">   --->   Core 81 'RAM' <Latency = 1> <II = 1> <Delay = 1.42> <Storage> <Opcode : 'load' 'store'> <Ports = 2> <Width = 8> <Depth = 25> <RAM>
ST_4 : Operation 77 [2/2] (1.42ns)   --->   "%b_load = load i5 %b_addr" [matrix_mult.cpp:16]   --->   Operation 77 'load' 'b_load' <Predicate = true> <Delay = 1.42> <CoreInst = "RAM">   --->   Core 81 'RAM' <Latency = 1> <II = 1> <Delay = 1.42> <Storage> <Opcode : 'load' 'store'> <Ports = 2> <Width = 8> <Depth = 25> <RAM>

State 5 <SV = 4> <Delay = 2.51>
ST_5 : Operation 78 [1/2] (1.42ns)   --->   "%a_load = load i5 %a_addr" [matrix_mult.cpp:16]   --->   Operation 78 'load' 'a_load' <Predicate = true> <Delay = 1.42> <CoreInst = "RAM">   --->   Core 81 'RAM' <Latency = 1> <II = 1> <Delay = 1.42> <Storage> <Opcode : 'load' 'store'> <Ports = 2> <Width = 8> <Depth = 25> <RAM>
ST_5 : Operation 79 [1/1] (0.00ns)   --->   "%sext_ln16 = sext i8 %a_load" [matrix_mult.cpp:16]   --->   Operation 79 'sext' 'sext_ln16' <Predicate = true> <Delay = 0.00>
ST_5 : Operation 80 [1/2] (1.42ns)   --->   "%b_load = load i5 %b_addr" [matrix_mult.cpp:16]   --->   Operation 80 'load' 'b_load' <Predicate = true> <Delay = 1.42> <CoreInst = "RAM">   --->   Core 81 'RAM' <Latency = 1> <II = 1> <Delay = 1.42> <Storage> <Opcode : 'load' 'store'> <Ports = 2> <Width = 8> <Depth = 25> <RAM>
ST_5 : Operation 81 [1/1] (0.00ns)   --->   "%sext_ln16_1 = sext i8 %b_load" [matrix_mult.cpp:16]   --->   Operation 81 'sext' 'sext_ln16_1' <Predicate = true> <Delay = 0.00>
ST_5 : Operation 82 [3/3] (1.09ns) (grouped into DSP with root node add_ln16)   --->   "%mul_ln16 = mul i16 %sext_ln16_1, i16 %sext_ln16" [matrix_mult.cpp:16]   --->   Operation 82 'mul' 'mul_ln16' <Predicate = true> <Delay = 1.09> <CoreInst = "DSP48">   --->   Core 116 'DSP48' <Latency = 3> <II = 1> <Delay = 1.82> <IPBlock> <Opcode : '' 'add' 'sub' 'mul' 'select'> <InPorts = 0> <OutPorts = 1> <Sync> <CReg>

State 6 <SV = 5> <Delay = 1.09>
ST_6 : Operation 83 [2/3] (1.09ns) (grouped into DSP with root node add_ln16)   --->   "%mul_ln16 = mul i16 %sext_ln16_1, i16 %sext_ln16" [matrix_mult.cpp:16]   --->   Operation 83 'mul' 'mul_ln16' <Predicate = true> <Delay = 1.09> <CoreInst = "DSP48">   --->   Core 116 'DSP48' <Latency = 3> <II = 1> <Delay = 1.82> <IPBlock> <Opcode : '' 'add' 'sub' 'mul' 'select'> <InPorts = 0> <OutPorts = 1> <Sync> <CReg>

State 7 <SV = 6> <Delay = 2.32>
ST_7 : Operation 84 [1/1] (0.00ns)   --->   "%p_load = load i16 %empty"   --->   Operation 84 'load' 'p_load' <Predicate = (!empty_4)> <Delay = 0.00>
ST_7 : Operation 85 [1/1] (0.54ns)   --->   "%p_mid2 = select i1 %empty_4, i16 0, i16 %p_load" [matrix_mult.cpp:10]   --->   Operation 85 'select' 'p_mid2' <Predicate = true> <Delay = 0.54> <CoreInst = "Sel">   --->   Core 73 'Sel' <Latency = 0> <II = 1> <Delay = 0.54> <FuncUnit> <Opcode : 'select'> <InPorts = 3> <OutPorts = 1>
ST_7 : Operation 86 [1/3] (0.00ns) (grouped into DSP with root node add_ln16)   --->   "%mul_ln16 = mul i16 %sext_ln16_1, i16 %sext_ln16" [matrix_mult.cpp:16]   --->   Operation 86 'mul' 'mul_ln16' <Predicate = true> <Delay = 0.00> <CoreInst = "DSP48">   --->   Core 116 'DSP48' <Latency = 3> <II = 1> <Delay = 1.82> <IPBlock> <Opcode : '' 'add' 'sub' 'mul' 'select'> <InPorts = 0> <OutPorts = 1> <Sync> <CReg>
ST_7 : Operation 87 [2/2] (1.78ns) (root node of the DSP)   --->   "%add_ln16 = add i16 %mul_ln16, i16 %p_mid2" [matrix_mult.cpp:16]   --->   Operation 87 'add' 'add_ln16' <Predicate = true> <Delay = 1.78> <CoreInst = "DSP48">   --->   Core 116 'DSP48' <Latency = 3> <II = 1> <Delay = 1.82> <IPBlock> <Opcode : '' 'add' 'sub' 'mul' 'select'> <InPorts = 0> <OutPorts = 1> <Sync> <CReg>

State 8 <SV = 7> <Delay = 3.20>
ST_8 : Operation 88 [1/1] (0.00ns)   --->   "%specloopname_ln0 = specloopname void @_ssdm_op_SpecLoopName, void @Row_Col_Product_str"   --->   Operation 88 'specloopname' 'specloopname_ln0' <Predicate = true> <Delay = 0.00>
ST_8 : Operation 89 [1/1] (0.00ns)   --->   "%speclooptripcount_ln0 = speclooptripcount void @_ssdm_op_SpecLoopTripCount, i64 125, i64 125, i64 125"   --->   Operation 89 'speclooptripcount' 'speclooptripcount_ln0' <Predicate = true> <Delay = 0.00>
ST_8 : Operation 90 [1/1] (0.00ns)   --->   "%zext_ln16_1 = zext i5 %add_ln16_1" [matrix_mult.cpp:16]   --->   Operation 90 'zext' 'zext_ln16_1' <Predicate = true> <Delay = 0.00>
ST_8 : Operation 91 [1/1] (0.00ns)   --->   "%prod_addr = getelementptr i16 %prod, i64 0, i64 %zext_ln16_1" [matrix_mult.cpp:16]   --->   Operation 91 'getelementptr' 'prod_addr' <Predicate = true> <Delay = 0.00>
ST_8 : Operation 92 [1/1] (0.00ns)   --->   "%specpipeline_ln8 = specpipeline void @_ssdm_op_SpecPipeline, i32 4294967295, i32 0, i32 0, i32 0, void @empty_0" [C:/XinlinxHLS/tutor3/solution2/directives.tcl:8]   --->   Operation 92 'specpipeline' 'specpipeline_ln8' <Predicate = true> <Delay = 0.00>
ST_8 : Operation 93 [1/2] (1.78ns) (root node of the DSP)   --->   "%add_ln16 = add i16 %mul_ln16, i16 %p_mid2" [matrix_mult.cpp:16]   --->   Operation 93 'add' 'add_ln16' <Predicate = true> <Delay = 1.78> <CoreInst = "DSP48">   --->   Core 116 'DSP48' <Latency = 3> <II = 1> <Delay = 1.82> <IPBlock> <Opcode : '' 'add' 'sub' 'mul' 'select'> <InPorts = 0> <OutPorts = 1> <Sync> <CReg>
ST_8 : Operation 94 [1/1] (1.42ns)   --->   "%store_ln16 = store i16 %add_ln16, i5 %prod_addr" [matrix_mult.cpp:16]   --->   Operation 94 'store' 'store_ln16' <Predicate = (icmp_ln15)> <Delay = 1.42> <CoreInst = "RAM">   --->   Core 81 'RAM' <Latency = 1> <II = 1> <Delay = 1.42> <Storage> <Opcode : 'load' 'store'> <Ports = 2> <Width = 16> <Depth = 25> <RAM>
ST_8 : Operation 95 [1/1] (0.00ns)   --->   "%br_ln15 = br void %new.latch.for.inc.split" [matrix_mult.cpp:15]   --->   Operation 95 'br' 'br_ln15' <Predicate = (icmp_ln15)> <Delay = 0.00>
ST_8 : Operation 96 [1/1] (1.02ns)   --->   "%store_ln16 = store i16 %add_ln16, i16 %empty" [matrix_mult.cpp:16]   --->   Operation 96 'store' 'store_ln16' <Predicate = true> <Delay = 1.02>
ST_8 : Operation 97 [1/1] (1.02ns)   --->   "%ret_ln21 = ret" [matrix_mult.cpp:21]   --->   Operation 97 'ret' 'ret_ln21' <Predicate = (icmp_ln10)> <Delay = 1.02>


============================================================
+ Verbose Summary: Binding
============================================================
STG Binding: 
---------------- STG Properties BEGIN ----------------
- Is combinational: 0
- Is one-state seq: 0
- Is datapath-only: 0
- Is pipelined: 0
- Is top level: 1
Port [ Return ] is wired: 1; IO mode=ap_ctrl_hs:ce=0
Port [ a]:  wired=1; compound=1; hidden=0; nouse=0; global=0; static=0; extern=0; dir=0; type=1; pingpong=0; private_global=0; MemPort=[13]; IO mode=ap_memory:ce=0
Port [ b]:  wired=1; compound=1; hidden=0; nouse=0; global=0; static=0; extern=0; dir=0; type=1; pingpong=0; private_global=0; MemPort=[13]; IO mode=ap_memory:ce=0
Port [ prod]:  wired=1; compound=1; hidden=0; nouse=0; global=0; static=0; extern=0; dir=1; type=1; pingpong=0; private_global=0; MemPort=[03]; IO mode=ap_memory:ce=0
---------------- STG Properties END ------------------

---------------- Datapath Model BEGIN ----------------

<LifeTime>
<method=bitvector/>
indvar_flatten131      (alloca           ) [ 011000000]
i2                     (alloca           ) [ 011100000]
indvar_flatten3        (alloca           ) [ 011000000]
j4                     (alloca           ) [ 011100000]
k5                     (alloca           ) [ 011100000]
empty                  (alloca           ) [ 011111111]
spectopmodule_ln4      (spectopmodule    ) [ 000000000]
specinterface_ln0      (specinterface    ) [ 000000000]
specbitsmap_ln0        (specbitsmap      ) [ 000000000]
specinterface_ln0      (specinterface    ) [ 000000000]
specbitsmap_ln0        (specbitsmap      ) [ 000000000]
specinterface_ln0      (specinterface    ) [ 000000000]
specbitsmap_ln0        (specbitsmap      ) [ 000000000]
store_ln0              (store            ) [ 000000000]
store_ln0              (store            ) [ 000000000]
store_ln0              (store            ) [ 000000000]
store_ln0              (store            ) [ 000000000]
store_ln0              (store            ) [ 000000000]
store_ln0              (store            ) [ 000000000]
br_ln0                 (br               ) [ 011000000]
icmp_ln127             (phi              ) [ 011100000]
icmp_ln156             (phi              ) [ 011000000]
indvar_flatten131_load (load             ) [ 000000000]
indvar_flatten3_load   (load             ) [ 000000000]
k5_load                (load             ) [ 000000000]
xor_ln10               (xor              ) [ 000000000]
and_ln10               (and              ) [ 010100000]
empty_4                (or               ) [ 010111110]
k_mid2                 (select           ) [ 010110000]
k                      (add              ) [ 010100000]
add_ln10_1             (add              ) [ 000000000]
add_ln12_1             (add              ) [ 000000000]
select_ln12_1          (select           ) [ 000000000]
icmp_ln12              (icmp             ) [ 011000000]
icmp_ln10              (icmp             ) [ 011111111]
store_ln12             (store            ) [ 000000000]
store_ln10             (store            ) [ 000000000]
br_ln10                (br               ) [ 011000000]
i2_load                (load             ) [ 000000000]
j4_load                (load             ) [ 000000000]
add_ln10               (add              ) [ 000000000]
select_ln10            (select           ) [ 000000000]
i                      (select           ) [ 000000000]
add_ln12               (add              ) [ 000000000]
j                      (select           ) [ 010010000]
zext_ln12              (zext             ) [ 000000000]
tmp                    (bitconcatenate   ) [ 000000000]
add_ln12_2             (add              ) [ 010010000]
icmp_ln15              (icmp             ) [ 011011111]
br_ln15                (br               ) [ 000000000]
store_ln15             (store            ) [ 000000000]
store_ln12             (store            ) [ 000000000]
store_ln10             (store            ) [ 000000000]
zext_ln16              (zext             ) [ 000000000]
add_ln16_1             (add              ) [ 010001111]
zext_ln16_2            (zext             ) [ 000000000]
zext_ln16_3            (zext             ) [ 000000000]
add_ln16_2             (add              ) [ 000000000]
zext_ln16_4            (zext             ) [ 000000000]
a_addr                 (getelementptr    ) [ 010001000]
tmp_1                  (bitconcatenate   ) [ 000000000]
add_ln16_4             (add              ) [ 000000000]
add_ln16_3             (add              ) [ 000000000]
zext_ln16_5            (zext             ) [ 000000000]
b_addr                 (getelementptr    ) [ 010001000]
a_load                 (load             ) [ 000000000]
sext_ln16              (sext             ) [ 010000110]
b_load                 (load             ) [ 000000000]
sext_ln16_1            (sext             ) [ 010000110]
p_load                 (load             ) [ 000000000]
p_mid2                 (select           ) [ 010000001]
mul_ln16               (mul              ) [ 010000001]
specloopname_ln0       (specloopname     ) [ 000000000]
speclooptripcount_ln0  (speclooptripcount) [ 000000000]
zext_ln16_1            (zext             ) [ 000000000]
prod_addr              (getelementptr    ) [ 000000000]
specpipeline_ln8       (specpipeline     ) [ 000000000]
add_ln16               (add              ) [ 000000000]
store_ln16             (store            ) [ 000000000]
br_ln15                (br               ) [ 000000000]
store_ln16             (store            ) [ 000000000]
ret_ln21               (ret              ) [ 000000000]
</LifeTime>

<model>

<comp_list>
<comp id="0" class="1000" name="a">
<pin_list>
<pin id="1" dir="1" index="0" bw="1" slack="0"/>
</pin_list>
<bind>
<StgValue><ssdm name="a"/><MemPortTyVec>1 3 </MemPortTyVec>
</StgValue>
</bind>
</comp>

<comp id="2" class="1000" name="b">
<pin_list>
<pin id="3" dir="1" index="0" bw="1" slack="0"/>
</pin_list>
<bind>
<StgValue><ssdm name="b"/><MemPortTyVec>1 3 </MemPortTyVec>
</StgValue>
</bind>
</comp>

<comp id="4" class="1000" name="prod">
<pin_list>
<pin id="5" dir="1" index="0" bw="1" slack="0"/>
</pin_list>
<bind>
<StgValue><ssdm name="prod"/><MemPortTyVec>0 3 </MemPortTyVec>
</StgValue>
</bind>
</comp>

<comp id="6" class="1001" name="const_6">
<pin_list>
<pin id="7" dir="1" index="0" bw="1" slack="0"/>
</pin_list>
<bind>
<StgValue><ssdm name=""/></StgValue>
</bind>
</comp>

<comp id="8" class="1001" name="const_8">
<pin_list>
<pin id="9" dir="1" index="0" bw="1" slack="2147483647"/>
</pin_list>
<bind>
<StgValue><ssdm name="_ssdm_op_SpecTopModule"/></StgValue>
</bind>
</comp>

<comp id="10" class="1001" name="const_10">
<pin_list>
<pin id="11" dir="1" index="0" bw="1" slack="2147483647"/>
</pin_list>
<bind>
<StgValue><ssdm name="empty_1"/></StgValue>
</bind>
</comp>

<comp id="12" class="1001" name="const_12">
<pin_list>
<pin id="13" dir="1" index="0" bw="1" slack="2147483647"/>
</pin_list>
<bind>
<StgValue><ssdm name="_ssdm_op_SpecInterface"/></StgValue>
</bind>
</comp>

<comp id="14" class="1001" name="const_14">
<pin_list>
<pin id="15" dir="1" index="0" bw="1" slack="2147483647"/>
</pin_list>
<bind>
<StgValue><ssdm name="empty"/></StgValue>
</bind>
</comp>

<comp id="16" class="1001" name="const_16">
<pin_list>
<pin id="17" dir="1" index="0" bw="1" slack="2147483647"/>
</pin_list>
<bind>
<StgValue><ssdm name=""/></StgValue>
</bind>
</comp>

<comp id="18" class="1001" name="const_18">
<pin_list>
<pin id="19" dir="1" index="0" bw="1" slack="2147483647"/>
</pin_list>
<bind>
<StgValue><ssdm name="empty_0"/></StgValue>
</bind>
</comp>

<comp id="20" class="1001" name="const_20">
<pin_list>
<pin id="21" dir="1" index="0" bw="1" slack="2147483647"/>
</pin_list>
<bind>
<StgValue><ssdm name=""/></StgValue>
</bind>
</comp>

<comp id="22" class="1001" name="const_22">
<pin_list>
<pin id="23" dir="1" index="0" bw="1" slack="2147483647"/>
</pin_list>
<bind>
<StgValue><ssdm name="_ssdm_op_SpecBitsMap"/></StgValue>
</bind>
</comp>

<comp id="24" class="1001" name="const_24">
<pin_list>
<pin id="25" dir="1" index="0" bw="1" slack="0"/>
</pin_list>
<bind>
<StgValue><ssdm name=""/></StgValue>
</bind>
</comp>

<comp id="26" class="1001" name="const_26">
<pin_list>
<pin id="27" dir="1" index="0" bw="1" slack="0"/>
</pin_list>
<bind>
<StgValue><ssdm name=""/></StgValue>
</bind>
</comp>

<comp id="28" class="1001" name="const_28">
<pin_list>
<pin id="29" dir="1" index="0" bw="1" slack="0"/>
</pin_list>
<bind>
<StgValue><ssdm name=""/></StgValue>
</bind>
</comp>

<comp id="30" class="1001" name="const_30">
<pin_list>
<pin id="31" dir="1" index="0" bw="1" slack="0"/>
</pin_list>
<bind>
<StgValue><ssdm name=""/></StgValue>
</bind>
</comp>

<comp id="32" class="1001" name="const_32">
<pin_list>
<pin id="33" dir="1" index="0" bw="1" slack="1"/>
</pin_list>
<bind>
<StgValue><ssdm name=""/></StgValue>
</bind>
</comp>

<comp id="34" class="1001" name="const_34">
<pin_list>
<pin id="35" dir="1" index="0" bw="1" slack="0"/>
</pin_list>
<bind>
<StgValue><ssdm name=""/></StgValue>
</bind>
</comp>

<comp id="36" class="1001" name="const_36">
<pin_list>
<pin id="37" dir="1" index="0" bw="1" slack="0"/>
</pin_list>
<bind>
<StgValue><ssdm name=""/></StgValue>
</bind>
</comp>

<comp id="38" class="1001" name="const_38">
<pin_list>
<pin id="39" dir="1" index="0" bw="1" slack="0"/>
</pin_list>
<bind>
<StgValue><ssdm name=""/></StgValue>
</bind>
</comp>

<comp id="40" class="1001" name="const_40">
<pin_list>
<pin id="41" dir="1" index="0" bw="1" slack="0"/>
</pin_list>
<bind>
<StgValue><ssdm name=""/></StgValue>
</bind>
</comp>

<comp id="42" class="1001" name="const_42">
<pin_list>
<pin id="43" dir="1" index="0" bw="1" slack="0"/>
</pin_list>
<bind>
<StgValue><ssdm name=""/></StgValue>
</bind>
</comp>

<comp id="44" class="1001" name="const_44">
<pin_list>
<pin id="45" dir="1" index="0" bw="1" slack="0"/>
</pin_list>
<bind>
<StgValue><ssdm name=""/></StgValue>
</bind>
</comp>

<comp id="46" class="1001" name="const_46">
<pin_list>
<pin id="47" dir="1" index="0" bw="1" slack="0"/>
</pin_list>
<bind>
<StgValue><ssdm name="_ssdm_op_BitConcatenate.i5.i3.i2"/></StgValue>
</bind>
</comp>

<comp id="48" class="1001" name="const_48">
<pin_list>
<pin id="49" dir="1" index="0" bw="1" slack="0"/>
</pin_list>
<bind>
<StgValue><ssdm name=""/></StgValue>
</bind>
</comp>

<comp id="50" class="1001" name="const_50">
<pin_list>
<pin id="51" dir="1" index="0" bw="1" slack="0"/>
</pin_list>
<bind>
<StgValue><ssdm name=""/></StgValue>
</bind>
</comp>

<comp id="52" class="1001" name="const_52">
<pin_list>
<pin id="53" dir="1" index="0" bw="1" slack="0"/>
</pin_list>
<bind>
<StgValue><ssdm name=""/></StgValue>
</bind>
</comp>

<comp id="54" class="1001" name="const_54">
<pin_list>
<pin id="55" dir="1" index="0" bw="1" slack="2147483647"/>
</pin_list>
<bind>
<StgValue><ssdm name="_ssdm_op_SpecLoopName"/></StgValue>
</bind>
</comp>

<comp id="56" class="1001" name="const_56">
<pin_list>
<pin id="57" dir="1" index="0" bw="1" slack="2147483647"/>
</pin_list>
<bind>
<StgValue><ssdm name="Row_Col_Product_str"/></StgValue>
</bind>
</comp>

<comp id="58" class="1001" name="const_58">
<pin_list>
<pin id="59" dir="1" index="0" bw="1" slack="2147483647"/>
</pin_list>
<bind>
<StgValue><ssdm name="_ssdm_op_SpecLoopTripCount"/></StgValue>
</bind>
</comp>

<comp id="60" class="1001" name="const_60">
<pin_list>
<pin id="61" dir="1" index="0" bw="1" slack="2147483647"/>
</pin_list>
<bind>
<StgValue><ssdm name=""/></StgValue>
</bind>
</comp>

<comp id="62" class="1001" name="const_62">
<pin_list>
<pin id="63" dir="1" index="0" bw="1" slack="2147483647"/>
</pin_list>
<bind>
<StgValue><ssdm name="_ssdm_op_SpecPipeline"/></StgValue>
</bind>
</comp>

<comp id="64" class="1004" name="indvar_flatten131_fu_64">
<pin_list>
<pin id="65" dir="0" index="0" bw="1" slack="0"/>
<pin id="66" dir="1" index="1" bw="7" slack="0"/>
</pin_list>
<bind>
<opcode="alloca(26) " fcode="alloca"/>
<opset="indvar_flatten131/1 "/>
</bind>
</comp>

<comp id="68" class="1004" name="i2_fu_68">
<pin_list>
<pin id="69" dir="0" index="0" bw="1" slack="0"/>
<pin id="70" dir="1" index="1" bw="3" slack="0"/>
</pin_list>
<bind>
<opcode="alloca(26) " fcode="alloca"/>
<opset="i2/1 "/>
</bind>
</comp>

<comp id="72" class="1004" name="indvar_flatten3_fu_72">
<pin_list>
<pin id="73" dir="0" index="0" bw="1" slack="0"/>
<pin id="74" dir="1" index="1" bw="6" slack="0"/>
</pin_list>
<bind>
<opcode="alloca(26) " fcode="alloca"/>
<opset="indvar_flatten3/1 "/>
</bind>
</comp>

<comp id="76" class="1004" name="j4_fu_76">
<pin_list>
<pin id="77" dir="0" index="0" bw="1" slack="0"/>
<pin id="78" dir="1" index="1" bw="3" slack="0"/>
</pin_list>
<bind>
<opcode="alloca(26) " fcode="alloca"/>
<opset="j4/1 "/>
</bind>
</comp>

<comp id="80" class="1004" name="k5_fu_80">
<pin_list>
<pin id="81" dir="0" index="0" bw="1" slack="0"/>
<pin id="82" dir="1" index="1" bw="3" slack="0"/>
</pin_list>
<bind>
<opcode="alloca(26) " fcode="alloca"/>
<opset="k5/1 "/>
</bind>
</comp>

<comp id="84" class="1004" name="empty_fu_84">
<pin_list>
<pin id="85" dir="0" index="0" bw="1" slack="0"/>
<pin id="86" dir="1" index="1" bw="16" slack="0"/>
</pin_list>
<bind>
<opcode="alloca(26) " fcode="alloca"/>
<opset="empty/1 "/>
</bind>
</comp>

<comp id="88" class="1004" name="a_addr_gep_fu_88">
<pin_list>
<pin id="89" dir="0" index="0" bw="8" slack="0"/>
<pin id="90" dir="0" index="1" bw="1" slack="0"/>
<pin id="91" dir="0" index="2" bw="5" slack="0"/>
<pin id="92" dir="1" index="3" bw="5" slack="0"/>
</pin_list>
<bind>
<opcode="getelementptr(29) " fcode="getelementptr"/>
<opset="a_addr/4 "/>
</bind>
</comp>

<comp id="95" class="1004" name="b_addr_gep_fu_95">
<pin_list>
<pin id="96" dir="0" index="0" bw="8" slack="0"/>
<pin id="97" dir="0" index="1" bw="1" slack="0"/>
<pin id="98" dir="0" index="2" bw="5" slack="0"/>
<pin id="99" dir="1" index="3" bw="5" slack="0"/>
</pin_list>
<bind>
<opcode="getelementptr(29) " fcode="getelementptr"/>
<opset="b_addr/4 "/>
</bind>
</comp>

<comp id="102" class="1004" name="grp_access_fu_102">
<pin_list>
<pin id="103" dir="0" index="0" bw="5" slack="0"/>
<pin id="104" dir="0" index="1" bw="8" slack="2147483647"/>
<pin id="105" dir="0" index="2" bw="0" slack="2147483647"/>
<pin id="106" dir="1" index="3" bw="8" slack="0"/>
</pin_list>
<bind>
<opcode="load(27) " fcode="load"/>
<opset="a_load/4 "/>
</bind>
</comp>

<comp id="108" class="1004" name="grp_access_fu_108">
<pin_list>
<pin id="109" dir="0" index="0" bw="5" slack="0"/>
<pin id="110" dir="0" index="1" bw="8" slack="2147483647"/>
<pin id="111" dir="0" index="2" bw="0" slack="2147483647"/>
<pin id="112" dir="1" index="3" bw="8" slack="0"/>
</pin_list>
<bind>
<opcode="load(27) " fcode="load"/>
<opset="b_load/4 "/>
</bind>
</comp>

<comp id="114" class="1004" name="prod_addr_gep_fu_114">
<pin_list>
<pin id="115" dir="0" index="0" bw="16" slack="0"/>
<pin id="116" dir="0" index="1" bw="1" slack="0"/>
<pin id="117" dir="0" index="2" bw="5" slack="0"/>
<pin id="118" dir="1" index="3" bw="5" slack="0"/>
</pin_list>
<bind>
<opcode="getelementptr(29) " fcode="getelementptr"/>
<opset="prod_addr/8 "/>
</bind>
</comp>

<comp id="121" class="1004" name="store_ln16_access_fu_121">
<pin_list>
<pin id="122" dir="0" index="0" bw="5" slack="0"/>
<pin id="123" dir="0" index="1" bw="16" slack="0"/>
<pin id="124" dir="0" index="2" bw="0" slack="2147483647"/>
<pin id="125" dir="1" index="3" bw="16" slack="2147483647"/>
</pin_list>
<bind>
<opcode="store(28) " fcode="store"/>
<opset="store_ln16/8 "/>
</bind>
</comp>

<comp id="127" class="1005" name="icmp_ln127_reg_127">
<pin_list>
<pin id="128" dir="0" index="0" bw="1" slack="1"/>
<pin id="129" dir="1" index="1" bw="1" slack="1"/>
</pin_list>
<bind>
<opset="icmp_ln127 (phireg) "/>
</bind>
</comp>

<comp id="131" class="1004" name="icmp_ln127_phi_fu_131">
<pin_list>
<pin id="132" dir="0" index="0" bw="1" slack="1"/>
<pin id="133" dir="0" index="1" bw="0" slack="2147483647"/>
<pin id="134" dir="0" index="2" bw="1" slack="0"/>
<pin id="135" dir="0" index="3" bw="0" slack="2147483647"/>
<pin id="136" dir="1" index="4" bw="1" slack="0"/>
</pin_list>
<bind>
<opcode="phi(47) " fcode="phi"/>
<opset="icmp_ln127/2 "/>
</bind>
</comp>

<comp id="139" class="1005" name="icmp_ln156_reg_139">
<pin_list>
<pin id="140" dir="0" index="0" bw="1" slack="1"/>
<pin id="141" dir="1" index="1" bw="1" slack="1"/>
</pin_list>
<bind>
<opset="icmp_ln156 (phireg) "/>
</bind>
</comp>

<comp id="143" class="1004" name="icmp_ln156_phi_fu_143">
<pin_list>
<pin id="144" dir="0" index="0" bw="1" slack="1"/>
<pin id="145" dir="0" index="1" bw="0" slack="2147483647"/>
<pin id="146" dir="0" index="2" bw="1" slack="1"/>
<pin id="147" dir="0" index="3" bw="0" slack="2147483647"/>
<pin id="148" dir="1" index="4" bw="1" slack="0"/>
</pin_list>
<bind>
<opcode="phi(47) " fcode="phi"/>
<opset="icmp_ln156/2 "/>
</bind>
</comp>

<comp id="150" class="1004" name="store_ln0_store_fu_150">
<pin_list>
<pin id="151" dir="0" index="0" bw="1" slack="0"/>
<pin id="152" dir="0" index="1" bw="16" slack="0"/>
<pin id="153" dir="1" index="2" bw="0" slack="2147483647"/>
</pin_list>
<bind>
<opcode="store(28) " fcode="store"/>
<opset="store_ln0/1 "/>
</bind>
</comp>

<comp id="155" class="1004" name="store_ln0_store_fu_155">
<pin_list>
<pin id="156" dir="0" index="0" bw="1" slack="0"/>
<pin id="157" dir="0" index="1" bw="3" slack="0"/>
<pin id="158" dir="1" index="2" bw="0" slack="2147483647"/>
</pin_list>
<bind>
<opcode="store(28) " fcode="store"/>
<opset="store_ln0/1 "/>
</bind>
</comp>

<comp id="160" class="1004" name="store_ln0_store_fu_160">
<pin_list>
<pin id="161" dir="0" index="0" bw="1" slack="0"/>
<pin id="162" dir="0" index="1" bw="3" slack="0"/>
<pin id="163" dir="1" index="2" bw="0" slack="2147483647"/>
</pin_list>
<bind>
<opcode="store(28) " fcode="store"/>
<opset="store_ln0/1 "/>
</bind>
</comp>

<comp id="165" class="1004" name="store_ln0_store_fu_165">
<pin_list>
<pin id="166" dir="0" index="0" bw="1" slack="0"/>
<pin id="167" dir="0" index="1" bw="6" slack="0"/>
<pin id="168" dir="1" index="2" bw="0" slack="2147483647"/>
</pin_list>
<bind>
<opcode="store(28) " fcode="store"/>
<opset="store_ln0/1 "/>
</bind>
</comp>

<comp id="170" class="1004" name="store_ln0_store_fu_170">
<pin_list>
<pin id="171" dir="0" index="0" bw="1" slack="0"/>
<pin id="172" dir="0" index="1" bw="3" slack="0"/>
<pin id="173" dir="1" index="2" bw="0" slack="2147483647"/>
</pin_list>
<bind>
<opcode="store(28) " fcode="store"/>
<opset="store_ln0/1 "/>
</bind>
</comp>

<comp id="175" class="1004" name="store_ln0_store_fu_175">
<pin_list>
<pin id="176" dir="0" index="0" bw="1" slack="0"/>
<pin id="177" dir="0" index="1" bw="7" slack="0"/>
<pin id="178" dir="1" index="2" bw="0" slack="2147483647"/>
</pin_list>
<bind>
<opcode="store(28) " fcode="store"/>
<opset="store_ln0/1 "/>
</bind>
</comp>

<comp id="180" class="1004" name="indvar_flatten131_load_load_fu_180">
<pin_list>
<pin id="181" dir="0" index="0" bw="7" slack="1"/>
<pin id="182" dir="1" index="1" bw="7" slack="0"/>
</pin_list>
<bind>
<opcode="load(27) " fcode="load"/>
<opset="indvar_flatten131_load/2 "/>
</bind>
</comp>

<comp id="183" class="1004" name="indvar_flatten3_load_load_fu_183">
<pin_list>
<pin id="184" dir="0" index="0" bw="6" slack="1"/>
<pin id="185" dir="1" index="1" bw="6" slack="0"/>
</pin_list>
<bind>
<opcode="load(27) " fcode="load"/>
<opset="indvar_flatten3_load/2 "/>
</bind>
</comp>

<comp id="186" class="1004" name="k5_load_load_fu_186">
<pin_list>
<pin id="187" dir="0" index="0" bw="3" slack="1"/>
<pin id="188" dir="1" index="1" bw="3" slack="0"/>
</pin_list>
<bind>
<opcode="load(27) " fcode="load"/>
<opset="k5_load/2 "/>
</bind>
</comp>

<comp id="189" class="1004" name="xor_ln10_fu_189">
<pin_list>
<pin id="190" dir="0" index="0" bw="1" slack="0"/>
<pin id="191" dir="0" index="1" bw="1" slack="0"/>
<pin id="192" dir="1" index="2" bw="1" slack="0"/>
</pin_list>
<bind>
<opcode="xor(25) " fcode="xor"/>
<opset="xor_ln10/2 "/>
</bind>
</comp>

<comp id="195" class="1004" name="and_ln10_fu_195">
<pin_list>
<pin id="196" dir="0" index="0" bw="1" slack="0"/>
<pin id="197" dir="0" index="1" bw="1" slack="0"/>
<pin id="198" dir="1" index="2" bw="1" slack="0"/>
</pin_list>
<bind>
<opcode="and(23) " fcode="and"/>
<opset="and_ln10/2 "/>
</bind>
</comp>

<comp id="201" class="1004" name="empty_4_fu_201">
<pin_list>
<pin id="202" dir="0" index="0" bw="1" slack="0"/>
<pin id="203" dir="0" index="1" bw="1" slack="0"/>
<pin id="204" dir="1" index="2" bw="1" slack="0"/>
</pin_list>
<bind>
<opcode="or(24) " fcode="or"/>
<opset="empty_4/2 "/>
</bind>
</comp>

<comp id="207" class="1004" name="k_mid2_fu_207">
<pin_list>
<pin id="208" dir="0" index="0" bw="1" slack="0"/>
<pin id="209" dir="0" index="1" bw="3" slack="0"/>
<pin id="210" dir="0" index="2" bw="3" slack="0"/>
<pin id="211" dir="1" index="3" bw="3" slack="0"/>
</pin_list>
<bind>
<opcode="select(49) " fcode="select"/>
<opset="k_mid2/2 "/>
</bind>
</comp>

<comp id="215" class="1004" name="k_fu_215">
<pin_list>
<pin id="216" dir="0" index="0" bw="3" slack="0"/>
<pin id="217" dir="0" index="1" bw="1" slack="0"/>
<pin id="218" dir="1" index="2" bw="3" slack="1"/>
</pin_list>
<bind>
<opcode="add(8) " fcode="add"/>
<opset="k/2 "/>
</bind>
</comp>

<comp id="221" class="1004" name="add_ln10_1_fu_221">
<pin_list>
<pin id="222" dir="0" index="0" bw="7" slack="0"/>
<pin id="223" dir="0" index="1" bw="1" slack="0"/>
<pin id="224" dir="1" index="2" bw="7" slack="0"/>
</pin_list>
<bind>
<opcode="add(8) " fcode="add"/>
<opset="add_ln10_1/2 "/>
</bind>
</comp>

<comp id="227" class="1004" name="add_ln12_1_fu_227">
<pin_list>
<pin id="228" dir="0" index="0" bw="6" slack="0"/>
<pin id="229" dir="0" index="1" bw="1" slack="0"/>
<pin id="230" dir="1" index="2" bw="6" slack="0"/>
</pin_list>
<bind>
<opcode="add(8) " fcode="add"/>
<opset="add_ln12_1/2 "/>
</bind>
</comp>

<comp id="233" class="1004" name="select_ln12_1_fu_233">
<pin_list>
<pin id="234" dir="0" index="0" bw="1" slack="0"/>
<pin id="235" dir="0" index="1" bw="6" slack="0"/>
<pin id="236" dir="0" index="2" bw="6" slack="0"/>
<pin id="237" dir="1" index="3" bw="6" slack="0"/>
</pin_list>
<bind>
<opcode="select(49) " fcode="select"/>
<opset="select_ln12_1/2 "/>
</bind>
</comp>

<comp id="241" class="1004" name="icmp_ln12_fu_241">
<pin_list>
<pin id="242" dir="0" index="0" bw="6" slack="0"/>
<pin id="243" dir="0" index="1" bw="6" slack="0"/>
<pin id="244" dir="1" index="2" bw="1" slack="0"/>
</pin_list>
<bind>
<opcode="icmp(45) " fcode="icmp"/>
<opset="icmp_ln12/2 "/>
</bind>
</comp>

<comp id="247" class="1004" name="icmp_ln10_fu_247">
<pin_list>
<pin id="248" dir="0" index="0" bw="7" slack="0"/>
<pin id="249" dir="0" index="1" bw="7" slack="0"/>
<pin id="250" dir="1" index="2" bw="1" slack="1"/>
</pin_list>
<bind>
<opcode="icmp(45) " fcode="icmp"/>
<opset="icmp_ln10/2 "/>
</bind>
</comp>

<comp id="253" class="1004" name="store_ln12_store_fu_253">
<pin_list>
<pin id="254" dir="0" index="0" bw="6" slack="0"/>
<pin id="255" dir="0" index="1" bw="6" slack="1"/>
<pin id="256" dir="1" index="2" bw="0" slack="2147483647"/>
</pin_list>
<bind>
<opcode="store(28) " fcode="store"/>
<opset="store_ln12/2 "/>
</bind>
</comp>

<comp id="258" class="1004" name="store_ln10_store_fu_258">
<pin_list>
<pin id="259" dir="0" index="0" bw="7" slack="0"/>
<pin id="260" dir="0" index="1" bw="7" slack="1"/>
<pin id="261" dir="1" index="2" bw="0" slack="2147483647"/>
</pin_list>
<bind>
<opcode="store(28) " fcode="store"/>
<opset="store_ln10/2 "/>
</bind>
</comp>

<comp id="263" class="1004" name="i2_load_load_fu_263">
<pin_list>
<pin id="264" dir="0" index="0" bw="3" slack="2"/>
<pin id="265" dir="1" index="1" bw="3" slack="0"/>
</pin_list>
<bind>
<opcode="load(27) " fcode="load"/>
<opset="i2_load/3 "/>
</bind>
</comp>

<comp id="266" class="1004" name="j4_load_load_fu_266">
<pin_list>
<pin id="267" dir="0" index="0" bw="3" slack="2"/>
<pin id="268" dir="1" index="1" bw="3" slack="0"/>
</pin_list>
<bind>
<opcode="load(27) " fcode="load"/>
<opset="j4_load/3 "/>
</bind>
</comp>

<comp id="269" class="1004" name="add_ln10_fu_269">
<pin_list>
<pin id="270" dir="0" index="0" bw="3" slack="0"/>
<pin id="271" dir="0" index="1" bw="1" slack="0"/>
<pin id="272" dir="1" index="2" bw="3" slack="0"/>
</pin_list>
<bind>
<opcode="add(8) " fcode="add"/>
<opset="add_ln10/3 "/>
</bind>
</comp>

<comp id="275" class="1004" name="select_ln10_fu_275">
<pin_list>
<pin id="276" dir="0" index="0" bw="1" slack="1"/>
<pin id="277" dir="0" index="1" bw="3" slack="0"/>
<pin id="278" dir="0" index="2" bw="3" slack="0"/>
<pin id="279" dir="1" index="3" bw="3" slack="0"/>
</pin_list>
<bind>
<opcode="select(49) " fcode="select"/>
<opset="select_ln10/3 "/>
</bind>
</comp>

<comp id="283" class="1004" name="i_fu_283">
<pin_list>
<pin id="284" dir="0" index="0" bw="1" slack="1"/>
<pin id="285" dir="0" index="1" bw="3" slack="0"/>
<pin id="286" dir="0" index="2" bw="3" slack="0"/>
<pin id="287" dir="1" index="3" bw="3" slack="0"/>
</pin_list>
<bind>
<opcode="select(49) " fcode="select"/>
<opset="i/3 "/>
</bind>
</comp>

<comp id="291" class="1004" name="add_ln12_fu_291">
<pin_list>
<pin id="292" dir="0" index="0" bw="3" slack="0"/>
<pin id="293" dir="0" index="1" bw="1" slack="0"/>
<pin id="294" dir="1" index="2" bw="3" slack="0"/>
</pin_list>
<bind>
<opcode="add(8) " fcode="add"/>
<opset="add_ln12/3 "/>
</bind>
</comp>

<comp id="297" class="1004" name="j_fu_297">
<pin_list>
<pin id="298" dir="0" index="0" bw="1" slack="1"/>
<pin id="299" dir="0" index="1" bw="3" slack="0"/>
<pin id="300" dir="0" index="2" bw="3" slack="0"/>
<pin id="301" dir="1" index="3" bw="3" slack="0"/>
</pin_list>
<bind>
<opcode="select(49) " fcode="select"/>
<opset="j/3 "/>
</bind>
</comp>

<comp id="304" class="1004" name="zext_ln12_fu_304">
<pin_list>
<pin id="305" dir="0" index="0" bw="3" slack="0"/>
<pin id="306" dir="1" index="1" bw="5" slack="0"/>
</pin_list>
<bind>
<opcode="zext(34) " fcode="zext"/>
<opset="zext_ln12/3 "/>
</bind>
</comp>

<comp id="308" class="1004" name="tmp_fu_308">
<pin_list>
<pin id="309" dir="0" index="0" bw="5" slack="0"/>
<pin id="310" dir="0" index="1" bw="3" slack="0"/>
<pin id="311" dir="0" index="2" bw="1" slack="0"/>
<pin id="312" dir="1" index="3" bw="5" slack="0"/>
</pin_list>
<bind>
<opcode="bitconcatenate(1004) " fcode="bitconcatenate"/>
<opset="tmp/3 "/>
</bind>
</comp>

<comp id="316" class="1004" name="add_ln12_2_fu_316">
<pin_list>
<pin id="317" dir="0" index="0" bw="5" slack="0"/>
<pin id="318" dir="0" index="1" bw="3" slack="0"/>
<pin id="319" dir="1" index="2" bw="5" slack="1"/>
</pin_list>
<bind>
<opcode="add(8) " fcode="add"/>
<opset="add_ln12_2/3 "/>
</bind>
</comp>

<comp id="322" class="1004" name="icmp_ln15_fu_322">
<pin_list>
<pin id="323" dir="0" index="0" bw="3" slack="1"/>
<pin id="324" dir="0" index="1" bw="3" slack="0"/>
<pin id="325" dir="1" index="2" bw="1" slack="1"/>
</pin_list>
<bind>
<opcode="icmp(45) " fcode="icmp"/>
<opset="icmp_ln15/3 "/>
</bind>
</comp>

<comp id="327" class="1004" name="store_ln15_store_fu_327">
<pin_list>
<pin id="328" dir="0" index="0" bw="3" slack="1"/>
<pin id="329" dir="0" index="1" bw="3" slack="2"/>
<pin id="330" dir="1" index="2" bw="0" slack="2147483647"/>
</pin_list>
<bind>
<opcode="store(28) " fcode="store"/>
<opset="store_ln15/3 "/>
</bind>
</comp>

<comp id="331" class="1004" name="store_ln12_store_fu_331">
<pin_list>
<pin id="332" dir="0" index="0" bw="3" slack="0"/>
<pin id="333" dir="0" index="1" bw="3" slack="2"/>
<pin id="334" dir="1" index="2" bw="0" slack="2147483647"/>
</pin_list>
<bind>
<opcode="store(28) " fcode="store"/>
<opset="store_ln12/3 "/>
</bind>
</comp>

<comp id="336" class="1004" name="store_ln10_store_fu_336">
<pin_list>
<pin id="337" dir="0" index="0" bw="3" slack="0"/>
<pin id="338" dir="0" index="1" bw="3" slack="2"/>
<pin id="339" dir="1" index="2" bw="0" slack="2147483647"/>
</pin_list>
<bind>
<opcode="store(28) " fcode="store"/>
<opset="store_ln10/3 "/>
</bind>
</comp>

<comp id="341" class="1004" name="zext_ln16_fu_341">
<pin_list>
<pin id="342" dir="0" index="0" bw="3" slack="1"/>
<pin id="343" dir="1" index="1" bw="5" slack="0"/>
</pin_list>
<bind>
<opcode="zext(34) " fcode="zext"/>
<opset="zext_ln16/4 "/>
</bind>
</comp>

<comp id="344" class="1004" name="add_ln16_1_fu_344">
<pin_list>
<pin id="345" dir="0" index="0" bw="5" slack="1"/>
<pin id="346" dir="0" index="1" bw="3" slack="0"/>
<pin id="347" dir="1" index="2" bw="5" slack="4"/>
</pin_list>
<bind>
<opcode="add(8) " fcode="add"/>
<opset="add_ln16_1/4 "/>
</bind>
</comp>

<comp id="349" class="1004" name="zext_ln16_2_fu_349">
<pin_list>
<pin id="350" dir="0" index="0" bw="3" slack="2"/>
<pin id="351" dir="1" index="1" bw="5" slack="0"/>
</pin_list>
<bind>
<opcode="zext(34) " fcode="zext"/>
<opset="zext_ln16_2/4 "/>
</bind>
</comp>

<comp id="352" class="1004" name="zext_ln16_3_fu_352">
<pin_list>
<pin id="353" dir="0" index="0" bw="3" slack="2"/>
<pin id="354" dir="1" index="1" bw="5" slack="0"/>
</pin_list>
<bind>
<opcode="zext(34) " fcode="zext"/>
<opset="zext_ln16_3/4 "/>
</bind>
</comp>

<comp id="355" class="1004" name="add_ln16_2_fu_355">
<pin_list>
<pin id="356" dir="0" index="0" bw="5" slack="1"/>
<pin id="357" dir="0" index="1" bw="3" slack="0"/>
<pin id="358" dir="1" index="2" bw="5" slack="0"/>
</pin_list>
<bind>
<opcode="add(8) " fcode="add"/>
<opset="add_ln16_2/4 "/>
</bind>
</comp>

<comp id="360" class="1004" name="zext_ln16_4_fu_360">
<pin_list>
<pin id="361" dir="0" index="0" bw="5" slack="0"/>
<pin id="362" dir="1" index="1" bw="64" slack="0"/>
</pin_list>
<bind>
<opcode="zext(34) " fcode="zext"/>
<opset="zext_ln16_4/4 "/>
</bind>
</comp>

<comp id="365" class="1004" name="tmp_1_fu_365">
<pin_list>
<pin id="366" dir="0" index="0" bw="5" slack="0"/>
<pin id="367" dir="0" index="1" bw="3" slack="2"/>
<pin id="368" dir="0" index="2" bw="1" slack="0"/>
<pin id="369" dir="1" index="3" bw="5" slack="0"/>
</pin_list>
<bind>
<opcode="bitconcatenate(1004) " fcode="bitconcatenate"/>
<opset="tmp_1/4 "/>
</bind>
</comp>

<comp id="372" class="1004" name="add_ln16_4_fu_372">
<pin_list>
<pin id="373" dir="0" index="0" bw="5" slack="0"/>
<pin id="374" dir="0" index="1" bw="3" slack="0"/>
<pin id="375" dir="1" index="2" bw="5" slack="0"/>
</pin_list>
<bind>
<opcode="add(8) " fcode="add"/>
<opset="add_ln16_4/4 "/>
</bind>
</comp>

<comp id="378" class="1004" name="add_ln16_3_fu_378">
<pin_list>
<pin id="379" dir="0" index="0" bw="5" slack="0"/>
<pin id="380" dir="0" index="1" bw="3" slack="0"/>
<pin id="381" dir="1" index="2" bw="5" slack="0"/>
</pin_list>
<bind>
<opcode="add(8) " fcode="add"/>
<opset="add_ln16_3/4 "/>
</bind>
</comp>

<comp id="384" class="1004" name="zext_ln16_5_fu_384">
<pin_list>
<pin id="385" dir="0" index="0" bw="5" slack="0"/>
<pin id="386" dir="1" index="1" bw="64" slack="0"/>
</pin_list>
<bind>
<opcode="zext(34) " fcode="zext"/>
<opset="zext_ln16_5/4 "/>
</bind>
</comp>

<comp id="389" class="1004" name="sext_ln16_fu_389">
<pin_list>
<pin id="390" dir="0" index="0" bw="8" slack="0"/>
<pin id="391" dir="1" index="1" bw="16" slack="0"/>
</pin_list>
<bind>
<opcode="sext(35) " fcode="sext"/>
<opset="sext_ln16/5 "/>
</bind>
</comp>

<comp id="393" class="1004" name="sext_ln16_1_fu_393">
<pin_list>
<pin id="394" dir="0" index="0" bw="8" slack="0"/>
<pin id="395" dir="1" index="1" bw="16" slack="0"/>
</pin_list>
<bind>
<opcode="sext(35) " fcode="sext"/>
<opset="sext_ln16_1/5 "/>
</bind>
</comp>

<comp id="397" class="1004" name="p_load_load_fu_397">
<pin_list>
<pin id="398" dir="0" index="0" bw="16" slack="6"/>
<pin id="399" dir="1" index="1" bw="16" slack="0"/>
</pin_list>
<bind>
<opcode="load(27) " fcode="load"/>
<opset="p_load/7 "/>
</bind>
</comp>

<comp id="400" class="1004" name="p_mid2_fu_400">
<pin_list>
<pin id="401" dir="0" index="0" bw="1" slack="5"/>
<pin id="402" dir="0" index="1" bw="16" slack="0"/>
<pin id="403" dir="0" index="2" bw="16" slack="0"/>
<pin id="404" dir="1" index="3" bw="16" slack="0"/>
</pin_list>
<bind>
<opcode="select(49) " fcode="select"/>
<opset="p_mid2/7 "/>
</bind>
</comp>

<comp id="407" class="1004" name="zext_ln16_1_fu_407">
<pin_list>
<pin id="408" dir="0" index="0" bw="5" slack="4"/>
<pin id="409" dir="1" index="1" bw="64" slack="0"/>
</pin_list>
<bind>
<opcode="zext(34) " fcode="zext"/>
<opset="zext_ln16_1/8 "/>
</bind>
</comp>

<comp id="411" class="1004" name="store_ln16_store_fu_411">
<pin_list>
<pin id="412" dir="0" index="0" bw="16" slack="0"/>
<pin id="413" dir="0" index="1" bw="16" slack="7"/>
<pin id="414" dir="1" index="2" bw="0" slack="2147483647"/>
</pin_list>
<bind>
<opcode="store(28) " fcode="store"/>
<opset="store_ln16/8 "/>
</bind>
</comp>

<comp id="415" class="1007" name="grp_fu_415">
<pin_list>
<pin id="416" dir="0" index="0" bw="8" slack="0"/>
<pin id="417" dir="0" index="1" bw="8" slack="0"/>
<pin id="418" dir="0" index="2" bw="16" slack="0"/>
<pin id="419" dir="1" index="3" bw="16" slack="0"/>
</pin_list>
<bind>
<opcode="muladd(1172) " fcode="muladd"/>
<opset="mul_ln16/5 add_ln16/7 "/>
</bind>
</comp>

<comp id="425" class="1005" name="indvar_flatten131_reg_425">
<pin_list>
<pin id="426" dir="0" index="0" bw="7" slack="0"/>
<pin id="427" dir="1" index="1" bw="7" slack="0"/>
</pin_list>
<bind>
<opset="indvar_flatten131 "/>
</bind>
</comp>

<comp id="432" class="1005" name="i2_reg_432">
<pin_list>
<pin id="433" dir="0" index="0" bw="3" slack="0"/>
<pin id="434" dir="1" index="1" bw="3" slack="0"/>
</pin_list>
<bind>
<opset="i2 "/>
</bind>
</comp>

<comp id="439" class="1005" name="indvar_flatten3_reg_439">
<pin_list>
<pin id="440" dir="0" index="0" bw="6" slack="0"/>
<pin id="441" dir="1" index="1" bw="6" slack="0"/>
</pin_list>
<bind>
<opset="indvar_flatten3 "/>
</bind>
</comp>

<comp id="446" class="1005" name="j4_reg_446">
<pin_list>
<pin id="447" dir="0" index="0" bw="3" slack="0"/>
<pin id="448" dir="1" index="1" bw="3" slack="0"/>
</pin_list>
<bind>
<opset="j4 "/>
</bind>
</comp>

<comp id="453" class="1005" name="k5_reg_453">
<pin_list>
<pin id="454" dir="0" index="0" bw="3" slack="0"/>
<pin id="455" dir="1" index="1" bw="3" slack="0"/>
</pin_list>
<bind>
<opset="k5 "/>
</bind>
</comp>

<comp id="460" class="1005" name="empty_reg_460">
<pin_list>
<pin id="461" dir="0" index="0" bw="16" slack="0"/>
<pin id="462" dir="1" index="1" bw="16" slack="0"/>
</pin_list>
<bind>
<opset="empty "/>
</bind>
</comp>

<comp id="467" class="1005" name="and_ln10_reg_467">
<pin_list>
<pin id="468" dir="0" index="0" bw="1" slack="1"/>
<pin id="469" dir="1" index="1" bw="1" slack="1"/>
</pin_list>
<bind>
<opset="and_ln10 "/>
</bind>
</comp>

<comp id="472" class="1005" name="empty_4_reg_472">
<pin_list>
<pin id="473" dir="0" index="0" bw="1" slack="5"/>
<pin id="474" dir="1" index="1" bw="1" slack="5"/>
</pin_list>
<bind>
<opset="empty_4 "/>
</bind>
</comp>

<comp id="477" class="1005" name="k_mid2_reg_477">
<pin_list>
<pin id="478" dir="0" index="0" bw="3" slack="2"/>
<pin id="479" dir="1" index="1" bw="3" slack="2"/>
</pin_list>
<bind>
<opset="k_mid2 "/>
</bind>
</comp>

<comp id="484" class="1005" name="k_reg_484">
<pin_list>
<pin id="485" dir="0" index="0" bw="3" slack="1"/>
<pin id="486" dir="1" index="1" bw="3" slack="1"/>
</pin_list>
<bind>
<opset="k "/>
</bind>
</comp>

<comp id="490" class="1005" name="icmp_ln12_reg_490">
<pin_list>
<pin id="491" dir="0" index="0" bw="1" slack="0"/>
<pin id="492" dir="1" index="1" bw="1" slack="0"/>
</pin_list>
<bind>
<opset="icmp_ln12 "/>
</bind>
</comp>

<comp id="495" class="1005" name="icmp_ln10_reg_495">
<pin_list>
<pin id="496" dir="0" index="0" bw="1" slack="1"/>
<pin id="497" dir="1" index="1" bw="1" slack="2147483647"/>
</pin_list>
<bind>
<opset="icmp_ln10 "/>
</bind>
</comp>

<comp id="499" class="1005" name="j_reg_499">
<pin_list>
<pin id="500" dir="0" index="0" bw="3" slack="1"/>
<pin id="501" dir="1" index="1" bw="3" slack="1"/>
</pin_list>
<bind>
<opset="j "/>
</bind>
</comp>

<comp id="504" class="1005" name="add_ln12_2_reg_504">
<pin_list>
<pin id="505" dir="0" index="0" bw="5" slack="1"/>
<pin id="506" dir="1" index="1" bw="5" slack="1"/>
</pin_list>
<bind>
<opset="add_ln12_2 "/>
</bind>
</comp>

<comp id="510" class="1005" name="icmp_ln15_reg_510">
<pin_list>
<pin id="511" dir="0" index="0" bw="1" slack="1"/>
<pin id="512" dir="1" index="1" bw="1" slack="1"/>
</pin_list>
<bind>
<opset="icmp_ln15 "/>
</bind>
</comp>

<comp id="515" class="1005" name="add_ln16_1_reg_515">
<pin_list>
<pin id="516" dir="0" index="0" bw="5" slack="4"/>
<pin id="517" dir="1" index="1" bw="5" slack="4"/>
</pin_list>
<bind>
<opset="add_ln16_1 "/>
</bind>
</comp>

<comp id="520" class="1005" name="a_addr_reg_520">
<pin_list>
<pin id="521" dir="0" index="0" bw="5" slack="1"/>
<pin id="522" dir="1" index="1" bw="5" slack="1"/>
</pin_list>
<bind>
<opset="a_addr "/>
</bind>
</comp>

<comp id="525" class="1005" name="b_addr_reg_525">
<pin_list>
<pin id="526" dir="0" index="0" bw="5" slack="1"/>
<pin id="527" dir="1" index="1" bw="5" slack="1"/>
</pin_list>
<bind>
<opset="b_addr "/>
</bind>
</comp>

<comp id="530" class="1005" name="sext_ln16_reg_530">
<pin_list>
<pin id="531" dir="0" index="0" bw="16" slack="1"/>
<pin id="532" dir="1" index="1" bw="16" slack="1"/>
</pin_list>
<bind>
<opset="sext_ln16 "/>
</bind>
</comp>

<comp id="535" class="1005" name="sext_ln16_1_reg_535">
<pin_list>
<pin id="536" dir="0" index="0" bw="16" slack="1"/>
<pin id="537" dir="1" index="1" bw="16" slack="1"/>
</pin_list>
<bind>
<opset="sext_ln16_1 "/>
</bind>
</comp>

<comp id="540" class="1005" name="p_mid2_reg_540">
<pin_list>
<pin id="541" dir="0" index="0" bw="16" slack="1"/>
<pin id="542" dir="1" index="1" bw="16" slack="1"/>
</pin_list>
<bind>
<opset="p_mid2 "/>
</bind>
</comp>

</comp_list>

<net_list>
<net id="67"><net_src comp="6" pin="0"/><net_sink comp="64" pin=0"/></net>

<net id="71"><net_src comp="6" pin="0"/><net_sink comp="68" pin=0"/></net>

<net id="75"><net_src comp="6" pin="0"/><net_sink comp="72" pin=0"/></net>

<net id="79"><net_src comp="6" pin="0"/><net_sink comp="76" pin=0"/></net>

<net id="83"><net_src comp="6" pin="0"/><net_sink comp="80" pin=0"/></net>

<net id="87"><net_src comp="6" pin="0"/><net_sink comp="84" pin=0"/></net>

<net id="93"><net_src comp="0" pin="0"/><net_sink comp="88" pin=0"/></net>

<net id="94"><net_src comp="52" pin="0"/><net_sink comp="88" pin=1"/></net>

<net id="100"><net_src comp="2" pin="0"/><net_sink comp="95" pin=0"/></net>

<net id="101"><net_src comp="52" pin="0"/><net_sink comp="95" pin=1"/></net>

<net id="107"><net_src comp="88" pin="3"/><net_sink comp="102" pin=0"/></net>

<net id="113"><net_src comp="95" pin="3"/><net_sink comp="108" pin=0"/></net>

<net id="119"><net_src comp="4" pin="0"/><net_sink comp="114" pin=0"/></net>

<net id="120"><net_src comp="52" pin="0"/><net_sink comp="114" pin=1"/></net>

<net id="126"><net_src comp="114" pin="3"/><net_sink comp="121" pin=0"/></net>

<net id="130"><net_src comp="32" pin="0"/><net_sink comp="127" pin=0"/></net>

<net id="137"><net_src comp="127" pin="1"/><net_sink comp="131" pin=0"/></net>

<net id="138"><net_src comp="131" pin="4"/><net_sink comp="127" pin=0"/></net>

<net id="142"><net_src comp="32" pin="0"/><net_sink comp="139" pin=0"/></net>

<net id="149"><net_src comp="139" pin="1"/><net_sink comp="143" pin=0"/></net>

<net id="154"><net_src comp="24" pin="0"/><net_sink comp="150" pin=0"/></net>

<net id="159"><net_src comp="26" pin="0"/><net_sink comp="155" pin=0"/></net>

<net id="164"><net_src comp="26" pin="0"/><net_sink comp="160" pin=0"/></net>

<net id="169"><net_src comp="28" pin="0"/><net_sink comp="165" pin=0"/></net>

<net id="174"><net_src comp="26" pin="0"/><net_sink comp="170" pin=0"/></net>

<net id="179"><net_src comp="30" pin="0"/><net_sink comp="175" pin=0"/></net>

<net id="193"><net_src comp="131" pin="4"/><net_sink comp="189" pin=0"/></net>

<net id="194"><net_src comp="34" pin="0"/><net_sink comp="189" pin=1"/></net>

<net id="199"><net_src comp="143" pin="4"/><net_sink comp="195" pin=0"/></net>

<net id="200"><net_src comp="189" pin="2"/><net_sink comp="195" pin=1"/></net>

<net id="205"><net_src comp="195" pin="2"/><net_sink comp="201" pin=0"/></net>

<net id="206"><net_src comp="131" pin="4"/><net_sink comp="201" pin=1"/></net>

<net id="212"><net_src comp="201" pin="2"/><net_sink comp="207" pin=0"/></net>

<net id="213"><net_src comp="26" pin="0"/><net_sink comp="207" pin=1"/></net>

<net id="214"><net_src comp="186" pin="1"/><net_sink comp="207" pin=2"/></net>

<net id="219"><net_src comp="207" pin="3"/><net_sink comp="215" pin=0"/></net>

<net id="220"><net_src comp="36" pin="0"/><net_sink comp="215" pin=1"/></net>

<net id="225"><net_src comp="180" pin="1"/><net_sink comp="221" pin=0"/></net>

<net id="226"><net_src comp="38" pin="0"/><net_sink comp="221" pin=1"/></net>

<net id="231"><net_src comp="183" pin="1"/><net_sink comp="227" pin=0"/></net>

<net id="232"><net_src comp="40" pin="0"/><net_sink comp="227" pin=1"/></net>

<net id="238"><net_src comp="131" pin="4"/><net_sink comp="233" pin=0"/></net>

<net id="239"><net_src comp="40" pin="0"/><net_sink comp="233" pin=1"/></net>

<net id="240"><net_src comp="227" pin="2"/><net_sink comp="233" pin=2"/></net>

<net id="245"><net_src comp="233" pin="3"/><net_sink comp="241" pin=0"/></net>

<net id="246"><net_src comp="42" pin="0"/><net_sink comp="241" pin=1"/></net>

<net id="251"><net_src comp="180" pin="1"/><net_sink comp="247" pin=0"/></net>

<net id="252"><net_src comp="44" pin="0"/><net_sink comp="247" pin=1"/></net>

<net id="257"><net_src comp="233" pin="3"/><net_sink comp="253" pin=0"/></net>

<net id="262"><net_src comp="221" pin="2"/><net_sink comp="258" pin=0"/></net>

<net id="273"><net_src comp="263" pin="1"/><net_sink comp="269" pin=0"/></net>

<net id="274"><net_src comp="36" pin="0"/><net_sink comp="269" pin=1"/></net>

<net id="280"><net_src comp="127" pin="1"/><net_sink comp="275" pin=0"/></net>

<net id="281"><net_src comp="26" pin="0"/><net_sink comp="275" pin=1"/></net>

<net id="282"><net_src comp="266" pin="1"/><net_sink comp="275" pin=2"/></net>

<net id="288"><net_src comp="127" pin="1"/><net_sink comp="283" pin=0"/></net>

<net id="289"><net_src comp="269" pin="2"/><net_sink comp="283" pin=1"/></net>

<net id="290"><net_src comp="263" pin="1"/><net_sink comp="283" pin=2"/></net>

<net id="295"><net_src comp="275" pin="3"/><net_sink comp="291" pin=0"/></net>

<net id="296"><net_src comp="36" pin="0"/><net_sink comp="291" pin=1"/></net>

<net id="302"><net_src comp="291" pin="2"/><net_sink comp="297" pin=1"/></net>

<net id="303"><net_src comp="275" pin="3"/><net_sink comp="297" pin=2"/></net>

<net id="307"><net_src comp="283" pin="3"/><net_sink comp="304" pin=0"/></net>

<net id="313"><net_src comp="46" pin="0"/><net_sink comp="308" pin=0"/></net>

<net id="314"><net_src comp="283" pin="3"/><net_sink comp="308" pin=1"/></net>

<net id="315"><net_src comp="48" pin="0"/><net_sink comp="308" pin=2"/></net>

<net id="320"><net_src comp="308" pin="3"/><net_sink comp="316" pin=0"/></net>

<net id="321"><net_src comp="304" pin="1"/><net_sink comp="316" pin=1"/></net>

<net id="326"><net_src comp="50" pin="0"/><net_sink comp="322" pin=1"/></net>

<net id="335"><net_src comp="297" pin="3"/><net_sink comp="331" pin=0"/></net>

<net id="340"><net_src comp="283" pin="3"/><net_sink comp="336" pin=0"/></net>

<net id="348"><net_src comp="341" pin="1"/><net_sink comp="344" pin=1"/></net>

<net id="359"><net_src comp="352" pin="1"/><net_sink comp="355" pin=1"/></net>

<net id="363"><net_src comp="355" pin="2"/><net_sink comp="360" pin=0"/></net>

<net id="364"><net_src comp="360" pin="1"/><net_sink comp="88" pin=2"/></net>

<net id="370"><net_src comp="46" pin="0"/><net_sink comp="365" pin=0"/></net>

<net id="371"><net_src comp="48" pin="0"/><net_sink comp="365" pin=2"/></net>

<net id="376"><net_src comp="365" pin="3"/><net_sink comp="372" pin=0"/></net>

<net id="377"><net_src comp="349" pin="1"/><net_sink comp="372" pin=1"/></net>

<net id="382"><net_src comp="372" pin="2"/><net_sink comp="378" pin=0"/></net>

<net id="383"><net_src comp="341" pin="1"/><net_sink comp="378" pin=1"/></net>

<net id="387"><net_src comp="378" pin="2"/><net_sink comp="384" pin=0"/></net>

<net id="388"><net_src comp="384" pin="1"/><net_sink comp="95" pin=2"/></net>

<net id="392"><net_src comp="102" pin="3"/><net_sink comp="389" pin=0"/></net>

<net id="396"><net_src comp="108" pin="3"/><net_sink comp="393" pin=0"/></net>

<net id="405"><net_src comp="24" pin="0"/><net_sink comp="400" pin=1"/></net>

<net id="406"><net_src comp="397" pin="1"/><net_sink comp="400" pin=2"/></net>

<net id="410"><net_src comp="407" pin="1"/><net_sink comp="114" pin=2"/></net>

<net id="420"><net_src comp="393" pin="1"/><net_sink comp="415" pin=0"/></net>

<net id="421"><net_src comp="389" pin="1"/><net_sink comp="415" pin=1"/></net>

<net id="422"><net_src comp="400" pin="3"/><net_sink comp="415" pin=2"/></net>

<net id="423"><net_src comp="415" pin="3"/><net_sink comp="121" pin=1"/></net>

<net id="424"><net_src comp="415" pin="3"/><net_sink comp="411" pin=0"/></net>

<net id="428"><net_src comp="64" pin="1"/><net_sink comp="425" pin=0"/></net>

<net id="429"><net_src comp="425" pin="1"/><net_sink comp="175" pin=1"/></net>

<net id="430"><net_src comp="425" pin="1"/><net_sink comp="180" pin=0"/></net>

<net id="431"><net_src comp="425" pin="1"/><net_sink comp="258" pin=1"/></net>

<net id="435"><net_src comp="68" pin="1"/><net_sink comp="432" pin=0"/></net>

<net id="436"><net_src comp="432" pin="1"/><net_sink comp="170" pin=1"/></net>

<net id="437"><net_src comp="432" pin="1"/><net_sink comp="263" pin=0"/></net>

<net id="438"><net_src comp="432" pin="1"/><net_sink comp="336" pin=1"/></net>

<net id="442"><net_src comp="72" pin="1"/><net_sink comp="439" pin=0"/></net>

<net id="443"><net_src comp="439" pin="1"/><net_sink comp="165" pin=1"/></net>

<net id="444"><net_src comp="439" pin="1"/><net_sink comp="183" pin=0"/></net>

<net id="445"><net_src comp="439" pin="1"/><net_sink comp="253" pin=1"/></net>

<net id="449"><net_src comp="76" pin="1"/><net_sink comp="446" pin=0"/></net>

<net id="450"><net_src comp="446" pin="1"/><net_sink comp="160" pin=1"/></net>

<net id="451"><net_src comp="446" pin="1"/><net_sink comp="266" pin=0"/></net>

<net id="452"><net_src comp="446" pin="1"/><net_sink comp="331" pin=1"/></net>

<net id="456"><net_src comp="80" pin="1"/><net_sink comp="453" pin=0"/></net>

<net id="457"><net_src comp="453" pin="1"/><net_sink comp="155" pin=1"/></net>

<net id="458"><net_src comp="453" pin="1"/><net_sink comp="186" pin=0"/></net>

<net id="459"><net_src comp="453" pin="1"/><net_sink comp="327" pin=1"/></net>

<net id="463"><net_src comp="84" pin="1"/><net_sink comp="460" pin=0"/></net>

<net id="464"><net_src comp="460" pin="1"/><net_sink comp="150" pin=1"/></net>

<net id="465"><net_src comp="460" pin="1"/><net_sink comp="397" pin=0"/></net>

<net id="466"><net_src comp="460" pin="1"/><net_sink comp="411" pin=1"/></net>

<net id="470"><net_src comp="195" pin="2"/><net_sink comp="467" pin=0"/></net>

<net id="471"><net_src comp="467" pin="1"/><net_sink comp="297" pin=0"/></net>

<net id="475"><net_src comp="201" pin="2"/><net_sink comp="472" pin=0"/></net>

<net id="476"><net_src comp="472" pin="1"/><net_sink comp="400" pin=0"/></net>

<net id="480"><net_src comp="207" pin="3"/><net_sink comp="477" pin=0"/></net>

<net id="481"><net_src comp="477" pin="1"/><net_sink comp="349" pin=0"/></net>

<net id="482"><net_src comp="477" pin="1"/><net_sink comp="352" pin=0"/></net>

<net id="483"><net_src comp="477" pin="1"/><net_sink comp="365" pin=1"/></net>

<net id="487"><net_src comp="215" pin="2"/><net_sink comp="484" pin=0"/></net>

<net id="488"><net_src comp="484" pin="1"/><net_sink comp="322" pin=0"/></net>

<net id="489"><net_src comp="484" pin="1"/><net_sink comp="327" pin=0"/></net>

<net id="493"><net_src comp="241" pin="2"/><net_sink comp="490" pin=0"/></net>

<net id="494"><net_src comp="490" pin="1"/><net_sink comp="131" pin=2"/></net>

<net id="498"><net_src comp="247" pin="2"/><net_sink comp="495" pin=0"/></net>

<net id="502"><net_src comp="297" pin="3"/><net_sink comp="499" pin=0"/></net>

<net id="503"><net_src comp="499" pin="1"/><net_sink comp="341" pin=0"/></net>

<net id="507"><net_src comp="316" pin="2"/><net_sink comp="504" pin=0"/></net>

<net id="508"><net_src comp="504" pin="1"/><net_sink comp="344" pin=0"/></net>

<net id="509"><net_src comp="504" pin="1"/><net_sink comp="355" pin=0"/></net>

<net id="513"><net_src comp="322" pin="2"/><net_sink comp="510" pin=0"/></net>

<net id="514"><net_src comp="510" pin="1"/><net_sink comp="143" pin=2"/></net>

<net id="518"><net_src comp="344" pin="2"/><net_sink comp="515" pin=0"/></net>

<net id="519"><net_src comp="515" pin="1"/><net_sink comp="407" pin=0"/></net>

<net id="523"><net_src comp="88" pin="3"/><net_sink comp="520" pin=0"/></net>

<net id="524"><net_src comp="520" pin="1"/><net_sink comp="102" pin=0"/></net>

<net id="528"><net_src comp="95" pin="3"/><net_sink comp="525" pin=0"/></net>

<net id="529"><net_src comp="525" pin="1"/><net_sink comp="108" pin=0"/></net>

<net id="533"><net_src comp="389" pin="1"/><net_sink comp="530" pin=0"/></net>

<net id="534"><net_src comp="530" pin="1"/><net_sink comp="415" pin=1"/></net>

<net id="538"><net_src comp="393" pin="1"/><net_sink comp="535" pin=0"/></net>

<net id="539"><net_src comp="535" pin="1"/><net_sink comp="415" pin=0"/></net>

<net id="543"><net_src comp="400" pin="3"/><net_sink comp="540" pin=0"/></net>

<net id="544"><net_src comp="540" pin="1"/><net_sink comp="415" pin=1"/></net>

</net_list>

</model> 
---------------- Datapath Model END ------------------

* FSMD analyzer results:
  - Output states:
	Port: prod | {8 }
 - Input state : 
	Port: matrix_mult : a | {4 5 }
	Port: matrix_mult : b | {4 5 }
  - Chain level:
	State 1
		store_ln0 : 1
		store_ln0 : 1
		store_ln0 : 1
		store_ln0 : 1
		store_ln0 : 1
		store_ln0 : 1
	State 2
		xor_ln10 : 1
		and_ln10 : 1
		empty_4 : 1
		k_mid2 : 1
		k : 2
		add_ln10_1 : 1
		add_ln12_1 : 1
		select_ln12_1 : 2
		icmp_ln12 : 3
		icmp_ln10 : 1
		store_ln12 : 3
		store_ln10 : 2
		br_ln10 : 2
	State 3
		add_ln10 : 1
		select_ln10 : 1
		i : 2
		add_ln12 : 2
		j : 3
		zext_ln12 : 3
		tmp : 3
		add_ln12_2 : 4
		br_ln15 : 1
		store_ln12 : 4
		store_ln10 : 3
	State 4
		add_ln16_1 : 1
		add_ln16_2 : 1
		zext_ln16_4 : 2
		a_addr : 3
		add_ln16_4 : 1
		add_ln16_3 : 2
		zext_ln16_5 : 3
		b_addr : 4
		a_load : 4
		b_load : 5
	State 5
		sext_ln16 : 1
		sext_ln16_1 : 1
		mul_ln16 : 2
	State 6
	State 7
		p_mid2 : 1
		add_ln16 : 2
	State 8
		prod_addr : 1
		store_ln16 : 2
		store_ln16 : 1


============================================================
+ Verbose Summary: Datapath Resource usage 
============================================================

* Functional unit list:
|----------|----------------------|---------|---------|---------|
| Operation|    Functional Unit   |   DSP   |    FF   |   LUT   |
|----------|----------------------|---------|---------|---------|
|          |       k_fu_215       |    0    |    0    |    11   |
|          |   add_ln10_1_fu_221  |    0    |    0    |    14   |
|          |   add_ln12_1_fu_227  |    0    |    0    |    14   |
|          |    add_ln10_fu_269   |    0    |    0    |    11   |
|    add   |    add_ln12_fu_291   |    0    |    0    |    11   |
|          |   add_ln12_2_fu_316  |    0    |    0    |    13   |
|          |   add_ln16_1_fu_344  |    0    |    0    |    13   |
|          |   add_ln16_2_fu_355  |    0    |    0    |    13   |
|          |   add_ln16_4_fu_372  |    0    |    0    |    7    |
|          |   add_ln16_3_fu_378  |    0    |    0    |    7    |
|----------|----------------------|---------|---------|---------|
|          |   icmp_ln12_fu_241   |    0    |    0    |    14   |
|   icmp   |   icmp_ln10_fu_247   |    0    |    0    |    14   |
|          |   icmp_ln15_fu_322   |    0    |    0    |    11   |
|----------|----------------------|---------|---------|---------|
|          |     k_mid2_fu_207    |    0    |    0    |    3    |
|          | select_ln12_1_fu_233 |    0    |    0    |    6    |
|  select  |  select_ln10_fu_275  |    0    |    0    |    3    |
|          |       i_fu_283       |    0    |    0    |    3    |
|          |       j_fu_297       |    0    |    0    |    3    |
|          |     p_mid2_fu_400    |    0    |    0    |    16   |
|----------|----------------------|---------|---------|---------|
|    xor   |    xor_ln10_fu_189   |    0    |    0    |    6    |
|----------|----------------------|---------|---------|---------|
|    and   |    and_ln10_fu_195   |    0    |    0    |    6    |
|----------|----------------------|---------|---------|---------|
|    or    |    empty_4_fu_201    |    0    |    0    |    6    |
|----------|----------------------|---------|---------|---------|
|  muladd  |      grp_fu_415      |    1    |    0    |    0    |
|----------|----------------------|---------|---------|---------|
|          |   zext_ln12_fu_304   |    0    |    0    |    0    |
|          |   zext_ln16_fu_341   |    0    |    0    |    0    |
|          |  zext_ln16_2_fu_349  |    0    |    0    |    0    |
|   zext   |  zext_ln16_3_fu_352  |    0    |    0    |    0    |
|          |  zext_ln16_4_fu_360  |    0    |    0    |    0    |
|          |  zext_ln16_5_fu_384  |    0    |    0    |    0    |
|          |  zext_ln16_1_fu_407  |    0    |    0    |    0    |
|----------|----------------------|---------|---------|---------|
|bitconcatenate|      tmp_fu_308      |    0    |    0    |    0    |
|          |     tmp_1_fu_365     |    0    |    0    |    0    |
|----------|----------------------|---------|---------|---------|
|   sext   |   sext_ln16_fu_389   |    0    |    0    |    0    |
|          |  sext_ln16_1_fu_393  |    0    |    0    |    0    |
|----------|----------------------|---------|---------|---------|
|   Total  |                      |    1    |    0    |   205   |
|----------|----------------------|---------|---------|---------|

Memories:
N/A

* Register list:
+-------------------------+--------+
|                         |   FF   |
+-------------------------+--------+
|      a_addr_reg_520     |    5   |
|    add_ln12_2_reg_504   |    5   |
|    add_ln16_1_reg_515   |    5   |
|     and_ln10_reg_467    |    1   |
|      b_addr_reg_525     |    5   |
|     empty_4_reg_472     |    1   |
|      empty_reg_460      |   16   |
|        i2_reg_432       |    3   |
|    icmp_ln10_reg_495    |    1   |
|    icmp_ln127_reg_127   |    1   |
|    icmp_ln12_reg_490    |    1   |
|    icmp_ln156_reg_139   |    1   |
|    icmp_ln15_reg_510    |    1   |
|indvar_flatten131_reg_425|    7   |
| indvar_flatten3_reg_439 |    6   |
|        j4_reg_446       |    3   |
|        j_reg_499        |    3   |
|        k5_reg_453       |    3   |
|      k_mid2_reg_477     |    3   |
|        k_reg_484        |    3   |
|      p_mid2_reg_540     |   16   |
|   sext_ln16_1_reg_535   |   16   |
|    sext_ln16_reg_530    |   16   |
+-------------------------+--------+
|          Total          |   122  |
+-------------------------+--------+

* Multiplexer (MUX) list: 
|--------------------|------|------|------|--------||---------||---------||---------|
|        Comp        |  Pin | Size |  BW  | S x BW ||  Delay  ||    FF   ||   LUT   |
|--------------------|------|------|------|--------||---------||---------||---------|
|  grp_access_fu_102 |  p0  |   2  |   5  |   10   ||    0    ||    9    |
|  grp_access_fu_108 |  p0  |   2  |   5  |   10   ||    0    ||    9    |
| icmp_ln127_reg_127 |  p0  |   2  |   1  |    2   ||    0    ||    9    |
|     grp_fu_415     |  p0  |   2  |   8  |   16   ||    0    ||    9    |
|     grp_fu_415     |  p1  |   3  |   8  |   24   ||    0    ||    13   |
|--------------------|------|------|------|--------||---------||---------||---------|
|        Total       |      |      |      |   62   || 5.16336 ||    0    ||    49   |
|--------------------|------|------|------|--------||---------||---------||---------|



* Summary:
+-----------+--------+--------+--------+--------+
|           |   DSP  |  Delay |   FF   |   LUT  |
+-----------+--------+--------+--------+--------+
|  Function |    1   |    -   |    0   |   205  |
|   Memory  |    -   |    -   |    -   |    -   |
|Multiplexer|    -   |    5   |    0   |   49   |
|  Register |    -   |    -   |   122  |    -   |
+-----------+--------+--------+--------+--------+
|   Total   |    1   |    5   |   122  |   254  |
+-----------+--------+--------+--------+--------+
