

================================================================
== Vitis HLS Report for 'matrix_mult'
================================================================
* Date:           Mon May 25 19:56:09 2026

* Version:        2024.1 (Build 5069499 on May 21 2024)
* Project:        tutor3
* Solution:       solution2 (Vivado IP Flow Target)
* Product family: kintex7
* Target device:  xc7k70t-fbv676-1


================================================================
== Performance Estimates
================================================================
+ Timing: 
    * Summary: 
    +--------+---------+----------+------------+
    |  Clock |  Target | Estimated| Uncertainty|
    +--------+---------+----------+------------+
    |ap_clk  |  5.00 ns|  5.240 ns|     1.35 ns|
    +--------+---------+----------+------------+

+ Latency: 
    * Summary: 
    +---------+---------+----------+----------+-----+-----+-----------------------------------------------+
    |  Latency (cycles) |  Latency (absolute) |  Interval |                    Pipeline                   |
    |   min   |   max   |    min   |    max   | min | max |                      Type                     |
    +---------+---------+----------+----------+-----+-----+-----------------------------------------------+
    |      133|      133|  0.697 us|  0.697 us|  125|  125|  loop auto-rewind stp(delay=6 clock cycles(s))|
    +---------+---------+----------+----------+-----+-----+-----------------------------------------------+

    + Detail: 
        * Instance: 
        N/A

        * Loop: 
        +-------------------+---------+---------+----------+-----------+-----------+------+----------+
        |                   |  Latency (cycles) | Iteration|  Initiation Interval  | Trip |          |
        |     Loop Name     |   min   |   max   |  Latency |  achieved |   target  | Count| Pipelined|
        +-------------------+---------+---------+----------+-----------+-----------+------+----------+
        |- Row_Col_Product  |      131|      131|         8|          1|          1|   125|       yes|
        +-------------------+---------+---------+----------+-----------+-----------+------+----------+

============================================================
+ Verbose Summary: Synthesis Manager
============================================================
InlineROM: 1
ExposeGlobal: 0
============================================================
+ Verbose Summary: CDFG Model
============================================================
IsTopModel: 1
ResetActiveHigh: 1
IsCombinational: 0
IsDatapathOnly: 0
HasWiredReturn: 1
HasMFsm: 2
HasVarLatency: 1
IsPipeline: 0
IsRtlPipelined: 0
IsInstanceOverlapped: 0
IsDontTouch: 0
HasImplIP: 0
IsGatedGlobalClock: 0

+ Individual pipeline summary: 
  * Pipeline-0: initiation interval (II) = 1, depth = 8


============================================================
+ Verbose Summary: Schedule
============================================================
* Number of FSM states : 8
* Pipeline : 1
  Pipeline-0 : II = 1, D = 8, States = { 1 2 3 4 5 6 7 8 }
* Dataflow Pipeline: 0

* FSM state transitions: 
1 --> 2 
2 --> 3 
3 --> 4 
4 --> 5 
5 --> 6 
6 --> 7 
7 --> 8 
8 --> 

* FSM state operations: 

State 1 <SV = 0> <Delay = 1.02>
ST_1 : Operation 11 [1/1] (0.00ns)   --->   "%indvar_flatten131 = alloca i32 1"   --->   Operation 11 'alloca' 'indvar_flatten131' <Predicate = true> <Delay = 0.00>
ST_1 : Operation 12 [1/1] (0.00ns)   --->   "%i2 = alloca i32 1"   --->   Operation 12 'alloca' 'i2' <Predicate = true> <Delay = 0.00>
ST_1 : Operation 13 [1/1] (0.00ns)   --->   "%indvar_flatten3 = alloca i32 1"   --->   Operation 13 'alloca' 'indvar_flatten3' <Predicate = true> <Delay = 0.00>
ST_1 : Operation 14 [1/1] (0.00ns)   --->   "%j4 = alloca i32 1"   --->   Operation 14 'alloca' 'j4' <Predicate = true> <Delay = 0.00>
ST_1 : Operation 15 [1/1] (0.00ns)   --->   "%k5 = alloca i32 1"   --->   Operation 15 'alloca' 'k5' <Predicate = true> <Delay = 0.00>
ST_1 : Operation 16 [1/1] (0.00ns)   --->   "%empty = alloca i32 1"   --->   Operation 16 'alloca' 'empty' <Predicate = true> <Delay = 0.00>
ST_1 : Operation 17 [1/1] (0.00ns)   --->   "%spectopmodule_ln4 = spectopmodule void @_ssdm_op_SpecTopModule, void @empty_1" [matrix_mult.cpp:4]   --->   Operation 17 'spectopmodule' 'spectopmodule_ln4' <Predicate = true> <Delay = 0.00>
ST_1 : Operation 18 [1/1] (0.00ns)   --->   "%specinterface_ln0 = specinterface void @_ssdm_op_SpecInterface, i8 %a, void @empty, i32 0, i32 0, void @empty_0, i32 4294967295, i32 0, void @empty_0, void @empty_0, void @empty_0, i32 0, i32 0, i32 0, i32 0, void @empty_0, void @empty_0, i32 4294967295, i32 0, i32 0"   --->   Operation 18 'specinterface' 'specinterface_ln0' <Predicate = true> <Delay = 0.00>
ST_1 : Operation 19 [1/1] (0.00ns)   --->   "%specbitsmap_ln0 = specbitsmap void @_ssdm_op_SpecBitsMap, i8 %a"   --->   Operation 19 'specbitsmap' 'specbitsmap_ln0' <Predicate = true> <Delay = 0.00>
ST_1 : Operation 20 [1/1] (0.00ns)   --->   "%specinterface_ln0 = specinterface void @_ssdm_op_SpecInterface, i8 %b, void @empty, i32 0, i32 0, void @empty_0, i32 4294967295, i32 0, void @empty_0, void @empty_0, void @empty_0, i32 0, i32 0, i32 0, i32 0, void @empty_0, void @empty_0, i32 4294967295, i32 0, i32 0"   --->   Operation 20 'specinterface' 'specinterface_ln0' <Predicate = true> <Delay = 0.00>
ST_1 : Operation 21 [1/1] (0.00ns)   --->   "%specbitsmap_ln0 = specbitsmap void @_ssdm_op_SpecBitsMap, i8 %b"   --->   Operation 21 'specbitsmap' 'specbitsmap_ln0' <Predicate = true> <Delay = 0.00>
ST_1 : Operation 22 [1/1] (0.00ns)   --->   "%specinterface_ln0 = specinterface void @_ssdm_op_SpecInterface, i16 %prod, void @empty, i32 0, i32 0, void @empty_0, i32 4294967295, i32 0, void @empty_0, void @empty_0, void @empty_0, i32 0, i32 0, i32 0, i32 0, void @empty_0, void @empty_0, i32 4294967295, i32 0, i32 0"   --->   Operation 22 'specinterface' 'specinterface_ln0' <Predicate = true> <Delay = 0.00>
ST_1 : Operation 23 [1/1] (0.00ns)   --->   "%specbitsmap_ln0 = specbitsmap void @_ssdm_op_SpecBitsMap, i16 %prod"   --->   Operation 23 'specbitsmap' 'specbitsmap_ln0' <Predicate = true> <Delay = 0.00>
ST_1 : Operation 24 [1/1] (1.02ns)   --->   "%store_ln0 = store i16 0, i16 %empty"   --->   Operation 24 'store' 'store_ln0' <Predicate = true> <Delay = 1.02>
ST_1 : Operation 25 [1/1] (1.02ns)   --->   "%store_ln0 = store i3 0, i3 %k5"   --->   Operation 25 'store' 'store_ln0' <Predicate = true> <Delay = 1.02>
ST_1 : Operation 26 [1/1] (1.02ns)   --->   "%store_ln0 = store i3 0, i3 %j4"   --->   Operation 26 'store' 'store_ln0' <Predicate = true> <Delay = 1.02>
ST_1 : Operation 27 [1/1] (1.02ns)   --->   "%store_ln0 = store i6 0, i6 %indvar_flatten3"   --->   Operation 27 'store' 'store_ln0' <Predicate = true> <Delay = 1.02>
ST_1 : Operation 28 [1/1] (1.02ns)   --->   "%store_ln0 = store i3 0, i3 %i2"   --->   Operation 28 'store' 'store_ln0' <Predicate = true> <Delay = 1.02>
ST_1 : Operation 29 [1/1] (1.02ns)   --->   "%store_ln0 = store i7 0, i7 %indvar_flatten131"   --->   Operation 29 'store' 'store_ln0' <Predicate = true> <Delay = 1.02>
ST_1 : Operation 30 [1/1] (1.02ns)   --->   "%br_ln0 = br void %for.inc29"   --->   Operation 30 'br' 'br_ln0' <Predicate = true> <Delay = 1.02>

State 2 <SV = 1> <Delay = 3.36>
ST_2 : Operation 31 [1/1] (0.00ns)   --->   "%icmp_ln127 = phi i1 0, void %entry, i1 %icmp_ln12, void %new.latch.for.inc.split" [matrix_mult.cpp:12]   --->   Operation 31 'phi' 'icmp_ln127' <Predicate = true> <Delay = 0.00>
ST_2 : Operation 32 [1/1] (0.00ns)   --->   "%icmp_ln156 = phi i1 0, void %entry, i1 %icmp_ln15, void %new.latch.for.inc.split" [matrix_mult.cpp:15]   --->   Operation 32 'phi' 'icmp_ln156' <Predicate = true> <Delay = 0.00>
ST_2 : Operation 33 [1/1] (0.00ns)   --->   "%indvar_flatten131_load = load i7 %indvar_flatten131" [matrix_mult.cpp:10]   --->   Operation 33 'load' 'indvar_flatten131_load' <Predicate = true> <Delay = 0.00>
ST_2 : Operation 34 [1/1] (0.00ns)   --->   "%indvar_flatten3_load = load i6 %indvar_flatten3" [matrix_mult.cpp:12]   --->   Operation 34 'load' 'indvar_flatten3_load' <Predicate = true> <Delay = 0.00>
ST_2 : Operation 35 [1/1] (0.00ns)   --->   "%k5_load = load i3 %k5"   --->   Operation 35 'load' 'k5_load' <Predicate = true> <Delay = 0.00>
ST_2 : Operation 36 [1/1] (0.00ns) (grouped into LUT with out node and_ln10)   --->   "%xor_ln10 = xor i1 %icmp_ln127, i1 1" [matrix_mult.cpp:10]   --->   Operation 36 'xor' 'xor_ln10' <Predicate = true> <Delay = 0.00> <CoreInst = "LogicGate">   --->   Core 74 'LogicGate' <Latency = 0> <II = 1> <Delay = 0.61> <FuncUnit> <Opcode : 'and' 'or' 'xor'> <InPorts = 2> <OutPorts = 1>
ST_2 : Operation 37 [1/1] (0.61ns) (out node of the LUT)   --->   "%and_ln10 = and i1 %icmp_ln156, i1 %xor_ln10" [matrix_mult.cpp:10]   --->   Operation 37 'and' 'and_ln10' <Predicate = true> <Delay = 0.61> <CoreInst = "LogicGate">   --->   Core 74 'LogicGate' <Latency = 0> <II = 1> <Delay = 0.61> <FuncUnit> <Opcode : 'and' 'or' 'xor'> <InPorts = 2> <OutPorts = 1>
ST_2 : Operation 38 [1/1] (0.61ns)   --->   "%empty_4 = or i1 %and_ln10, i1 %icmp_ln127" [matrix_mult.cpp:10]   --->   Operation 38 'or' 'empty_4' <Predicate = true> <Delay = 0.61> <CoreInst = "LogicGate">   --->   Core 74 'LogicGate' <Latency = 0> <II = 1> <Delay = 0.61> <FuncUnit> <Opcode : 'and' 'or' 'xor'> <InPorts = 2> <OutPorts = 1>
ST_2 : Operation 39 [1/1] (0.65ns)   --->   "%k_mid2 = select i1 %empty_4, i3 0, i3 %k5_load" [matrix_mult.cpp:10]   --->   Operation 39 'select' 'k_mid2' <Predicate = true> <Delay = 0.65> <CoreInst = "Sel">   --->   Core 73 'Sel' <Latency = 0> <II = 1> <Delay = 0.65> <FuncUnit> <Opcode : 'select'> <InPorts = 3> <OutPorts = 1>
ST_2 : Operation 40 [1/1] (1.16ns)   --->   "%k = add i3 %k_mid2, i3 1" [matrix_mult.cpp:15]   --->   Operation 40 'add' 'k' <Predicate = true> <Delay = 1.16> <CoreInst = "Adder">   --->   Core 1 'Adder' <Latency = 0> <II = 1> <Delay = 1.16> <FuncUnit> <Opcode : 'add' 'sub'> <InPorts = 2> <OutPorts = 1>
ST_2 : Operation 41 [1/1] (1.37ns)   --->   "%add_ln10_1 = add i7 %indvar_flatten131_load, i7 1" [matrix_mult.cpp:10]   --->   Operation 41 'add' 'add_ln10_1' <Predicate = true> <Delay = 1.37> <CoreInst = "Adder">   --->   Core 1 'Adder' <Latency = 0> <II = 1> <Delay = 1.37> <FuncUnit> <Opcode : 'add' 'sub'> <InPorts = 2> <OutPorts = 1>
ST_2 : Operation 42 [1/1] (1.35ns)   --->   "%add_ln12_1 = add i6 %indvar_flatten3_load, i6 1" [matrix_mult.cpp:12]   --->   Operation 42 'add' 'add_ln12_1' <Predicate = true> <Delay = 1.35> <CoreInst = "Adder">   --->   Core 1 'Adder' <Latency = 0> <II = 1> <Delay = 1.35> <FuncUnit> <Opcode : 'add' 'sub'> <InPorts = 2> <OutPorts = 1>
ST_2 : Operation 43 [1/1] (0.65ns)   --->   "%select_ln12_1 = select i1 %icmp_ln127, i6 1, i6 %add_ln12_1" [matrix_mult.cpp:12]   --->   Operation 43 'select' 'select_ln12_1' <Predicate = true> <Delay = 0.65> <CoreInst = "Sel">   --->   Core 73 'Sel' <Latency = 0> <II = 1> <Delay = 0.65> <FuncUnit> <Opcode : 'select'> <InPorts = 3> <OutPorts = 1>
ST_2 : Operation 44 [1/1] (1.35ns)   --->   "%icmp_ln12 = icmp_eq  i6 %select_ln12_1, i6 25" [matrix_mult.cpp:12]   --->   Operation 44 'icmp' 'icmp_ln12' <Predicate = true> <Delay = 1.35> <CoreInst = "Cmp">   --->   Core 9 'Cmp' <Latency = 0> <II = 1> <Delay = 1.35> <FuncUnit> <Opcode : 'seteq' 'setne' 'setle' 'setge' 'setlt' 'setgt'> <InPorts = 2> <OutPorts = 1>
ST_2 : Operation 45 [1/1] (1.37ns)   --->   "%icmp_ln10 = icmp_eq  i7 %indvar_flatten131_load, i7 124" [matrix_mult.cpp:10]   --->   Operation 45 'icmp' 'icmp_ln10' <Predicate = true> <Delay = 1.37> <CoreInst = "Cmp">   --->   Core 9 'Cmp' <Latency = 0> <II = 1> <Delay = 1.37> <FuncUnit> <Opcode : 'seteq' 'setne' 'setle' 'setge' 'setlt' 'setgt'> <InPorts = 2> <OutPorts = 1>
ST_2 : Operation 46 [1/1] (1.02ns)   --->   "%store_ln12 = store i6 %select_ln12_1, i6 %indvar_flatten3" [matrix_mult.cpp:12]   --->   Operation 46 'store' 'store_ln12' <Predicate = true> <Delay = 1.02>
ST_2 : Operation 47 [1/1] (1.02ns)   --->   "%store_ln10 = store i7 %add_ln10_1, i7 %indvar_flatten131" [matrix_mult.cpp:10]   --->   Operation 47 'store' 'store_ln10' <Predicate = true> <Delay = 1.02>
ST_2 : Operation 48 [1/1] (0.00ns)   --->   "%br_ln10 = br i1 %icmp_ln10, void %for.inc29, void %for.end31" [matrix_mult.cpp:10]   --->   Operation 48 'br' 'br_ln10' <Predicate = true> <Delay = 0.00>

State 3 <SV = 2> <Delay = 5.24>
ST_3 : Operation 49 [1/1] (0.00ns)   --->   "%i2_load = load i3 %i2" [matrix_mult.cpp:10]   --->   Operation 49 'load' 'i2_load' <Predicate = true> <Delay = 0.00>
ST_3 : Operation 50 [1/1] (0.00ns)   --->   "%j4_load = load i3 %j4" [matrix_mult.cpp:10]   --->   Operation 50 'load' 'j4_load' <Predicate = true> <Delay = 0.00>
ST_3 : Operation 51 [1/1] (1.16ns)   --->   "%add_ln10 = add i3 %i2_load, i3 1" [matrix_mult.cpp:10]   --->   Operation 51 'add' 'add_ln10' <Predicate = true> <Delay = 1.16> <CoreInst = "Adder">   --->   Core 1 'Adder' <Latency = 0> <II = 1> <Delay = 1.16> <FuncUnit> <Opcode : 'add' 'sub'> <InPorts = 2> <OutPorts = 1>
ST_3 : Operation 52 [1/1] (0.65ns)   --->   "%select_ln10 = select i1 %icmp_ln127, i3 0, i3 %j4_load" [matrix_mult.cpp:10]   --->   Operation 52 'select' 'select_ln10' <Predicate = true> <Delay = 0.65> <CoreInst = "Sel">   --->   Core 73 'Sel' <Latency = 0> <II = 1> <Delay = 0.65> <FuncUnit> <Opcode : 'select'> <InPorts = 3> <OutPorts = 1>
ST_3 : Operation 53 [1/1] (0.65ns)   --->   "%i = select i1 %icmp_ln127, i3 %add_ln10, i3 %i2_load" [matrix_mult.cpp:10]   --->   Operation 53 'select' 'i' <Predicate = true> <Delay = 0.65> <CoreInst = "Sel">   --->   Core 73 'Sel' <Latency = 0> <II = 1> <Delay = 0.65> <FuncUnit> <Opcode : 'select'> <InPorts = 3> <OutPorts = 1>
ST_3 : Operation 54 [1/1] (1.16ns)   --->   "%add_ln12 = add i3 %select_ln10, i3 1" [matrix_mult.cpp:12]   --->   Operation 54 'add' 'add_ln12' <Predicate = (and_ln10)> <Delay = 1.16> <CoreInst = "Adder">   --->   Core 1 'Adder' <Latency = 0> <II = 1> <Delay = 1.16> <FuncUnit> <Opcode : 'add' 'sub'> <InPorts = 2> <OutPorts = 1>
ST_3 : Operation 55 [1/1] (0.65ns)   --->   "%j = select i1 %and_ln10, i3 %add_ln12, i3 %select_ln10" [matrix_mult.cpp:12]   --->   Operation 55 'select' 'j' <Predicate = true> <Delay = 0.65> <CoreInst = "Sel">   --->   Core 73 'Sel' <Latency = 0> <II = 1> <Delay = 0.65> <FuncUnit> <Opcode : 'select'> <InPorts = 3> <OutPorts = 1>
ST_3 : Operation 56 [1/1] (0.00ns)   --->   "%zext_ln12 = zext i3 %i" [matrix_mult.cpp:12]   --->   Operation 56 'zext' 'zext_ln12' <Predicate = true> <Delay = 0.00>
ST_3 : Operation 57 [1/1] (0.00ns)   --->   "%tmp = bitconcatenate i5 @_ssdm_op_BitConcatenate.i5.i3.i2, i3 %i, i2 0" [matrix_mult.cpp:16]   --->   Operation 57 'bitconcatenate' 'tmp' <Predicate = true> <Delay = 0.00>
ST_3 : Operation 58 [1/1] (1.33ns)   --->   "%add_ln12_2 = add i5 %tmp, i5 %zext_ln12" [matrix_mult.cpp:12]   --->   Operation 58 'add' 'add_ln12_2' <Predicate = true> <Delay = 1.33> <CoreInst = "Adder">   --->   Core 1 'Adder' <Latency = 0> <II = 1> <Delay = 1.33> <FuncUnit> <Opcode : 'add' 'sub'> <InPorts = 2> <OutPorts = 1>
ST_3 : Operation 59 [1/1] (1.16ns)   --->   "%icmp_ln15 = icmp_eq  i3 %k, i3 5" [matrix_mult.cpp:15]   --->   Operation 59 'icmp' 'icmp_ln15' <Predicate = true> <Delay = 1.16> <CoreInst = "Cmp">   --->   Core 9 'Cmp' <Latency = 0> <II = 1> <Delay = 1.16> <FuncUnit> <Opcode : 'seteq' 'setne' 'setle' 'setge' 'setlt' 'setgt'> <InPorts = 2> <OutPorts = 1>
ST_3 : Operation 60 [1/1] (0.00ns)   --->   "%br_ln15 = br i1 %icmp_ln15, void %new.latch.for.inc.split, void %last.iter.for.inc.split" [matrix_mult.cpp:15]   --->   Operation 60 'br' 'br_ln15' <Predicate = true> <Delay = 0.00>
ST_3 : Operation 61 [1/1] (1.02ns)   --->   "%store_ln15 = store i3 %k, i3 %k5" [matrix_mult.cpp:15]   --->   Operation 61 'store' 'store_ln15' <Predicate = true> <Delay = 1.02>
ST_3 : Operation 62 [1/1] (1.02ns)   --->   "%store_ln12 = store i3 %j, i3 %j4" [matrix_mult.cpp:12]   --->   Operation 62 'store' 'store_ln12' <Predicate = true> <Delay = 1.02>
ST_3 : Operation 63 [1/1] (1.02ns)   --->   "%store_ln10 = store i3 %i, i3 %i2" [matrix_mult.cpp:10]   --->   Operation 63 'store' 'store_ln10' <Predicate = true> <Delay = 1.02>

State 4 <SV = 3> <Delay = 3.62>
ST_4 : Operation 64 [1/1] (0.00ns)   --->   "%zext_ln16 = zext i3 %j" [matrix_mult.cpp:16]   --->   Operation 64 'zext' 'zext_ln16' <Predicate = true> <Delay = 0.00>
ST_4 : Operation 65 [1/1] (1.33ns)   --->   "%add_ln16_1 = add i5 %add_ln12_2, i5 %zext_ln16" [matrix_mult.cpp:16]   --->   Operation 65 'add' 'add_ln16_1' <Predicate = true> <Delay = 1.33> <CoreInst = "Adder">   --->   Core 1 'Adder' <Latency = 0> <II = 1> <Delay = 1.33> <FuncUnit> <Opcode : 'add' 'sub'> <InPorts = 2> <OutPorts = 1>
ST_4 : Operation 66 [1/1] (0.00ns)   --->   "%zext_ln16_2 = zext i3 %k_mid2" [matrix_mult.cpp:16]   --->   Operation 66 'zext' 'zext_ln16_2' <Predicate = true> <Delay = 0.00>
ST_4 : Operation 67 [1/1] (0.00ns)   --->   "%zext_ln16_3 = zext i3 %k_mid2" [matrix_mult.cpp:16]   --->   Operation 67 'zext' 'zext_ln16_3' <Predicate = true> <Delay = 0.00>
ST_4 : Operation 68 [1/1] (1.33ns)   --->   "%add_ln16_2 = add i5 %add_ln12_2, i5 %zext_ln16_3" [matrix_mult.cpp:16]   --->   Operation 68 'add' 'add_ln16_2' <Predicate = true> <Delay = 1.33> <CoreInst = "Adder">   --->   Core 1 'Adder' <Latency = 0> <II = 1> <Delay = 1.33> <FuncUnit> <Opcode : 'add' 'sub'> <InPorts = 2> <OutPorts = 1>
ST_4 : Operation 69 [1/1] (0.00ns)   --->   "%zext_ln16_4 = zext i5 %add_ln16_2" [matrix_mult.cpp:16]   --->   Operation 69 'zext' 'zext_ln16_4' <Predicate = true> <Delay = 0.00>
ST_4 : Operation 70 [1/1] (0.00ns)   --->   "%a_addr = getelementptr i8 %a, i64 0, i64 %zext_ln16_4" [matrix_mult.cpp:16]   --->   Operation 70 'getelementptr' 'a_addr' <Predicate = true> <Delay = 0.00>
ST_4 : Operation 71 [1/1] (0.00ns)   --->   "%tmp_1 = bitconcatenate i5 @_ssdm_op_BitConcatenate.i5.i3.i2, i3 %k_mid2, i2 0" [matrix_mult.cpp:16]   --->   Operation 71 'bitconcatenate' 'tmp_1' <Predicate = true> <Delay = 0.00>
ST_4 : Operation 72 [1/1] (0.00ns) (grouped into TernaryAdder)   --->   "%add_ln16_4 = add i5 %tmp_1, i5 %zext_ln16_2" [matrix_mult.cpp:16]   --->   Operation 72 'add' 'add_ln16_4' <Predicate = true> <Delay = 0.00> <CoreInst = "TAddSub">   --->   Core 10 'TAddSub' <Latency = 0> <II = 1> <Delay = 1.10> <IPBlock> <Opcode : '' 'add' 'sub'> <InPorts = 3> <OutPorts = 1> <Sync> <CReg>
ST_4 : Operation 73 [1/1] (2.20ns) (root node of TernaryAdder)   --->   "%add_ln16_3 = add i5 %add_ln16_4, i5 %zext_ln16" [matrix_mult.cpp:16]   --->   Operation 73 'add' 'add_ln16_3' <Predicate = true> <Delay = 2.20> <CoreInst = "TAddSub">   --->   Core 10 'TAddSub' <Latency = 0> <II = 1> <Delay = 1.10> <IPBlock> <Opcode : '' 'add' 'sub'> <InPorts = 3> <OutPorts = 1> <Sync> <CReg>
ST_4 : Operation 74 [1/1] (0.00ns)   --->   "%zext_ln16_5 = zext i5 %add_ln16_3" [matrix_mult.cpp:16]   --->   Operation 74 'zext' 'zext_ln16_5' <Predicate = true> <Delay = 0.00>
ST_4 : Operation 75 [1/1] (0.00ns)   --->   "%b_addr = getelementptr i8 %b, i64 0, i64 %zext_ln16_5" [matrix_mult.cpp:16]   --->   Operation 75 'getelementptr' 'b_addr' <Predicate = true> <Delay = 0.00>
ST_4 : Operation 76 [2/2] (1.42ns)   --->   "%a_load = load i5 %a_addr" [matrix_mult.cpp:16]   --->   Operation 76 'load' 'a_load' <Predicate = true> <Delay = 1.42> <CoreInst = "RAM">   --->   Core 81 'RAM' <Latency = 1> <II = 1> <Delay = 1.42> <Storage> <Opcode : 'load' 'store'> <Ports = 2> <Width = 8> <Depth = 25> <RAM>
ST_4 : Operation 77 [2/2] (1.42ns)   --->   "%b_load = load i5 %b_addr" [matrix_mult.cpp:16]   --->   Operation 77 'load' 'b_load' <Predicate = true> <Delay = 1.42> <CoreInst = "RAM">   --->   Core 81 'RAM' <Latency = 1> <II = 1> <Delay = 1.42> <Storage> <Opcode : 'load' 'store'> <Ports = 2> <Width = 8> <Depth = 25> <RAM>

State 5 <SV = 4> <Delay = 2.51>
ST_5 : Operation 78 [1/2] (1.42ns)   --->   "%a_load = load i5 %a_addr" [matrix_mult.cpp:16]   --->   Operation 78 'load' 'a_load' <Predicate = true> <Delay = 1.42> <CoreInst = "RAM">   --->   Core 81 'RAM' <Latency = 1> <II = 1> <Delay = 1.42> <Storage> <Opcode : 'load' 'store'> <Ports = 2> <Width = 8> <Depth = 25> <RAM>
ST_5 : Operation 79 [1/1] (0.00ns)   --->   "%sext_ln16 = sext i8 %a_load" [matrix_mult.cpp:16]   --->   Operation 79 'sext' 'sext_ln16' <Predicate = true> <Delay = 0.00>
ST_5 : Operation 80 [1/2] (1.42ns)   --->   "%b_load = load i5 %b_addr" [matrix_mult.cpp:16]   --->   Operation 80 'load' 'b_load' <Predicate = true> <Delay = 1.42> <CoreInst = "RAM">   --->   Core 81 'RAM' <Latency = 1> <II = 1> <Delay = 1.42> <Storage> <Opcode : 'load' 'store'> <Ports = 2> <Width = 8> <Depth = 25> <RAM>
ST_5 : Operation 81 [1/1] (0.00ns)   --->   "%sext_ln16_1 = sext i8 %b_load" [matrix_mult.cpp:16]   --->   Operation 81 'sext' 'sext_ln16_1' <Predicate = true> <Delay = 0.00>
ST_5 : Operation 82 [3/3] (1.09ns) (grouped into DSP with root node add_ln16)   --->   "%mul_ln16 = mul i16 %sext_ln16_1, i16 %sext_ln16" [matrix_mult.cpp:16]   --->   Operation 82 'mul' 'mul_ln16' <Predicate = true> <Delay = 1.09> <CoreInst = "DSP48">   --->   Core 116 'DSP48' <Latency = 3> <II = 1> <Delay = 1.82> <IPBlock> <Opcode : '' 'add' 'sub' 'mul' 'select'> <InPorts = 0> <OutPorts = 1> <Sync> <CReg>

State 6 <SV = 5> <Delay = 1.09>
ST_6 : Operation 83 [2/3] (1.09ns) (grouped into DSP with root node add_ln16)   --->   "%mul_ln16 = mul i16 %sext_ln16_1, i16 %sext_ln16" [matrix_mult.cpp:16]   --->   Operation 83 'mul' 'mul_ln16' <Predicate = true> <Delay = 1.09> <CoreInst = "DSP48">   --->   Core 116 'DSP48' <Latency = 3> <II = 1> <Delay = 1.82> <IPBlock> <Opcode : '' 'add' 'sub' 'mul' 'select'> <InPorts = 0> <OutPorts = 1> <Sync> <CReg>

State 7 <SV = 6> <Delay = 2.32>
ST_7 : Operation 84 [1/1] (0.00ns)   --->   "%p_load = load i16 %empty"   --->   Operation 84 'load' 'p_load' <Predicate = (!empty_4)> <Delay = 0.00>
ST_7 : Operation 85 [1/1] (0.54ns)   --->   "%p_mid2 = select i1 %empty_4, i16 0, i16 %p_load" [matrix_mult.cpp:10]   --->   Operation 85 'select' 'p_mid2' <Predicate = true> <Delay = 0.54> <CoreInst = "Sel">   --->   Core 73 'Sel' <Latency = 0> <II = 1> <Delay = 0.54> <FuncUnit> <Opcode : 'select'> <InPorts = 3> <OutPorts = 1>
ST_7 : Operation 86 [1/3] (0.00ns) (grouped into DSP with root node add_ln16)   --->   "%mul_ln16 = mul i16 %sext_ln16_1, i16 %sext_ln16" [matrix_mult.cpp:16]   --->   Operation 86 'mul' 'mul_ln16' <Predicate = true> <Delay = 0.00> <CoreInst = "DSP48">   --->   Core 116 'DSP48' <Latency = 3> <II = 1> <Delay = 1.82> <IPBlock> <Opcode : '' 'add' 'sub' 'mul' 'select'> <InPorts = 0> <OutPorts = 1> <Sync> <CReg>
ST_7 : Operation 87 [2/2] (1.78ns) (root node of the DSP)   --->   "%add_ln16 = add i16 %mul_ln16, i16 %p_mid2" [matrix_mult.cpp:16]   --->   Operation 87 'add' 'add_ln16' <Predicate = true> <Delay = 1.78> <CoreInst = "DSP48">   --->   Core 116 'DSP48' <Latency = 3> <II = 1> <Delay = 1.82> <IPBlock> <Opcode : '' 'add' 'sub' 'mul' 'select'> <InPorts = 0> <OutPorts = 1> <Sync> <CReg>

State 8 <SV = 7> <Delay = 3.20>
ST_8 : Operation 88 [1/1] (0.00ns)   --->   "%specloopname_ln0 = specloopname void @_ssdm_op_SpecLoopName, void @Row_Col_Product_str"   --->   Operation 88 'specloopname' 'specloopname_ln0' <Predicate = true> <Delay = 0.00>
ST_8 : Operation 89 [1/1] (0.00ns)   --->   "%speclooptripcount_ln0 = speclooptripcount void @_ssdm_op_SpecLoopTripCount, i64 125, i64 125, i64 125"   --->   Operation 89 'speclooptripcount' 'speclooptripcount_ln0' <Predicate = true> <Delay = 0.00>
ST_8 : Operation 90 [1/1] (0.00ns)   --->   "%zext_ln16_1 = zext i5 %add_ln16_1" [matrix_mult.cpp:16]   --->   Operation 90 'zext' 'zext_ln16_1' <Predicate = true> <Delay = 0.00>
ST_8 : Operation 91 [1/1] (0.00ns)   --->   "%prod_addr = getelementptr i16 %prod, i64 0, i64 %zext_ln16_1" [matrix_mult.cpp:16]   --->   Operation 91 'getelementptr' 'prod_addr' <Predicate = true> <Delay = 0.00>
ST_8 : Operation 92 [1/1] (0.00ns)   --->   "%specpipeline_ln8 = specpipeline void @_ssdm_op_SpecPipeline, i32 4294967295, i32 0, i32 0, i32 0, void @empty_0" [C:/XinlinxHLS/tutor3/solution2/directives.tcl:8]   --->   Operation 92 'specpipeline' 'specpipeline_ln8' <Predicate = true> <Delay = 0.00>
ST_8 : Operation 93 [1/2] (1.78ns) (root node of the DSP)   --->   "%add_ln16 = add i16 %mul_ln16, i16 %p_mid2" [matrix_mult.cpp:16]   --->   Operation 93 'add' 'add_ln16' <Predicate = true> <Delay = 1.78> <CoreInst = "DSP48">   --->   Core 116 'DSP48' <Latency = 3> <II = 1> <Delay = 1.82> <IPBlock> <Opcode : '' 'add' 'sub' 'mul' 'select'> <InPorts = 0> <OutPorts = 1> <Sync> <CReg>
ST_8 : Operation 94 [1/1] (1.42ns)   --->   "%store_ln16 = store i16 %add_ln16, i5 %prod_addr" [matrix_mult.cpp:16]   --->   Operation 94 'store' 'store_ln16' <Predicate = (icmp_ln15)> <Delay = 1.42> <CoreInst = "RAM">   --->   Core 81 'RAM' <Latency = 1> <II = 1> <Delay = 1.42> <Storage> <Opcode : 'load' 'store'> <Ports = 2> <Width = 16> <Depth = 25> <RAM>
ST_8 : Operation 95 [1/1] (0.00ns)   --->   "%br_ln15 = br void %new.latch.for.inc.split" [matrix_mult.cpp:15]   --->   Operation 95 'br' 'br_ln15' <Predicate = (icmp_ln15)> <Delay = 0.00>
ST_8 : Operation 96 [1/1] (1.02ns)   --->   "%store_ln16 = store i16 %add_ln16, i16 %empty" [matrix_mult.cpp:16]   --->   Operation 96 'store' 'store_ln16' <Predicate = true> <Delay = 1.02>
ST_8 : Operation 97 [1/1] (1.02ns)   --->   "%ret_ln21 = ret" [matrix_mult.cpp:21]   --->   Operation 97 'ret' 'ret_ln21' <Predicate = (icmp_ln10)> <Delay = 1.02>


============================================================
+ Verbose Summary: Timing violations
============================================================
Target clock period: 5.000ns, clock uncertainty: 1.350ns.

 <State 1>: 1.029ns
The critical path consists of the following:
	'store' operation 0 bit ('store_ln0') of constant 0 on local variable 'empty' [17]  (1.029 ns)

 <State 2>: 3.368ns
The critical path consists of the following:
	'load' operation 6 bit ('indvar_flatten3_load', matrix_mult.cpp:12) on local variable 'indvar_flatten3' [29]  (0.000 ns)
	'add' operation 6 bit ('add_ln12_1', matrix_mult.cpp:12) [77]  (1.356 ns)
	'select' operation 6 bit ('select_ln12_1', matrix_mult.cpp:12) [78]  (0.656 ns)
	'icmp' operation 1 bit ('icmp_ln12', matrix_mult.cpp:12) [79]  (1.356 ns)

 <State 3>: 5.240ns
The critical path consists of the following:
	'icmp' operation 1 bit ('icmp_ln15', matrix_mult.cpp:15) [70]  (1.163 ns)
	multiplexor before 'phi' operation 1 bit ('icmp_ln156', matrix_mult.cpp:15) with incoming values : ('icmp_ln15', matrix_mult.cpp:15) [26]  (1.029 ns)
	'phi' operation 1 bit ('icmp_ln156', matrix_mult.cpp:15) with incoming values : ('icmp_ln15', matrix_mult.cpp:15) [26]  (0.000 ns)
	'and' operation 1 bit ('and_ln10', matrix_mult.cpp:10) [38]  (0.616 ns)
	'or' operation 1 bit ('empty_4', matrix_mult.cpp:10) [41]  (0.616 ns)
	'select' operation 3 bit ('k_mid2', matrix_mult.cpp:10) [42]  (0.654 ns)
	'add' operation 3 bit ('k', matrix_mult.cpp:15) [69]  (1.163 ns)

 <State 4>: 3.626ns
The critical path consists of the following:
	'add' operation 5 bit ('add_ln16_3', matrix_mult.cpp:16) [59]  (2.201 ns)
	'getelementptr' operation 5 bit ('b_addr', matrix_mult.cpp:16) [61]  (0.000 ns)
	'load' operation 8 bit ('b_load', matrix_mult.cpp:16) on array 'b' [65]  (1.425 ns)

 <State 5>: 2.515ns
The critical path consists of the following:
	'load' operation 8 bit ('a_load', matrix_mult.cpp:16) on array 'a' [63]  (1.425 ns)
	'mul' operation 16 bit of DSP[68] ('mul_ln16', matrix_mult.cpp:16) [67]  (1.090 ns)

 <State 6>: 1.090ns
The critical path consists of the following:
	'mul' operation 16 bit of DSP[68] ('mul_ln16', matrix_mult.cpp:16) [67]  (1.090 ns)

 <State 7>: 2.329ns
The critical path consists of the following:
	'load' operation 16 bit ('p_load') on local variable 'empty' [32]  (0.000 ns)
	'select' operation 16 bit ('p_mid2', matrix_mult.cpp:10) [43]  (0.549 ns)
	'add' operation 16 bit of DSP[68] ('add_ln16', matrix_mult.cpp:16) [68]  (1.780 ns)

 <State 8>: 3.205ns
The critical path consists of the following:
	'add' operation 16 bit of DSP[68] ('add_ln16', matrix_mult.cpp:16) [68]  (1.780 ns)
	'store' operation 0 bit ('store_ln16', matrix_mult.cpp:16) of variable 'add_ln16', matrix_mult.cpp:16 on array 'prod' [74]  (1.425 ns)


============================================================
+ Verbose Summary: Binding
============================================================
N/A
* FSMD analyzer results:
  - Output states:
 - Input state : 
  - Chain level:
	State 1
	State 2
	State 3
	State 4
	State 5
	State 6
	State 7
	State 8


============================================================
+ Verbose Summary: Datapath Resource usage 
============================================================
N/A
