

================================================================
== Synthesis Summary Report of 'matrix_mult'
================================================================
+ General Information: 
    * Date:           Mon May 25 21:58:30 2026
    * Version:        2024.1 (Build 5069499 on May 21 2024)
    * Project:        tutor3
    * Solution:       solution5 (Vivado IP Flow Target)
    * Product family: kintex7
    * Target device:  xc7k70t-fbv676-1
    

+ Performance & Resource Estimates: 
    
    PS: '+' for module; 'o' for loop; '*' for dataflow
    +---------------+------+------+---------+---------+----------+---------+------+----------+------+----------+-----------+-----------+-----+
    |    Modules    | Issue|      | Latency | Latency | Iteration|         | Trip |          |      |          |           |           |     |
    |    & Loops    | Type | Slack| (cycles)|   (ns)  |  Latency | Interval| Count| Pipelined| BRAM |    DSP   |     FF    |    LUT    | URAM|
    +---------------+------+------+---------+---------+----------+---------+------+----------+------+----------+-----------+-----------+-----+
    |+ matrix_mult  |    II|  0.36|       23|  115.000|         -|       13|     -|       yes|     -|  75 (31%)|  3031 (3%)|  2986 (7%)|    -|
    +---------------+------+------+---------+---------+----------+---------+------+----------+------+----------+-----------+-----------+-----+


================================================================
== HW Interfaces
================================================================
* AP_MEMORY
+---------------+-----------+----------+
| Port          | Direction | Bitwidth |
+---------------+-----------+----------+
| a_address0    | out       | 3        |
| a_address1    | out       | 3        |
| a_q0          | in        | 40       |
| a_q1          | in        | 40       |
| b_address0    | out       | 3        |
| b_address1    | out       | 3        |
| b_q0          | in        | 40       |
| b_q1          | in        | 40       |
| prod_address0 | out       | 5        |
| prod_address1 | out       | 5        |
| prod_d0       | out       | 16       |
| prod_d1       | out       | 16       |
+---------------+-----------+----------+

* TOP LEVEL CONTROL
+-----------+------------+-----------------------------------+
| Interface | Type       | Ports                             |
+-----------+------------+-----------------------------------+
| ap_clk    | clock      | ap_clk                            |
| ap_rst    | reset      | ap_rst                            |
| ap_ctrl   | ap_ctrl_hs | ap_done ap_idle ap_ready ap_start |
+-----------+------------+-----------------------------------+


================================================================
== SW I/O Information
================================================================
* Top Function Arguments
+----------+-----------+----------+
| Argument | Direction | Datatype |
+----------+-----------+----------+
| a        | in        | char*    |
| b        | in        | char*    |
| prod     | out       | short*   |
+----------+-----------+----------+

* SW-to-HW Mapping
+----------+---------------+---------+----------+
| Argument | HW Interface  | HW Type | HW Usage |
+----------+---------------+---------+----------+
| a        | a_address0    | port    | offset   |
| a        | a_ce0         | port    |          |
| a        | a_q0          | port    |          |
| a        | a_address1    | port    | offset   |
| a        | a_ce1         | port    |          |
| a        | a_q1          | port    |          |
| b        | b_address0    | port    | offset   |
| b        | b_ce0         | port    |          |
| b        | b_q0          | port    |          |
| b        | b_address1    | port    | offset   |
| b        | b_ce1         | port    |          |
| b        | b_q1          | port    |          |
| prod     | prod_address0 | port    | offset   |
| prod     | prod_ce0      | port    |          |
| prod     | prod_we0      | port    |          |
| prod     | prod_d0       | port    |          |
| prod     | prod_address1 | port    | offset   |
| prod     | prod_ce1      | port    |          |
| prod     | prod_we1      | port    |          |
| prod     | prod_d1       | port    |          |
+----------+---------------+---------+----------+


================================================================
== Bind Op Report
================================================================
+-------------------------------------+-----+--------+--------------+-----+-----------+---------+
| Name                                | DSP | Pragma | Variable     | Op  | Impl      | Latency |
+-------------------------------------+-----+--------+--------------+-----+-----------+---------+
| + matrix_mult                       | 75  |        |              |     |           |         |
|   mac_muladd_8s_8s_16s_16_4_1_U83   | 1   |        | mul_ln16     | mul | dsp_slice | 3       |
|   mul_8s_8s_16_1_1_U25              |     |        | mul_ln16_1   | mul | auto      | 0       |
|   mac_muladd_8s_8s_16ns_16_4_1_U59  | 1   |        | mul_ln16_2   | mul | dsp_slice | 3       |
|   mul_8s_8s_16_1_1_U1               |     |        | mul_ln16_3   | mul | auto      | 0       |
|   mac_muladd_8s_8s_16s_16_4_1_U51   | 1   |        | mul_ln16_4   | mul | dsp_slice | 3       |
|   mac_muladd_8s_8s_16s_16_4_1_U83   | 1   |        | add_ln16     | add | dsp_slice | 3       |
|   mac_muladd_8s_8s_16s_16_4_1_U51   | 1   |        | add_ln16_1   | add | dsp_slice | 3       |
|   mac_muladd_8s_8s_16ns_16_4_1_U59  | 1   |        | add_ln16_2   | add | dsp_slice | 3       |
|   add_ln16_3_fu_960_p2              |     |        | add_ln16_3   | add | fabric    | 0       |
|   mac_muladd_8s_8s_16s_16_4_1_U84   | 1   |        | mul_ln16_5   | mul | dsp_slice | 3       |
|   mul_8s_8s_16_1_1_U26              |     |        | mul_ln16_6   | mul | auto      | 0       |
|   mac_muladd_8s_8s_16ns_16_4_1_U60  | 1   |        | mul_ln16_7   | mul | dsp_slice | 3       |
|   mul_8s_8s_16_1_1_U2               |     |        | mul_ln16_8   | mul | auto      | 0       |
|   mac_muladd_8s_8s_16s_16_4_1_U52   | 1   |        | mul_ln16_9   | mul | dsp_slice | 3       |
|   mac_muladd_8s_8s_16s_16_4_1_U84   | 1   |        | add_ln16_4   | add | dsp_slice | 3       |
|   mac_muladd_8s_8s_16s_16_4_1_U52   | 1   |        | add_ln16_5   | add | dsp_slice | 3       |
|   mac_muladd_8s_8s_16ns_16_4_1_U60  | 1   |        | add_ln16_6   | add | dsp_slice | 3       |
|   add_ln16_7_fu_964_p2              |     |        | add_ln16_7   | add | fabric    | 0       |
|   mac_muladd_8s_8s_16s_16_4_1_U85   | 1   |        | mul_ln16_10  | mul | dsp_slice | 3       |
|   mul_8s_8s_16_1_1_U27              |     |        | mul_ln16_11  | mul | auto      | 0       |
|   mac_muladd_8s_8s_16ns_16_4_1_U65  | 1   |        | mul_ln16_12  | mul | dsp_slice | 3       |
|   mul_8s_8s_16_1_1_U5               |     |        | mul_ln16_13  | mul | auto      | 0       |
|   mac_muladd_8s_8s_16s_16_4_1_U55   | 1   |        | mul_ln16_14  | mul | dsp_slice | 3       |
|   mac_muladd_8s_8s_16s_16_4_1_U85   | 1   |        | add_ln16_8   | add | dsp_slice | 3       |
|   mac_muladd_8s_8s_16s_16_4_1_U55   | 1   |        | add_ln16_9   | add | dsp_slice | 3       |
|   mac_muladd_8s_8s_16ns_16_4_1_U65  | 1   |        | add_ln16_10  | add | dsp_slice | 3       |
|   add_ln16_11_fu_968_p2             |     |        | add_ln16_11  | add | fabric    | 0       |
|   mac_muladd_8s_8s_16s_16_4_1_U89   | 1   |        | mul_ln16_15  | mul | dsp_slice | 3       |
|   mul_8s_8s_16_1_1_U29              |     |        | mul_ln16_16  | mul | auto      | 0       |
|   mac_muladd_8s_8s_16ns_16_4_1_U66  | 1   |        | mul_ln16_17  | mul | dsp_slice | 3       |
|   mul_8s_8s_16_1_1_U6               |     |        | mul_ln16_18  | mul | auto      | 0       |
|   mac_muladd_8s_8s_16s_16_4_1_U56   | 1   |        | mul_ln16_19  | mul | dsp_slice | 3       |
|   mac_muladd_8s_8s_16s_16_4_1_U89   | 1   |        | add_ln16_12  | add | dsp_slice | 3       |
|   mac_muladd_8s_8s_16s_16_4_1_U56   | 1   |        | add_ln16_13  | add | dsp_slice | 3       |
|   mac_muladd_8s_8s_16ns_16_4_1_U66  | 1   |        | add_ln16_14  | add | dsp_slice | 3       |
|   add_ln16_15_fu_995_p2             |     |        | add_ln16_15  | add | fabric    | 0       |
|   mac_muladd_8s_8s_16s_16_4_1_U90   | 1   |        | mul_ln16_20  | mul | dsp_slice | 3       |
|   mul_8s_8s_16_1_1_U30              |     |        | mul_ln16_21  | mul | auto      | 0       |
|   mac_muladd_8s_8s_16ns_16_4_1_U71  | 1   |        | mul_ln16_22  | mul | dsp_slice | 3       |
|   mul_8s_8s_16_1_1_U9               |     |        | mul_ln16_23  | mul | auto      | 0       |
|   mac_muladd_8s_8s_16s_16_4_1_U61   | 1   |        | mul_ln16_24  | mul | dsp_slice | 3       |
|   mac_muladd_8s_8s_16s_16_4_1_U90   | 1   |        | add_ln16_16  | add | dsp_slice | 3       |
|   mac_muladd_8s_8s_16s_16_4_1_U61   | 1   |        | add_ln16_17  | add | dsp_slice | 3       |
|   mac_muladd_8s_8s_16ns_16_4_1_U71  | 1   |        | add_ln16_18  | add | dsp_slice | 3       |
|   add_ln16_19_fu_999_p2             |     |        | add_ln16_19  | add | fabric    | 0       |
|   mac_muladd_8s_8s_16s_16_4_1_U91   | 1   |        | mul_ln16_25  | mul | dsp_slice | 3       |
|   mul_8s_8s_16_1_1_U31              |     |        | mul_ln16_26  | mul | auto      | 0       |
|   mac_muladd_8s_8s_16ns_16_4_1_U72  | 1   |        | mul_ln16_27  | mul | dsp_slice | 3       |
|   mul_8s_8s_16_1_1_U3               |     |        | mul_ln16_28  | mul | auto      | 0       |
|   mac_muladd_8s_8s_16s_16_4_1_U53   | 1   |        | mul_ln16_29  | mul | dsp_slice | 3       |
|   mac_muladd_8s_8s_16s_16_4_1_U91   | 1   |        | add_ln16_20  | add | dsp_slice | 3       |
|   mac_muladd_8s_8s_16s_16_4_1_U53   | 1   |        | add_ln16_21  | add | dsp_slice | 3       |
|   mac_muladd_8s_8s_16ns_16_4_1_U72  | 1   |        | add_ln16_22  | add | dsp_slice | 3       |
|   add_ln16_23_fu_1003_p2            |     |        | add_ln16_23  | add | fabric    | 0       |
|   mac_muladd_8s_8s_16s_16_4_1_U92   | 1   |        | mul_ln16_30  | mul | dsp_slice | 3       |
|   mul_8s_8s_16_1_1_U32              |     |        | mul_ln16_31  | mul | auto      | 0       |
|   mac_muladd_8s_8s_16ns_16_4_1_U77  | 1   |        | mul_ln16_32  | mul | dsp_slice | 3       |
|   mul_8s_8s_16_1_1_U4               |     |        | mul_ln16_33  | mul | auto      | 0       |
|   mac_muladd_8s_8s_16s_16_4_1_U54   | 1   |        | mul_ln16_34  | mul | dsp_slice | 3       |
|   mac_muladd_8s_8s_16s_16_4_1_U92   | 1   |        | add_ln16_24  | add | dsp_slice | 3       |
|   mac_muladd_8s_8s_16s_16_4_1_U54   | 1   |        | add_ln16_25  | add | dsp_slice | 3       |
|   mac_muladd_8s_8s_16ns_16_4_1_U77  | 1   |        | add_ln16_26  | add | dsp_slice | 3       |
|   add_ln16_27_fu_1007_p2            |     |        | add_ln16_27  | add | fabric    | 0       |
|   mac_muladd_8s_8s_16s_16_4_1_U95   | 1   |        | mul_ln16_35  | mul | dsp_slice | 3       |
|   mul_8s_8s_16_1_1_U33              |     |        | mul_ln16_36  | mul | auto      | 0       |
|   mac_muladd_8s_8s_16ns_16_4_1_U78  | 1   |        | mul_ln16_37  | mul | dsp_slice | 3       |
|   mul_8s_8s_16_1_1_U7               |     |        | mul_ln16_38  | mul | auto      | 0       |
|   mac_muladd_8s_8s_16s_16_4_1_U57   | 1   |        | mul_ln16_39  | mul | dsp_slice | 3       |
|   mac_muladd_8s_8s_16s_16_4_1_U95   | 1   |        | add_ln16_28  | add | dsp_slice | 3       |
|   mac_muladd_8s_8s_16s_16_4_1_U57   | 1   |        | add_ln16_29  | add | dsp_slice | 3       |
|   mac_muladd_8s_8s_16ns_16_4_1_U78  | 1   |        | add_ln16_30  | add | dsp_slice | 3       |
|   add_ln16_31_fu_1030_p2            |     |        | add_ln16_31  | add | fabric    | 0       |
|   mac_muladd_8s_8s_16s_16_4_1_U96   | 1   |        | mul_ln16_40  | mul | dsp_slice | 3       |
|   mul_8s_8s_16_1_1_U34              |     |        | mul_ln16_41  | mul | auto      | 0       |
|   mac_muladd_8s_8s_16ns_16_4_1_U86  | 1   |        | mul_ln16_42  | mul | dsp_slice | 3       |
|   mul_8s_8s_16_1_1_U8               |     |        | mul_ln16_43  | mul | auto      | 0       |
|   mac_muladd_8s_8s_16s_16_4_1_U58   | 1   |        | mul_ln16_44  | mul | dsp_slice | 3       |
|   mac_muladd_8s_8s_16s_16_4_1_U96   | 1   |        | add_ln16_32  | add | dsp_slice | 3       |
|   mac_muladd_8s_8s_16s_16_4_1_U58   | 1   |        | add_ln16_33  | add | dsp_slice | 3       |
|   mac_muladd_8s_8s_16ns_16_4_1_U86  | 1   |        | add_ln16_34  | add | dsp_slice | 3       |
|   add_ln16_35_fu_1034_p2            |     |        | add_ln16_35  | add | fabric    | 0       |
|   mac_muladd_8s_8s_16s_16_4_1_U97   | 1   |        | mul_ln16_45  | mul | dsp_slice | 3       |
|   mul_8s_8s_16_1_1_U35              |     |        | mul_ln16_46  | mul | auto      | 0       |
|   mac_muladd_8s_8s_16ns_16_4_1_U87  | 1   |        | mul_ln16_47  | mul | dsp_slice | 3       |
|   mul_8s_8s_16_1_1_U10              |     |        | mul_ln16_48  | mul | auto      | 0       |
|   mac_muladd_8s_8s_16s_16_4_1_U62   | 1   |        | mul_ln16_49  | mul | dsp_slice | 3       |
|   mac_muladd_8s_8s_16s_16_4_1_U97   | 1   |        | add_ln16_36  | add | dsp_slice | 3       |
|   mac_muladd_8s_8s_16s_16_4_1_U62   | 1   |        | add_ln16_37  | add | dsp_slice | 3       |
|   mac_muladd_8s_8s_16ns_16_4_1_U87  | 1   |        | add_ln16_38  | add | dsp_slice | 3       |
|   add_ln16_39_fu_1038_p2            |     |        | add_ln16_39  | add | fabric    | 0       |
|   mac_muladd_8s_8s_16s_16_4_1_U98   | 1   |        | mul_ln16_50  | mul | dsp_slice | 3       |
|   mul_8s_8s_16_1_1_U36              |     |        | mul_ln16_51  | mul | auto      | 0       |
|   mac_muladd_8s_8s_16ns_16_4_1_U93  | 1   |        | mul_ln16_52  | mul | dsp_slice | 3       |
|   mul_8s_8s_16_1_1_U11              |     |        | mul_ln16_53  | mul | auto      | 0       |
|   mac_muladd_8s_8s_16s_16_4_1_U63   | 1   |        | mul_ln16_54  | mul | dsp_slice | 3       |
|   mac_muladd_8s_8s_16s_16_4_1_U98   | 1   |        | add_ln16_40  | add | dsp_slice | 3       |
|   mac_muladd_8s_8s_16s_16_4_1_U63   | 1   |        | add_ln16_41  | add | dsp_slice | 3       |
|   mac_muladd_8s_8s_16ns_16_4_1_U93  | 1   |        | add_ln16_42  | add | dsp_slice | 3       |
|   add_ln16_43_fu_1042_p2            |     |        | add_ln16_43  | add | fabric    | 0       |
|   mac_muladd_8s_8s_16s_16_4_1_U101  | 1   |        | mul_ln16_55  | mul | dsp_slice | 3       |
|   mul_8s_8s_16_1_1_U37              |     |        | mul_ln16_56  | mul | auto      | 0       |
|   mac_muladd_8s_8s_16ns_16_4_1_U94  | 1   |        | mul_ln16_57  | mul | dsp_slice | 3       |
|   mul_8s_8s_16_1_1_U12              |     |        | mul_ln16_58  | mul | auto      | 0       |
|   mac_muladd_8s_8s_16s_16_4_1_U64   | 1   |        | mul_ln16_59  | mul | dsp_slice | 3       |
|   mac_muladd_8s_8s_16s_16_4_1_U101  | 1   |        | add_ln16_44  | add | dsp_slice | 3       |
|   mac_muladd_8s_8s_16s_16_4_1_U64   | 1   |        | add_ln16_45  | add | dsp_slice | 3       |
|   mac_muladd_8s_8s_16ns_16_4_1_U94  | 1   |        | add_ln16_46  | add | dsp_slice | 3       |
|   add_ln16_47_fu_1072_p2            |     |        | add_ln16_47  | add | fabric    | 0       |
|   mac_muladd_8s_8s_16s_16_4_1_U102  | 1   |        | mul_ln16_60  | mul | dsp_slice | 3       |
|   mul_8s_8s_16_1_1_U38              |     |        | mul_ln16_61  | mul | auto      | 0       |
|   mac_muladd_8s_8s_16ns_16_4_1_U99  | 1   |        | mul_ln16_62  | mul | dsp_slice | 3       |
|   mul_8s_8s_16_1_1_U13              |     |        | mul_ln16_63  | mul | auto      | 0       |
|   mac_muladd_8s_8s_16s_16_4_1_U67   | 1   |        | mul_ln16_64  | mul | dsp_slice | 3       |
|   mac_muladd_8s_8s_16s_16_4_1_U102  | 1   |        | add_ln16_48  | add | dsp_slice | 3       |
|   mac_muladd_8s_8s_16s_16_4_1_U67   | 1   |        | add_ln16_49  | add | dsp_slice | 3       |
|   mac_muladd_8s_8s_16ns_16_4_1_U99  | 1   |        | add_ln16_50  | add | dsp_slice | 3       |
|   add_ln16_51_fu_1076_p2            |     |        | add_ln16_51  | add | fabric    | 0       |
|   mac_muladd_8s_8s_16s_16_4_1_U103  | 1   |        | mul_ln16_65  | mul | dsp_slice | 3       |
|   mul_8s_8s_16_1_1_U39              |     |        | mul_ln16_66  | mul | auto      | 0       |
|   mac_muladd_8s_8s_16ns_16_4_1_U100 | 1   |        | mul_ln16_67  | mul | dsp_slice | 3       |
|   mul_8s_8s_16_1_1_U14              |     |        | mul_ln16_68  | mul | auto      | 0       |
|   mac_muladd_8s_8s_16s_16_4_1_U68   | 1   |        | mul_ln16_69  | mul | dsp_slice | 3       |
|   mac_muladd_8s_8s_16s_16_4_1_U103  | 1   |        | add_ln16_52  | add | dsp_slice | 3       |
|   mac_muladd_8s_8s_16s_16_4_1_U68   | 1   |        | add_ln16_53  | add | dsp_slice | 3       |
|   mac_muladd_8s_8s_16ns_16_4_1_U100 | 1   |        | add_ln16_54  | add | dsp_slice | 3       |
|   add_ln16_55_fu_1080_p2            |     |        | add_ln16_55  | add | fabric    | 0       |
|   mac_muladd_8s_8s_16s_16_4_1_U104  | 1   |        | mul_ln16_70  | mul | dsp_slice | 3       |
|   mul_8s_8s_16_1_1_U40              |     |        | mul_ln16_71  | mul | auto      | 0       |
|   mac_muladd_8s_8s_16ns_16_4_1_U105 | 1   |        | mul_ln16_72  | mul | dsp_slice | 3       |
|   mul_8s_8s_16_1_1_U15              |     |        | mul_ln16_73  | mul | auto      | 0       |
|   mac_muladd_8s_8s_16s_16_4_1_U69   | 1   |        | mul_ln16_74  | mul | dsp_slice | 3       |
|   mac_muladd_8s_8s_16s_16_4_1_U104  | 1   |        | add_ln16_56  | add | dsp_slice | 3       |
|   mac_muladd_8s_8s_16s_16_4_1_U69   | 1   |        | add_ln16_57  | add | dsp_slice | 3       |
|   mac_muladd_8s_8s_16ns_16_4_1_U105 | 1   |        | add_ln16_58  | add | dsp_slice | 3       |
|   add_ln16_59_fu_1084_p2            |     |        | add_ln16_59  | add | fabric    | 0       |
|   mac_muladd_8s_8s_16s_16_4_1_U107  | 1   |        | mul_ln16_75  | mul | dsp_slice | 3       |
|   mul_8s_8s_16_1_1_U41              |     |        | mul_ln16_76  | mul | auto      | 0       |
|   mac_muladd_8s_8s_16ns_16_4_1_U106 | 1   |        | mul_ln16_77  | mul | dsp_slice | 3       |
|   mul_8s_8s_16_1_1_U16              |     |        | mul_ln16_78  | mul | auto      | 0       |
|   mac_muladd_8s_8s_16s_16_4_1_U70   | 1   |        | mul_ln16_79  | mul | dsp_slice | 3       |
|   mac_muladd_8s_8s_16s_16_4_1_U107  | 1   |        | add_ln16_60  | add | dsp_slice | 3       |
|   mac_muladd_8s_8s_16s_16_4_1_U70   | 1   |        | add_ln16_61  | add | dsp_slice | 3       |
|   mac_muladd_8s_8s_16ns_16_4_1_U106 | 1   |        | add_ln16_62  | add | dsp_slice | 3       |
|   add_ln16_63_fu_1113_p2            |     |        | add_ln16_63  | add | fabric    | 0       |
|   mac_muladd_8s_8s_16s_16_4_1_U108  | 1   |        | mul_ln16_80  | mul | dsp_slice | 3       |
|   mul_8s_8s_16_1_1_U42              |     |        | mul_ln16_81  | mul | auto      | 0       |
|   mac_muladd_8s_8s_16ns_16_4_1_U109 | 1   |        | mul_ln16_82  | mul | dsp_slice | 3       |
|   mul_8s_8s_16_1_1_U17              |     |        | mul_ln16_83  | mul | auto      | 0       |
|   mac_muladd_8s_8s_16s_16_4_1_U73   | 1   |        | mul_ln16_84  | mul | dsp_slice | 3       |
|   mac_muladd_8s_8s_16s_16_4_1_U108  | 1   |        | add_ln16_64  | add | dsp_slice | 3       |
|   mac_muladd_8s_8s_16s_16_4_1_U73   | 1   |        | add_ln16_65  | add | dsp_slice | 3       |
|   mac_muladd_8s_8s_16ns_16_4_1_U109 | 1   |        | add_ln16_66  | add | dsp_slice | 3       |
|   add_ln16_67_fu_1117_p2            |     |        | add_ln16_67  | add | fabric    | 0       |
|   mac_muladd_8s_8s_16s_16_4_1_U110  | 1   |        | mul_ln16_85  | mul | dsp_slice | 3       |
|   mul_8s_8s_16_1_1_U43              |     |        | mul_ln16_86  | mul | auto      | 0       |
|   mac_muladd_8s_8s_16ns_16_4_1_U111 | 1   |        | mul_ln16_87  | mul | dsp_slice | 3       |
|   mul_8s_8s_16_1_1_U18              |     |        | mul_ln16_88  | mul | auto      | 0       |
|   mac_muladd_8s_8s_16s_16_4_1_U74   | 1   |        | mul_ln16_89  | mul | dsp_slice | 3       |
|   mac_muladd_8s_8s_16s_16_4_1_U110  | 1   |        | add_ln16_68  | add | dsp_slice | 3       |
|   mac_muladd_8s_8s_16s_16_4_1_U74   | 1   |        | add_ln16_69  | add | dsp_slice | 3       |
|   mac_muladd_8s_8s_16ns_16_4_1_U111 | 1   |        | add_ln16_70  | add | dsp_slice | 3       |
|   add_ln16_71_fu_1121_p2            |     |        | add_ln16_71  | add | fabric    | 0       |
|   mac_muladd_8s_8s_16s_16_4_1_U112  | 1   |        | mul_ln16_90  | mul | dsp_slice | 3       |
|   mul_8s_8s_16_1_1_U44              |     |        | mul_ln16_91  | mul | auto      | 0       |
|   mac_muladd_8s_8s_16ns_16_4_1_U113 | 1   |        | mul_ln16_92  | mul | dsp_slice | 3       |
|   mul_8s_8s_16_1_1_U19              |     |        | mul_ln16_93  | mul | auto      | 0       |
|   mac_muladd_8s_8s_16s_16_4_1_U75   | 1   |        | mul_ln16_94  | mul | dsp_slice | 3       |
|   mac_muladd_8s_8s_16s_16_4_1_U112  | 1   |        | add_ln16_72  | add | dsp_slice | 3       |
|   mac_muladd_8s_8s_16s_16_4_1_U75   | 1   |        | add_ln16_73  | add | dsp_slice | 3       |
|   mac_muladd_8s_8s_16ns_16_4_1_U113 | 1   |        | add_ln16_74  | add | dsp_slice | 3       |
|   add_ln16_75_fu_1133_p2            |     |        | add_ln16_75  | add | fabric    | 0       |
|   mac_muladd_8s_8s_16s_16_4_1_U114  | 1   |        | mul_ln16_95  | mul | dsp_slice | 3       |
|   mul_8s_8s_16_1_1_U45              |     |        | mul_ln16_96  | mul | auto      | 0       |
|   mac_muladd_8s_8s_16ns_16_4_1_U115 | 1   |        | mul_ln16_97  | mul | dsp_slice | 3       |
|   mul_8s_8s_16_1_1_U20              |     |        | mul_ln16_98  | mul | auto      | 0       |
|   mac_muladd_8s_8s_16s_16_4_1_U76   | 1   |        | mul_ln16_99  | mul | dsp_slice | 3       |
|   mac_muladd_8s_8s_16s_16_4_1_U114  | 1   |        | add_ln16_76  | add | dsp_slice | 3       |
|   mac_muladd_8s_8s_16s_16_4_1_U76   | 1   |        | add_ln16_77  | add | dsp_slice | 3       |
|   mac_muladd_8s_8s_16ns_16_4_1_U115 | 1   |        | add_ln16_78  | add | dsp_slice | 3       |
|   add_ln16_79_fu_1137_p2            |     |        | add_ln16_79  | add | fabric    | 0       |
|   mac_muladd_8s_8s_16s_16_4_1_U116  | 1   |        | mul_ln16_100 | mul | dsp_slice | 3       |
|   mul_8s_8s_16_1_1_U46              |     |        | mul_ln16_101 | mul | auto      | 0       |
|   mac_muladd_8s_8s_16ns_16_4_1_U119 | 1   |        | mul_ln16_102 | mul | dsp_slice | 3       |
|   mul_8s_8s_16_1_1_U21              |     |        | mul_ln16_103 | mul | auto      | 0       |
|   mac_muladd_8s_8s_16s_16_4_1_U79   | 1   |        | mul_ln16_104 | mul | dsp_slice | 3       |
|   mac_muladd_8s_8s_16s_16_4_1_U116  | 1   |        | add_ln16_80  | add | dsp_slice | 3       |
|   mac_muladd_8s_8s_16s_16_4_1_U79   | 1   |        | add_ln16_81  | add | dsp_slice | 3       |
|   mac_muladd_8s_8s_16ns_16_4_1_U119 | 1   |        | add_ln16_82  | add | dsp_slice | 3       |
|   add_ln16_83_fu_1141_p2            |     |        | add_ln16_83  | add | fabric    | 0       |
|   mac_muladd_8s_8s_16s_16_4_1_U117  | 1   |        | mul_ln16_105 | mul | dsp_slice | 3       |
|   mul_8s_8s_16_1_1_U47              |     |        | mul_ln16_106 | mul | auto      | 0       |
|   mac_muladd_8s_8s_16ns_16_4_1_U120 | 1   |        | mul_ln16_107 | mul | dsp_slice | 3       |
|   mul_8s_8s_16_1_1_U22              |     |        | mul_ln16_108 | mul | auto      | 0       |
|   mac_muladd_8s_8s_16s_16_4_1_U80   | 1   |        | mul_ln16_109 | mul | dsp_slice | 3       |
|   mac_muladd_8s_8s_16s_16_4_1_U117  | 1   |        | add_ln16_84  | add | dsp_slice | 3       |
|   mac_muladd_8s_8s_16s_16_4_1_U80   | 1   |        | add_ln16_85  | add | dsp_slice | 3       |
|   mac_muladd_8s_8s_16ns_16_4_1_U120 | 1   |        | add_ln16_86  | add | dsp_slice | 3       |
|   add_ln16_87_fu_1145_p2            |     |        | add_ln16_87  | add | fabric    | 0       |
|   mac_muladd_8s_8s_16s_16_4_1_U118  | 1   |        | mul_ln16_110 | mul | dsp_slice | 3       |
|   mul_8s_8s_16_1_1_U48              |     |        | mul_ln16_111 | mul | auto      | 0       |
|   mac_muladd_8s_8s_16ns_16_4_1_U121 | 1   |        | mul_ln16_112 | mul | dsp_slice | 3       |
|   mul_8s_8s_16_1_1_U23              |     |        | mul_ln16_113 | mul | auto      | 0       |
|   mac_muladd_8s_8s_16s_16_4_1_U81   | 1   |        | mul_ln16_114 | mul | dsp_slice | 3       |
|   mac_muladd_8s_8s_16s_16_4_1_U118  | 1   |        | add_ln16_88  | add | dsp_slice | 3       |
|   mac_muladd_8s_8s_16s_16_4_1_U81   | 1   |        | add_ln16_89  | add | dsp_slice | 3       |
|   mac_muladd_8s_8s_16ns_16_4_1_U121 | 1   |        | add_ln16_90  | add | dsp_slice | 3       |
|   add_ln16_91_fu_1149_p2            |     |        | add_ln16_91  | add | fabric    | 0       |
|   mac_muladd_8s_8s_16s_16_4_1_U122  | 1   |        | mul_ln16_115 | mul | dsp_slice | 3       |
|   mul_8s_8s_16_1_1_U49              |     |        | mul_ln16_116 | mul | auto      | 0       |
|   mac_muladd_8s_8s_16ns_16_4_1_U123 | 1   |        | mul_ln16_117 | mul | dsp_slice | 3       |
|   mul_8s_8s_16_1_1_U24              |     |        | mul_ln16_118 | mul | auto      | 0       |
|   mac_muladd_8s_8s_16s_16_4_1_U82   | 1   |        | mul_ln16_119 | mul | dsp_slice | 3       |
|   mac_muladd_8s_8s_16s_16_4_1_U122  | 1   |        | add_ln16_92  | add | dsp_slice | 3       |
|   mac_muladd_8s_8s_16s_16_4_1_U82   | 1   |        | add_ln16_93  | add | dsp_slice | 3       |
|   mac_muladd_8s_8s_16ns_16_4_1_U123 | 1   |        | add_ln16_94  | add | dsp_slice | 3       |
|   add_ln16_95_fu_1153_p2            |     |        | add_ln16_95  | add | fabric    | 0       |
|   mac_muladd_8s_8s_16s_16_4_1_U124  | 1   |        | mul_ln16_120 | mul | dsp_slice | 3       |
|   mul_8s_8s_16_1_1_U50              |     |        | mul_ln16_121 | mul | auto      | 0       |
|   mac_muladd_8s_8s_16ns_16_4_1_U125 | 1   |        | mul_ln16_122 | mul | dsp_slice | 3       |
|   mul_8s_8s_16_1_1_U28              |     |        | mul_ln16_123 | mul | auto      | 0       |
|   mac_muladd_8s_8s_16s_16_4_1_U88   | 1   |        | mul_ln16_124 | mul | dsp_slice | 3       |
|   mac_muladd_8s_8s_16s_16_4_1_U124  | 1   |        | add_ln16_96  | add | dsp_slice | 3       |
|   mac_muladd_8s_8s_16s_16_4_1_U88   | 1   |        | add_ln16_97  | add | dsp_slice | 3       |
|   mac_muladd_8s_8s_16ns_16_4_1_U125 | 1   |        | add_ln16_98  | add | dsp_slice | 3       |
|   add_ln16_99_fu_1157_p2            |     |        | add_ln16_99  | add | fabric    | 0       |
+-------------------------------------+-----+--------+--------------+-----+-----------+---------+


================================================================
== Storage Report
================================================================
  No bind storage info in design

================================================================
== Pragma Report
================================================================
* Valid Pragma Syntax
+---------------+---------------------------+-----------------------------------------------------+
| Type          | Options                   | Location                                            |
+---------------+---------------------------+-----------------------------------------------------+
| array_reshape | complete dim=2 variable=a | tutor3/solution5/directives.tcl:8 in matrix_mult, a |
| array_reshape | complete dim=1 variable=b | tutor3/solution5/directives.tcl:9 in matrix_mult, b |
| pipeline      |                           | tutor3/solution5/directives.tcl:10 in matrix_mult   |
+---------------+---------------------------+-----------------------------------------------------+


