

================================================================
== Vitis HLS Report for 'matrix_mult'
================================================================
* Date:           Mon May 25 21:58:30 2026

* Version:        2024.1 (Build 5069499 on May 21 2024)
* Project:        tutor3
* Solution:       solution5 (Vivado IP Flow Target)
* Product family: kintex7
* Target device:  xc7k70t-fbv676-1


================================================================
== Performance Estimates
================================================================
+ Timing: 
    * Summary: 
    +--------+---------+----------+------------+
    |  Clock |  Target | Estimated| Uncertainty|
    +--------+---------+----------+------------+
    |ap_clk  |  5.00 ns|  3.290 ns|     1.35 ns|
    +--------+---------+----------+------------+

+ Latency: 
    * Summary: 
    +---------+---------+----------+----------+-----+-----+---------+
    |  Latency (cycles) |  Latency (absolute) |  Interval | Pipeline|
    |   min   |   max   |    min   |    max   | min | max |   Type  |
    +---------+---------+----------+----------+-----+-----+---------+
    |       23|       23|  0.115 us|  0.115 us|   13|   13|      yes|
    +---------+---------+----------+----------+-----+-----+---------+

    + Detail: 
        * Instance: 
        N/A

        * Loop: 
        N/A



================================================================
== Utilization Estimates
================================================================
* Summary: 
+-----------------+---------+-----+-------+-------+-----+
|       Name      | BRAM_18K| DSP |   FF  |  LUT  | URAM|
+-----------------+---------+-----+-------+-------+-----+
|DSP              |        -|   75|      -|      -|    -|
|Expression       |        -|    -|      0|    581|    -|
|FIFO             |        -|    -|      -|      -|    -|
|Instance         |        -|    0|      0|   2050|    -|
|Memory           |        -|    -|      -|      -|    -|
|Multiplexer      |        -|    -|      0|    355|    -|
|Register         |        -|    -|   3031|      -|    -|
+-----------------+---------+-----+-------+-------+-----+
|Total            |        0|   75|   3031|   2986|    0|
+-----------------+---------+-----+-------+-------+-----+
|Available        |      270|  240|  82000|  41000|    0|
+-----------------+---------+-----+-------+-------+-----+
|Utilization (%)  |        0|   31|      3|      7|    0|
+-----------------+---------+-----+-------+-------+-----+

+ Detail: 
    * Instance: 
    +----------------------+------------------+---------+----+---+----+-----+
    |       Instance       |      Module      | BRAM_18K| DSP| FF| LUT| URAM|
    +----------------------+------------------+---------+----+---+----+-----+
    |mul_8s_8s_16_1_1_U1   |mul_8s_8s_16_1_1  |        0|   0|  0|  41|    0|
    |mul_8s_8s_16_1_1_U2   |mul_8s_8s_16_1_1  |        0|   0|  0|  41|    0|
    |mul_8s_8s_16_1_1_U3   |mul_8s_8s_16_1_1  |        0|   0|  0|  41|    0|
    |mul_8s_8s_16_1_1_U4   |mul_8s_8s_16_1_1  |        0|   0|  0|  41|    0|
    |mul_8s_8s_16_1_1_U5   |mul_8s_8s_16_1_1  |        0|   0|  0|  41|    0|
    |mul_8s_8s_16_1_1_U6   |mul_8s_8s_16_1_1  |        0|   0|  0|  41|    0|
    |mul_8s_8s_16_1_1_U7   |mul_8s_8s_16_1_1  |        0|   0|  0|  41|    0|
    |mul_8s_8s_16_1_1_U8   |mul_8s_8s_16_1_1  |        0|   0|  0|  41|    0|
    |mul_8s_8s_16_1_1_U9   |mul_8s_8s_16_1_1  |        0|   0|  0|  41|    0|
    |mul_8s_8s_16_1_1_U10  |mul_8s_8s_16_1_1  |        0|   0|  0|  41|    0|
    |mul_8s_8s_16_1_1_U11  |mul_8s_8s_16_1_1  |        0|   0|  0|  41|    0|
    |mul_8s_8s_16_1_1_U12  |mul_8s_8s_16_1_1  |        0|   0|  0|  41|    0|
    |mul_8s_8s_16_1_1_U13  |mul_8s_8s_16_1_1  |        0|   0|  0|  41|    0|
    |mul_8s_8s_16_1_1_U14  |mul_8s_8s_16_1_1  |        0|   0|  0|  41|    0|
    |mul_8s_8s_16_1_1_U15  |mul_8s_8s_16_1_1  |        0|   0|  0|  41|    0|
    |mul_8s_8s_16_1_1_U16  |mul_8s_8s_16_1_1  |        0|   0|  0|  41|    0|
    |mul_8s_8s_16_1_1_U17  |mul_8s_8s_16_1_1  |        0|   0|  0|  41|    0|
    |mul_8s_8s_16_1_1_U18  |mul_8s_8s_16_1_1  |        0|   0|  0|  41|    0|
    |mul_8s_8s_16_1_1_U19  |mul_8s_8s_16_1_1  |        0|   0|  0|  41|    0|
    |mul_8s_8s_16_1_1_U20  |mul_8s_8s_16_1_1  |        0|   0|  0|  41|    0|
    |mul_8s_8s_16_1_1_U21  |mul_8s_8s_16_1_1  |        0|   0|  0|  41|    0|
    |mul_8s_8s_16_1_1_U22  |mul_8s_8s_16_1_1  |        0|   0|  0|  41|    0|
    |mul_8s_8s_16_1_1_U23  |mul_8s_8s_16_1_1  |        0|   0|  0|  41|    0|
    |mul_8s_8s_16_1_1_U24  |mul_8s_8s_16_1_1  |        0|   0|  0|  41|    0|
    |mul_8s_8s_16_1_1_U25  |mul_8s_8s_16_1_1  |        0|   0|  0|  41|    0|
    |mul_8s_8s_16_1_1_U26  |mul_8s_8s_16_1_1  |        0|   0|  0|  41|    0|
    |mul_8s_8s_16_1_1_U27  |mul_8s_8s_16_1_1  |        0|   0|  0|  41|    0|
    |mul_8s_8s_16_1_1_U28  |mul_8s_8s_16_1_1  |        0|   0|  0|  41|    0|
    |mul_8s_8s_16_1_1_U29  |mul_8s_8s_16_1_1  |        0|   0|  0|  41|    0|
    |mul_8s_8s_16_1_1_U30  |mul_8s_8s_16_1_1  |        0|   0|  0|  41|    0|
    |mul_8s_8s_16_1_1_U31  |mul_8s_8s_16_1_1  |        0|   0|  0|  41|    0|
    |mul_8s_8s_16_1_1_U32  |mul_8s_8s_16_1_1  |        0|   0|  0|  41|    0|
    |mul_8s_8s_16_1_1_U33  |mul_8s_8s_16_1_1  |        0|   0|  0|  41|    0|
    |mul_8s_8s_16_1_1_U34  |mul_8s_8s_16_1_1  |        0|   0|  0|  41|    0|
    |mul_8s_8s_16_1_1_U35  |mul_8s_8s_16_1_1  |        0|   0|  0|  41|    0|
    |mul_8s_8s_16_1_1_U36  |mul_8s_8s_16_1_1  |        0|   0|  0|  41|    0|
    |mul_8s_8s_16_1_1_U37  |mul_8s_8s_16_1_1  |        0|   0|  0|  41|    0|
    |mul_8s_8s_16_1_1_U38  |mul_8s_8s_16_1_1  |        0|   0|  0|  41|    0|
    |mul_8s_8s_16_1_1_U39  |mul_8s_8s_16_1_1  |        0|   0|  0|  41|    0|
    |mul_8s_8s_16_1_1_U40  |mul_8s_8s_16_1_1  |        0|   0|  0|  41|    0|
    |mul_8s_8s_16_1_1_U41  |mul_8s_8s_16_1_1  |        0|   0|  0|  41|    0|
    |mul_8s_8s_16_1_1_U42  |mul_8s_8s_16_1_1  |        0|   0|  0|  41|    0|
    |mul_8s_8s_16_1_1_U43  |mul_8s_8s_16_1_1  |        0|   0|  0|  41|    0|
    |mul_8s_8s_16_1_1_U44  |mul_8s_8s_16_1_1  |        0|   0|  0|  41|    0|
    |mul_8s_8s_16_1_1_U45  |mul_8s_8s_16_1_1  |        0|   0|  0|  41|    0|
    |mul_8s_8s_16_1_1_U46  |mul_8s_8s_16_1_1  |        0|   0|  0|  41|    0|
    |mul_8s_8s_16_1_1_U47  |mul_8s_8s_16_1_1  |        0|   0|  0|  41|    0|
    |mul_8s_8s_16_1_1_U48  |mul_8s_8s_16_1_1  |        0|   0|  0|  41|    0|
    |mul_8s_8s_16_1_1_U49  |mul_8s_8s_16_1_1  |        0|   0|  0|  41|    0|
    |mul_8s_8s_16_1_1_U50  |mul_8s_8s_16_1_1  |        0|   0|  0|  41|    0|
    +----------------------+------------------+---------+----+---+----+-----+
    |Total                 |                  |        0|   0|  0|2050|    0|
    +----------------------+------------------+---------+----+---+----+-----+

    * DSP: 
    +-----------------------------------+------------------------------+--------------+
    |              Instance             |            Module            |  Expression  |
    +-----------------------------------+------------------------------+--------------+
    |mac_muladd_8s_8s_16ns_16_4_1_U59   |mac_muladd_8s_8s_16ns_16_4_1  |  i0 + i1 * i2|
    |mac_muladd_8s_8s_16ns_16_4_1_U60   |mac_muladd_8s_8s_16ns_16_4_1  |  i0 + i1 * i2|
    |mac_muladd_8s_8s_16ns_16_4_1_U65   |mac_muladd_8s_8s_16ns_16_4_1  |  i0 + i1 * i2|
    |mac_muladd_8s_8s_16ns_16_4_1_U66   |mac_muladd_8s_8s_16ns_16_4_1  |  i0 + i1 * i2|
    |mac_muladd_8s_8s_16ns_16_4_1_U71   |mac_muladd_8s_8s_16ns_16_4_1  |  i0 + i1 * i2|
    |mac_muladd_8s_8s_16ns_16_4_1_U72   |mac_muladd_8s_8s_16ns_16_4_1  |  i0 + i1 * i2|
    |mac_muladd_8s_8s_16ns_16_4_1_U77   |mac_muladd_8s_8s_16ns_16_4_1  |  i0 + i1 * i2|
    |mac_muladd_8s_8s_16ns_16_4_1_U78   |mac_muladd_8s_8s_16ns_16_4_1  |  i0 + i1 * i2|
    |mac_muladd_8s_8s_16ns_16_4_1_U86   |mac_muladd_8s_8s_16ns_16_4_1  |  i0 + i1 * i2|
    |mac_muladd_8s_8s_16ns_16_4_1_U87   |mac_muladd_8s_8s_16ns_16_4_1  |  i0 + i1 * i2|
    |mac_muladd_8s_8s_16ns_16_4_1_U93   |mac_muladd_8s_8s_16ns_16_4_1  |  i0 + i1 * i2|
    |mac_muladd_8s_8s_16ns_16_4_1_U94   |mac_muladd_8s_8s_16ns_16_4_1  |  i0 + i1 * i2|
    |mac_muladd_8s_8s_16ns_16_4_1_U99   |mac_muladd_8s_8s_16ns_16_4_1  |  i0 + i1 * i2|
    |mac_muladd_8s_8s_16ns_16_4_1_U100  |mac_muladd_8s_8s_16ns_16_4_1  |  i0 + i1 * i2|
    |mac_muladd_8s_8s_16ns_16_4_1_U105  |mac_muladd_8s_8s_16ns_16_4_1  |  i0 + i1 * i2|
    |mac_muladd_8s_8s_16ns_16_4_1_U106  |mac_muladd_8s_8s_16ns_16_4_1  |  i0 + i1 * i2|
    |mac_muladd_8s_8s_16ns_16_4_1_U109  |mac_muladd_8s_8s_16ns_16_4_1  |  i0 + i1 * i2|
    |mac_muladd_8s_8s_16ns_16_4_1_U111  |mac_muladd_8s_8s_16ns_16_4_1  |  i0 + i1 * i2|
    |mac_muladd_8s_8s_16ns_16_4_1_U113  |mac_muladd_8s_8s_16ns_16_4_1  |  i0 + i1 * i2|
    |mac_muladd_8s_8s_16ns_16_4_1_U115  |mac_muladd_8s_8s_16ns_16_4_1  |  i0 + i1 * i2|
    |mac_muladd_8s_8s_16ns_16_4_1_U119  |mac_muladd_8s_8s_16ns_16_4_1  |  i0 + i1 * i2|
    |mac_muladd_8s_8s_16ns_16_4_1_U120  |mac_muladd_8s_8s_16ns_16_4_1  |  i0 + i1 * i2|
    |mac_muladd_8s_8s_16ns_16_4_1_U121  |mac_muladd_8s_8s_16ns_16_4_1  |  i0 + i1 * i2|
    |mac_muladd_8s_8s_16ns_16_4_1_U123  |mac_muladd_8s_8s_16ns_16_4_1  |  i0 + i1 * i2|
    |mac_muladd_8s_8s_16ns_16_4_1_U125  |mac_muladd_8s_8s_16ns_16_4_1  |  i0 + i1 * i2|
    |mac_muladd_8s_8s_16s_16_4_1_U51    |mac_muladd_8s_8s_16s_16_4_1   |  i0 + i1 * i2|
    |mac_muladd_8s_8s_16s_16_4_1_U52    |mac_muladd_8s_8s_16s_16_4_1   |  i0 + i1 * i2|
    |mac_muladd_8s_8s_16s_16_4_1_U53    |mac_muladd_8s_8s_16s_16_4_1   |  i0 + i1 * i2|
    |mac_muladd_8s_8s_16s_16_4_1_U54    |mac_muladd_8s_8s_16s_16_4_1   |  i0 + i1 * i2|
    |mac_muladd_8s_8s_16s_16_4_1_U55    |mac_muladd_8s_8s_16s_16_4_1   |  i0 + i1 * i2|
    |mac_muladd_8s_8s_16s_16_4_1_U56    |mac_muladd_8s_8s_16s_16_4_1   |  i0 + i1 * i2|
    |mac_muladd_8s_8s_16s_16_4_1_U57    |mac_muladd_8s_8s_16s_16_4_1   |  i0 + i1 * i2|
    |mac_muladd_8s_8s_16s_16_4_1_U58    |mac_muladd_8s_8s_16s_16_4_1   |  i0 + i1 * i2|
    |mac_muladd_8s_8s_16s_16_4_1_U61    |mac_muladd_8s_8s_16s_16_4_1   |  i0 + i1 * i2|
    |mac_muladd_8s_8s_16s_16_4_1_U62    |mac_muladd_8s_8s_16s_16_4_1   |  i0 + i1 * i2|
    |mac_muladd_8s_8s_16s_16_4_1_U63    |mac_muladd_8s_8s_16s_16_4_1   |  i0 + i1 * i2|
    |mac_muladd_8s_8s_16s_16_4_1_U64    |mac_muladd_8s_8s_16s_16_4_1   |  i0 + i1 * i2|
    |mac_muladd_8s_8s_16s_16_4_1_U67    |mac_muladd_8s_8s_16s_16_4_1   |  i0 + i1 * i2|
    |mac_muladd_8s_8s_16s_16_4_1_U68    |mac_muladd_8s_8s_16s_16_4_1   |  i0 + i1 * i2|
    |mac_muladd_8s_8s_16s_16_4_1_U69    |mac_muladd_8s_8s_16s_16_4_1   |  i0 + i1 * i2|
    |mac_muladd_8s_8s_16s_16_4_1_U70    |mac_muladd_8s_8s_16s_16_4_1   |  i0 + i1 * i2|
    |mac_muladd_8s_8s_16s_16_4_1_U73    |mac_muladd_8s_8s_16s_16_4_1   |  i0 + i1 * i2|
    |mac_muladd_8s_8s_16s_16_4_1_U74    |mac_muladd_8s_8s_16s_16_4_1   |  i0 + i1 * i2|
    |mac_muladd_8s_8s_16s_16_4_1_U75    |mac_muladd_8s_8s_16s_16_4_1   |  i0 + i1 * i2|
    |mac_muladd_8s_8s_16s_16_4_1_U76    |mac_muladd_8s_8s_16s_16_4_1   |  i0 + i1 * i2|
    |mac_muladd_8s_8s_16s_16_4_1_U79    |mac_muladd_8s_8s_16s_16_4_1   |  i0 + i1 * i2|
    |mac_muladd_8s_8s_16s_16_4_1_U80    |mac_muladd_8s_8s_16s_16_4_1   |  i0 + i1 * i2|
    |mac_muladd_8s_8s_16s_16_4_1_U81    |mac_muladd_8s_8s_16s_16_4_1   |  i0 + i1 * i2|
    |mac_muladd_8s_8s_16s_16_4_1_U82    |mac_muladd_8s_8s_16s_16_4_1   |  i0 + i1 * i2|
    |mac_muladd_8s_8s_16s_16_4_1_U83    |mac_muladd_8s_8s_16s_16_4_1   |  i0 + i1 * i2|
    |mac_muladd_8s_8s_16s_16_4_1_U84    |mac_muladd_8s_8s_16s_16_4_1   |  i0 + i1 * i2|
    |mac_muladd_8s_8s_16s_16_4_1_U85    |mac_muladd_8s_8s_16s_16_4_1   |  i0 + i1 * i2|
    |mac_muladd_8s_8s_16s_16_4_1_U88    |mac_muladd_8s_8s_16s_16_4_1   |  i0 + i1 * i2|
    |mac_muladd_8s_8s_16s_16_4_1_U89    |mac_muladd_8s_8s_16s_16_4_1   |  i0 + i1 * i2|
    |mac_muladd_8s_8s_16s_16_4_1_U90    |mac_muladd_8s_8s_16s_16_4_1   |  i0 + i1 * i2|
    |mac_muladd_8s_8s_16s_16_4_1_U91    |mac_muladd_8s_8s_16s_16_4_1   |  i0 + i1 * i2|
    |mac_muladd_8s_8s_16s_16_4_1_U92    |mac_muladd_8s_8s_16s_16_4_1   |  i0 + i1 * i2|
    |mac_muladd_8s_8s_16s_16_4_1_U95    |mac_muladd_8s_8s_16s_16_4_1   |  i0 + i1 * i2|
    |mac_muladd_8s_8s_16s_16_4_1_U96    |mac_muladd_8s_8s_16s_16_4_1   |  i0 + i1 * i2|
    |mac_muladd_8s_8s_16s_16_4_1_U97    |mac_muladd_8s_8s_16s_16_4_1   |  i0 + i1 * i2|
    |mac_muladd_8s_8s_16s_16_4_1_U98    |mac_muladd_8s_8s_16s_16_4_1   |  i0 + i1 * i2|
    |mac_muladd_8s_8s_16s_16_4_1_U101   |mac_muladd_8s_8s_16s_16_4_1   |  i0 + i1 * i2|
    |mac_muladd_8s_8s_16s_16_4_1_U102   |mac_muladd_8s_8s_16s_16_4_1   |  i0 + i1 * i2|
    |mac_muladd_8s_8s_16s_16_4_1_U103   |mac_muladd_8s_8s_16s_16_4_1   |  i0 + i1 * i2|
    |mac_muladd_8s_8s_16s_16_4_1_U104   |mac_muladd_8s_8s_16s_16_4_1   |  i0 + i1 * i2|
    |mac_muladd_8s_8s_16s_16_4_1_U107   |mac_muladd_8s_8s_16s_16_4_1   |  i0 + i1 * i2|
    |mac_muladd_8s_8s_16s_16_4_1_U108   |mac_muladd_8s_8s_16s_16_4_1   |  i0 + i1 * i2|
    |mac_muladd_8s_8s_16s_16_4_1_U110   |mac_muladd_8s_8s_16s_16_4_1   |  i0 + i1 * i2|
    |mac_muladd_8s_8s_16s_16_4_1_U112   |mac_muladd_8s_8s_16s_16_4_1   |  i0 + i1 * i2|
    |mac_muladd_8s_8s_16s_16_4_1_U114   |mac_muladd_8s_8s_16s_16_4_1   |  i0 + i1 * i2|
    |mac_muladd_8s_8s_16s_16_4_1_U116   |mac_muladd_8s_8s_16s_16_4_1   |  i0 + i1 * i2|
    |mac_muladd_8s_8s_16s_16_4_1_U117   |mac_muladd_8s_8s_16s_16_4_1   |  i0 + i1 * i2|
    |mac_muladd_8s_8s_16s_16_4_1_U118   |mac_muladd_8s_8s_16s_16_4_1   |  i0 + i1 * i2|
    |mac_muladd_8s_8s_16s_16_4_1_U122   |mac_muladd_8s_8s_16s_16_4_1   |  i0 + i1 * i2|
    |mac_muladd_8s_8s_16s_16_4_1_U124   |mac_muladd_8s_8s_16s_16_4_1   |  i0 + i1 * i2|
    +-----------------------------------+------------------------------+--------------+

    * Memory: 
    N/A

    * FIFO: 
    N/A

    * Expression: 
    +------------------------+----------+----+---+----+------------+------------+
    |      Variable Name     | Operation| DSP| FF| LUT| Bitwidth P0| Bitwidth P1|
    +------------------------+----------+----+---+----+------------+------------+
    |add_ln16_11_fu_968_p2   |         +|   0|  0|  23|          16|          16|
    |add_ln16_15_fu_995_p2   |         +|   0|  0|  23|          16|          16|
    |add_ln16_19_fu_999_p2   |         +|   0|  0|  23|          16|          16|
    |add_ln16_23_fu_1003_p2  |         +|   0|  0|  23|          16|          16|
    |add_ln16_27_fu_1007_p2  |         +|   0|  0|  23|          16|          16|
    |add_ln16_31_fu_1030_p2  |         +|   0|  0|  23|          16|          16|
    |add_ln16_35_fu_1034_p2  |         +|   0|  0|  23|          16|          16|
    |add_ln16_39_fu_1038_p2  |         +|   0|  0|  23|          16|          16|
    |add_ln16_3_fu_960_p2    |         +|   0|  0|  23|          16|          16|
    |add_ln16_43_fu_1042_p2  |         +|   0|  0|  23|          16|          16|
    |add_ln16_47_fu_1072_p2  |         +|   0|  0|  23|          16|          16|
    |add_ln16_51_fu_1076_p2  |         +|   0|  0|  23|          16|          16|
    |add_ln16_55_fu_1080_p2  |         +|   0|  0|  23|          16|          16|
    |add_ln16_59_fu_1084_p2  |         +|   0|  0|  23|          16|          16|
    |add_ln16_63_fu_1113_p2  |         +|   0|  0|  23|          16|          16|
    |add_ln16_67_fu_1117_p2  |         +|   0|  0|  23|          16|          16|
    |add_ln16_71_fu_1121_p2  |         +|   0|  0|  23|          16|          16|
    |add_ln16_75_fu_1133_p2  |         +|   0|  0|  23|          16|          16|
    |add_ln16_79_fu_1137_p2  |         +|   0|  0|  23|          16|          16|
    |add_ln16_7_fu_964_p2    |         +|   0|  0|  23|          16|          16|
    |add_ln16_83_fu_1141_p2  |         +|   0|  0|  23|          16|          16|
    |add_ln16_87_fu_1145_p2  |         +|   0|  0|  23|          16|          16|
    |add_ln16_91_fu_1149_p2  |         +|   0|  0|  23|          16|          16|
    |add_ln16_95_fu_1153_p2  |         +|   0|  0|  23|          16|          16|
    |add_ln16_99_fu_1157_p2  |         +|   0|  0|  23|          16|          16|
    |ap_enable_pp0           |       xor|   0|  0|   6|           1|           2|
    +------------------------+----------+----+---+----+------------+------------+
    |Total                   |          |   0|  0| 581|         401|         402|
    +------------------------+----------+----+---+----+------------+------------+

    * Multiplexer: 
    +-------------------------+----+-----------+-----+-----------+
    |           Name          | LUT| Input Size| Bits| Total Bits|
    +-------------------------+----+-----------+-----+-----------+
    |a_address0_local         |  17|          4|    3|         12|
    |a_address1_local         |  13|          3|    3|          9|
    |ap_NS_fsm                |  57|         14|    1|         14|
    |ap_enable_reg_pp0_iter0  |   9|          2|    1|          2|
    |ap_enable_reg_pp0_iter1  |   9|          2|    1|          2|
    |b_address0_local         |  17|          4|    3|         12|
    |b_address1_local         |  13|          3|    3|          9|
    |prod_address0_local      |  57|         14|    5|         70|
    |prod_address1_local      |  53|         13|    5|         65|
    |prod_d0_local            |  57|         14|   16|        224|
    |prod_d1_local            |  53|         13|   16|        208|
    +-------------------------+----+-----------+-----+-----------+
    |Total                    | 355|         86|   57|        627|
    +-------------------------+----+-----------+-----+-----------+

    * Register: 
    +-----------------------------+----+----+-----+-----------+
    |             Name            | FF | LUT| Bits| Const Bits|
    +-----------------------------+----+----+-----+-----------+
    |add_ln16_10_reg_2253         |  16|   0|   16|          0|
    |add_ln16_11_reg_2516         |  16|   0|   16|          0|
    |add_ln16_13_reg_2097         |  16|   0|   16|          0|
    |add_ln16_14_reg_2258         |  16|   0|   16|          0|
    |add_ln16_15_reg_2573         |  16|   0|   16|          0|
    |add_ln16_17_reg_2168         |  16|   0|   16|          0|
    |add_ln16_18_reg_2371         |  16|   0|   16|          0|
    |add_ln16_19_reg_2578         |  16|   0|   16|          0|
    |add_ln16_1_reg_2011          |  16|   0|   16|          0|
    |add_ln16_21_reg_2051         |  16|   0|   16|          0|
    |add_ln16_22_reg_2385         |  16|   0|   16|          0|
    |add_ln16_23_reg_2583         |  16|   0|   16|          0|
    |add_ln16_25_reg_2056         |  16|   0|   16|          0|
    |add_ln16_26_reg_2467         |  16|   0|   16|          0|
    |add_ln16_27_reg_2588         |  16|   0|   16|          0|
    |add_ln16_29_reg_2120         |  16|   0|   16|          0|
    |add_ln16_2_reg_2158          |  16|   0|   16|          0|
    |add_ln16_30_reg_2472         |  16|   0|   16|          0|
    |add_ln16_31_reg_2632         |  16|   0|   16|          0|
    |add_ln16_33_reg_2125         |  16|   0|   16|          0|
    |add_ln16_34_reg_2531         |  16|   0|   16|          0|
    |add_ln16_35_reg_2637         |  16|   0|   16|          0|
    |add_ln16_37_reg_2173         |  16|   0|   16|          0|
    |add_ln16_38_reg_2541         |  16|   0|   16|          0|
    |add_ln16_39_reg_2642         |  16|   0|   16|          0|
    |add_ln16_3_reg_2506          |  16|   0|   16|          0|
    |add_ln16_41_reg_2178         |  16|   0|   16|          0|
    |add_ln16_42_reg_2593         |  16|   0|   16|          0|
    |add_ln16_43_reg_2647         |  16|   0|   16|          0|
    |add_ln16_45_reg_2183         |  16|   0|   16|          0|
    |add_ln16_46_reg_2603         |  16|   0|   16|          0|
    |add_ln16_47_reg_2696         |  16|   0|   16|          0|
    |add_ln16_49_reg_2263         |  16|   0|   16|          0|
    |add_ln16_50_reg_2652         |  16|   0|   16|          0|
    |add_ln16_51_reg_2701         |  16|   0|   16|          0|
    |add_ln16_53_reg_2268         |  16|   0|   16|          0|
    |add_ln16_54_reg_2657         |  16|   0|   16|          0|
    |add_ln16_55_reg_2706         |  16|   0|   16|          0|
    |add_ln16_57_reg_2273         |  16|   0|   16|          0|
    |add_ln16_59_reg_2711         |  16|   0|   16|          0|
    |add_ln16_5_reg_2016          |  16|   0|   16|          0|
    |add_ln16_61_reg_2278         |  16|   0|   16|          0|
    |add_ln16_62_reg_2716         |  16|   0|   16|          0|
    |add_ln16_63_reg_2756         |  16|   0|   16|          0|
    |add_ln16_65_reg_2399         |  16|   0|   16|          0|
    |add_ln16_67_reg_2761         |  16|   0|   16|          0|
    |add_ln16_69_reg_2404         |  16|   0|   16|          0|
    |add_ln16_6_reg_2163          |  16|   0|   16|          0|
    |add_ln16_71_reg_2766         |  16|   0|   16|          0|
    |add_ln16_72_reg_2771         |  16|   0|   16|          0|
    |add_ln16_73_reg_2409         |  16|   0|   16|          0|
    |add_ln16_75_reg_2786         |  16|   0|   16|          0|
    |add_ln16_77_reg_2414         |  16|   0|   16|          0|
    |add_ln16_79_reg_2791         |  16|   0|   16|          0|
    |add_ln16_7_reg_2511          |  16|   0|   16|          0|
    |add_ln16_80_reg_2796         |  16|   0|   16|          0|
    |add_ln16_81_reg_2486         |  16|   0|   16|          0|
    |add_ln16_83_reg_2811         |  16|   0|   16|          0|
    |add_ln16_84_reg_2801         |  16|   0|   16|          0|
    |add_ln16_85_reg_2491         |  16|   0|   16|          0|
    |add_ln16_87_reg_2816         |  16|   0|   16|          0|
    |add_ln16_88_reg_2806         |  16|   0|   16|          0|
    |add_ln16_89_reg_2496         |  16|   0|   16|          0|
    |add_ln16_91_reg_2821         |  16|   0|   16|          0|
    |add_ln16_93_reg_2501         |  16|   0|   16|          0|
    |add_ln16_95_reg_2826         |  16|   0|   16|          0|
    |add_ln16_96_reg_2831         |  16|   0|   16|          0|
    |add_ln16_97_reg_2568         |  16|   0|   16|          0|
    |add_ln16_99_reg_2836         |  16|   0|   16|          0|
    |add_ln16_9_reg_2092          |  16|   0|   16|          0|
    |ap_CS_fsm                    |  13|   0|   13|          0|
    |ap_enable_reg_pp0_iter0_reg  |   1|   0|    1|          0|
    |ap_enable_reg_pp0_iter1      |   1|   0|    1|          0|
    |mul_ln16_101_reg_2732        |  16|   0|   16|          0|
    |mul_ln16_103_reg_2288        |  16|   0|   16|          0|
    |mul_ln16_106_reg_2746        |  16|   0|   16|          0|
    |mul_ln16_108_reg_2293        |  16|   0|   16|          0|
    |mul_ln16_111_reg_2751        |  16|   0|   16|          0|
    |mul_ln16_113_reg_2298        |  16|   0|   16|          0|
    |mul_ln16_116_reg_2776        |  16|   0|   16|          0|
    |mul_ln16_118_reg_2303        |  16|   0|   16|          0|
    |mul_ln16_11_reg_2348         |  16|   0|   16|          0|
    |mul_ln16_121_reg_2781        |  16|   0|   16|          0|
    |mul_ln16_123_reg_2419        |  16|   0|   16|          0|
    |mul_ln16_13_reg_1931         |  16|   0|   16|          0|
    |mul_ln16_16_reg_2432         |  16|   0|   16|          0|
    |mul_ln16_18_reg_1943         |  16|   0|   16|          0|
    |mul_ln16_1_reg_2322          |  16|   0|   16|          0|
    |mul_ln16_21_reg_2445         |  16|   0|   16|          0|
    |mul_ln16_23_reg_2046         |  16|   0|   16|          0|
    |mul_ln16_26_reg_2457         |  16|   0|   16|          0|
    |mul_ln16_28_reg_1842         |  16|   0|   16|          0|
    |mul_ln16_31_reg_2462         |  16|   0|   16|          0|
    |mul_ln16_33_reg_1847         |  16|   0|   16|          0|
    |mul_ln16_36_reg_2521         |  16|   0|   16|          0|
    |mul_ln16_38_reg_1967         |  16|   0|   16|          0|
    |mul_ln16_3_reg_1765          |  16|   0|   16|          0|
    |mul_ln16_41_reg_2526         |  16|   0|   16|          0|
    |mul_ln16_43_reg_1972         |  16|   0|   16|          0|
    |mul_ln16_46_reg_2536         |  16|   0|   16|          0|
    |mul_ln16_48_reg_2061         |  16|   0|   16|          0|
    |mul_ln16_51_reg_2554         |  16|   0|   16|          0|
    |mul_ln16_53_reg_2073         |  16|   0|   16|          0|
    |mul_ln16_56_reg_2598         |  16|   0|   16|          0|
    |mul_ln16_58_reg_2078         |  16|   0|   16|          0|
    |mul_ln16_61_reg_2608         |  16|   0|   16|          0|
    |mul_ln16_63_reg_2130         |  16|   0|   16|          0|
    |mul_ln16_66_reg_2613         |  16|   0|   16|          0|
    |mul_ln16_68_reg_2135         |  16|   0|   16|          0|
    |mul_ln16_6_reg_2335          |  16|   0|   16|          0|
    |mul_ln16_71_reg_2618         |  16|   0|   16|          0|
    |mul_ln16_73_reg_2140         |  16|   0|   16|          0|
    |mul_ln16_76_reg_2667         |  16|   0|   16|          0|
    |mul_ln16_78_reg_2153         |  16|   0|   16|          0|
    |mul_ln16_81_reg_2672         |  16|   0|   16|          0|
    |mul_ln16_83_reg_2188         |  16|   0|   16|          0|
    |mul_ln16_86_reg_2677         |  16|   0|   16|          0|
    |mul_ln16_88_reg_2193         |  16|   0|   16|          0|
    |mul_ln16_8_reg_1777          |  16|   0|   16|          0|
    |mul_ln16_91_reg_2682         |  16|   0|   16|          0|
    |mul_ln16_93_reg_2198         |  16|   0|   16|          0|
    |mul_ln16_96_reg_2721         |  16|   0|   16|          0|
    |mul_ln16_98_reg_2203         |  16|   0|   16|          0|
    |reg_594                      |   8|   0|    8|          0|
    |reg_598                      |   8|   0|    8|          0|
    |reg_602                      |   8|   0|    8|          0|
    |reg_606                      |   8|   0|    8|          0|
    |reg_610                      |   8|   0|    8|          0|
    |sext_ln16_10_reg_2235        |  16|   0|   16|          0|
    |sext_ln16_11_reg_2327        |  16|   0|   16|          0|
    |sext_ln16_12_reg_1915        |  16|   0|   16|          0|
    |sext_ln16_13_reg_1770        |  16|   0|   16|          0|
    |sext_ln16_14_reg_1698        |  16|   0|   16|          0|
    |sext_ln16_15_reg_2244        |  16|   0|   16|          0|
    |sext_ln16_16_reg_2340        |  16|   0|   16|          0|
    |sext_ln16_17_reg_2021        |  16|   0|   16|          0|
    |sext_ln16_18_reg_1924        |  16|   0|   16|          0|
    |sext_ln16_19_reg_1797        |  16|   0|   16|          0|
    |sext_ln16_1_reg_2226         |  16|   0|   16|          0|
    |sext_ln16_20_reg_2353        |  16|   0|   16|          0|
    |sext_ln16_21_reg_2424        |  16|   0|   16|          0|
    |sext_ln16_22_reg_2030        |  16|   0|   16|          0|
    |sext_ln16_23_reg_1936        |  16|   0|   16|          0|
    |sext_ln16_24_reg_1821        |  16|   0|   16|          0|
    |sext_ln16_25_reg_2362        |  16|   0|   16|          0|
    |sext_ln16_26_reg_2437        |  16|   0|   16|          0|
    |sext_ln16_27_reg_2102        |  16|   0|   16|          0|
    |sext_ln16_28_reg_2039        |  16|   0|   16|          0|
    |sext_ln16_29_reg_1958        |  16|   0|   16|          0|
    |sext_ln16_2_reg_2308         |  16|   0|   16|          0|
    |sext_ln16_30_reg_2376        |  16|   0|   16|          0|
    |sext_ln16_31_reg_2450        |  16|   0|   16|          0|
    |sext_ln16_32_reg_2111        |  16|   0|   16|          0|
    |sext_ln16_33_reg_1835        |  16|   0|   16|          0|
    |sext_ln16_34_reg_1732        |  16|   0|   16|          0|
    |sext_ln16_35_reg_2477        |  16|   0|   16|          0|
    |sext_ln16_36_reg_2546        |  16|   0|   16|          0|
    |sext_ln16_37_reg_2390        |  16|   0|   16|          0|
    |sext_ln16_38_reg_2066        |  16|   0|   16|          0|
    |sext_ln16_39_reg_1977        |  16|   0|   16|          0|
    |sext_ln16_3_reg_2314         |  16|   0|   16|          0|
    |sext_ln16_40_reg_2623        |  16|   0|   16|          0|
    |sext_ln16_41_reg_2662        |  16|   0|   16|          0|
    |sext_ln16_42_reg_2559        |  16|   0|   16|          0|
    |sext_ln16_43_reg_2145        |  16|   0|   16|          0|
    |sext_ln16_44_reg_2083        |  16|   0|   16|          0|
    |sext_ln16_45_reg_2687        |  16|   0|   16|          0|
    |sext_ln16_46_reg_2726        |  16|   0|   16|          0|
    |sext_ln16_47_reg_2737        |  16|   0|   16|          0|
    |sext_ln16_48_reg_2283        |  16|   0|   16|          0|
    |sext_ln16_49_reg_2208        |  16|   0|   16|          0|
    |sext_ln16_4_reg_1897         |  16|   0|   16|          0|
    |sext_ln16_5_reg_1906         |  16|   0|   16|          0|
    |sext_ln16_6_reg_1751         |  16|   0|   16|          0|
    |sext_ln16_7_reg_1758         |  16|   0|   16|          0|
    |sext_ln16_8_reg_1670         |  16|   0|   16|          0|
    |sext_ln16_9_reg_1679         |  16|   0|   16|          0|
    |sext_ln16_reg_2217           |  16|   0|   16|          0|
    |tmp1_reg_1650                |   8|   0|    8|          0|
    |tmp_11_reg_1787              |   8|   0|    8|          0|
    |tmp_12_reg_1792              |   8|   0|    8|          0|
    |tmp_15_reg_1811              |   8|   0|    8|          0|
    |tmp_16_reg_1816              |   8|   0|    8|          0|
    |tmp_19_reg_1953              |   8|   0|    8|          0|
    |tmp_1_reg_1660               |   8|   0|    8|          0|
    |tmp_23_reg_1722              |   8|   0|    8|          0|
    |tmp_24_reg_1727              |   8|   0|    8|          0|
    |tmp_27_reg_1857              |   8|   0|    8|          0|
    |tmp_28_reg_1862              |   8|   0|    8|          0|
    |tmp_2_reg_1665               |   8|   0|    8|          0|
    |tmp_30_reg_1867              |   8|   0|    8|          0|
    |tmp_31_reg_1877              |   8|   0|    8|          0|
    |tmp_32_reg_1882              |   8|   0|    8|          0|
    |tmp_34_reg_1887              |   8|   0|    8|          0|
    |tmp_35_reg_1991              |   8|   0|    8|          0|
    |tmp_36_reg_1996              |   8|   0|    8|          0|
    |tmp_37_reg_2001              |   8|   0|    8|          0|
    |tmp_38_reg_2006              |   8|   0|    8|          0|
    |tmp_7_reg_1693               |   8|   0|    8|          0|
    |tmp_s_reg_1655               |   8|   0|    8|          0|
    |trunc_ln16_1_reg_1645        |   8|   0|    8|          0|
    |trunc_ln16_2_reg_1688        |   8|   0|    8|          0|
    |trunc_ln16_3_reg_1782        |   8|   0|    8|          0|
    |trunc_ln16_4_reg_1806        |   8|   0|    8|          0|
    |trunc_ln16_5_reg_1948        |   8|   0|    8|          0|
    |trunc_ln16_6_reg_1717        |   8|   0|    8|          0|
    |trunc_ln16_7_reg_1852        |   8|   0|    8|          0|
    |trunc_ln16_8_reg_1872        |   8|   0|    8|          0|
    |trunc_ln16_9_reg_1986        |   8|   0|    8|          0|
    |trunc_ln16_reg_1640          |   8|   0|    8|          0|
    +-----------------------------+----+----+-----+-----------+
    |Total                        |3031|   0| 3031|          0|
    +-----------------------------+----+----+-----+-----------+



================================================================
== Interface
================================================================
* Summary: 
+---------------+-----+-----+------------+--------------+--------------+
|   RTL Ports   | Dir | Bits|  Protocol  | Source Object|    C Type    |
+---------------+-----+-----+------------+--------------+--------------+
|ap_clk         |   in|    1|  ap_ctrl_hs|   matrix_mult|  return value|
|ap_rst         |   in|    1|  ap_ctrl_hs|   matrix_mult|  return value|
|ap_start       |   in|    1|  ap_ctrl_hs|   matrix_mult|  return value|
|ap_done        |  out|    1|  ap_ctrl_hs|   matrix_mult|  return value|
|ap_idle        |  out|    1|  ap_ctrl_hs|   matrix_mult|  return value|
|ap_ready       |  out|    1|  ap_ctrl_hs|   matrix_mult|  return value|
|a_address0     |  out|    3|   ap_memory|             a|         array|
|a_ce0          |  out|    1|   ap_memory|             a|         array|
|a_q0           |   in|   40|   ap_memory|             a|         array|
|a_address1     |  out|    3|   ap_memory|             a|         array|
|a_ce1          |  out|    1|   ap_memory|             a|         array|
|a_q1           |   in|   40|   ap_memory|             a|         array|
|b_address0     |  out|    3|   ap_memory|             b|         array|
|b_ce0          |  out|    1|   ap_memory|             b|         array|
|b_q0           |   in|   40|   ap_memory|             b|         array|
|b_address1     |  out|    3|   ap_memory|             b|         array|
|b_ce1          |  out|    1|   ap_memory|             b|         array|
|b_q1           |   in|   40|   ap_memory|             b|         array|
|prod_address0  |  out|    5|   ap_memory|          prod|         array|
|prod_ce0       |  out|    1|   ap_memory|          prod|         array|
|prod_we0       |  out|    1|   ap_memory|          prod|         array|
|prod_d0        |  out|   16|   ap_memory|          prod|         array|
|prod_address1  |  out|    5|   ap_memory|          prod|         array|
|prod_ce1       |  out|    1|   ap_memory|          prod|         array|
|prod_we1       |  out|    1|   ap_memory|          prod|         array|
|prod_d1        |  out|   16|   ap_memory|          prod|         array|
+---------------+-----+-----+------------+--------------+--------------+

